 zlibwapi

 Timestamp is 6050d8be (Tue Mar 16 10:11:42 2021)

 Preferred load address is 10000000

 Start         Length     Name                   Class
 0001:00000000 0005da85H .text$mn                CODE
 0001:0005da85 0000003eH .text$x                 CODE
 0002:00000000 00000164H .idata$5                DATA
 0002:00000164 00000004H .00cfg                  DATA
 0002:00000168 00000004H .CRT$XCA                DATA
 0002:0000016c 00000004H .CRT$XCZ                DATA
 0002:00000170 00000004H .CRT$XIA                DATA
 0002:00000174 0000000cH .CRT$XIC                DATA
 0002:00000180 00000004H .CRT$XIZ                DATA
 0002:00000184 00000004H .CRT$XPA                DATA
 0002:00000188 00000008H .CRT$XPX                DATA
 0002:00000190 00000004H .CRT$XPXA               DATA
 0002:00000194 00000004H .CRT$XPZ                DATA
 0002:00000198 00000004H .CRT$XTA                DATA
 0002:0000019c 00000004H .CRT$XTZ                DATA
 0002:000001a0 00000000H .gfids$y                DATA
 0002:000001a0 0000beb4H .rdata                  DATA
 0002:0000c054 000002a0H .rdata$r                DATA
 0002:0000c2f4 00000318H .rdata$zzzdbg           DATA
 0002:0000c60c 00000004H .rtc$IAA                DATA
 0002:0000c610 00000004H .rtc$IZZ                DATA
 0002:0000c614 00000004H .rtc$TAA                DATA
 0002:0000c618 00000008H .rtc$TZZ                DATA
 0002:0000c620 00000a70H .xdata$x                DATA
 0002:0000d090 00000cfcH .edata                  DATA
 0002:0000dd8c 00000014H .idata$2                DATA
 0002:0000dda0 00000014H .idata$3                DATA
 0002:0000ddb4 00000164H .idata$4                DATA
 0002:0000df18 00000680H .idata$6                DATA
 0003:00000000 000008d4H .data                   DATA
 0003:000008d4 0000010cH .data$r                 DATA
 0003:000009e0 000012a0H .bss                    DATA
 0004:00000000 00000103H .msvcjmc                DATA
 0005:00000000 00000060H .rsrc$01                DATA
 0005:00000060 00000338H .rsrc$02                DATA

  Address         Publics by Value              Rva+Base       Lib:Object

 0000:00000000       ___hybrid_code_map         00000000     <absolute>
 0000:00000000       ___guard_iat_table         00000000     <absolute>
 0000:00000000       ___guard_fids_table        00000000     <absolute>
 0000:00000000       ___guard_iat_count         00000000     <absolute>
 0000:00000000       ___volatile_metadata       00000000     <absolute>
 0000:00000000       __except_list              00000000     <absolute>
 0000:00000000       ___hybrid_auxiliary_iat    00000000     <absolute>
 0000:00000000       ___hybrid_code_map_count   00000000     <absolute>
 0000:00000000       ___enclave_config          00000000     <absolute>
 0000:00000000       ___dynamic_value_reloc_table 00000000     <absolute>
 0000:00000000       ___AbsoluteZero            00000000     <absolute>
 0000:00000000       ___safe_se_handler_count   00000000     <absolute>
 0000:00000000       ___guard_longjmp_table     00000000     <absolute>
 0000:00000000       ___guard_longjmp_count     00000000     <absolute>
 0000:00000000       ___guard_fids_count        00000000     <absolute>
 0000:00000000       ___safe_se_handler_table   00000000     <absolute>
 0000:00000100       ___guard_flags             00000100     <absolute>
 0000:00000000       ___ImageBase               10000000     <linker-defined>
 0001:00000000       _adler32_z@12              10001000 f   adler32.obj
 0001:000005d0       _adler32@12                100015d0 f   adler32.obj
 0001:00000730       _adler32_combine@12        10001730 f   adler32.obj
 0001:00000760       _compress2@20              10001760 f   compress.obj
 0001:000008e0       _compress@16               100018e0 f   compress.obj
 0001:00000910       _compressBound@4           10001910 f   compress.obj
 0001:00000950       _get_crc_table@0           10001950 f   crc32.obj
 0001:00000970       _crc32_z@12                10001970 f   crc32.obj
 0001:00000be0       _crc32@12                  10001be0 f   crc32.obj
 0001:000019d0       _crc32_combine@12          100029d0 f   crc32.obj
 0001:00001af0       _deflateInit_@16           10002af0 f   deflate.obj
 0001:00001b30       _deflateInit2_@32          10002b30 f   deflate.obj
 0001:00001fa0       _deflateSetDictionary@12   10002fa0 f   deflate.obj
 0001:00002230       _deflateGetDictionary@12   10003230 f   deflate.obj
 0001:000022f0       _deflateResetKeep@4        100032f0 f   deflate.obj
 0001:00002420       _deflateReset@4            10003420 f   deflate.obj
 0001:00002470       _deflateSetHeader@8        10003470 f   deflate.obj
 0001:000024c0       _deflatePending@12         100034c0 f   deflate.obj
 0001:00002520       _deflatePrime@12           10003520 f   deflate.obj
 0001:00002620       _deflateParams@12          10003620 f   deflate.obj
 0001:00002800       _deflateTune@20            10003800 f   deflate.obj
 0001:00002880       _deflateBound@8            10003880 f   deflate.obj
 0001:00002b90       _deflate@8                 10003b90 f   deflate.obj
 0001:00003c00       _deflateEnd@4              10004c00 f   deflate.obj
 0001:00003d60       _deflateCopy@8             10004d60 f   deflate.obj
 0001:00006290       _gzclose@4                 10007290 f   gzclose.obj
 0001:00006300       ___local_stdio_printf_options 10007300 f i gzlib.obj
 0001:00006320       _vsnprintf                 10007320 f i gzlib.obj
 0001:00006390       _snprintf                  10007390 f i gzlib.obj
 0001:00006930       _gzopen@8                  10007930 f   gzlib.obj
 0001:00006960       _gzdopen@8                 10007960 f   gzlib.obj
 0001:000069f0       _gzopen_w@8                100079f0 f   gzlib.obj
 0001:00006a20       _gzbuffer@8                10007a20 f   gzlib.obj
 0001:00006ab0       _gzrewind@4                10007ab0 f   gzlib.obj
 0001:00006b60       _gzseek64@16               10007b60 f   gzlib.obj
 0001:00006e70       _gzseek@12                 10007e70 f   gzlib.obj
 0001:00006ef0       _gztell64@4                10007ef0 f   gzlib.obj
 0001:00006f90       _gztell@4                  10007f90 f   gzlib.obj
 0001:00007000       _gzoffset64@4              10008000 f   gzlib.obj
 0001:000070c0       _gzoffset@4                100080c0 f   gzlib.obj
 0001:00007130       _gzeof@4                   10008130 f   gzlib.obj
 0001:000071b0       _gzerror@8                 100081b0 f   gzlib.obj
 0001:00007260       _gzclearerr@4              10008260 f   gzlib.obj
 0001:000072e0       _gz_error                  100082e0 f   gzlib.obj
 0001:00007e00       _gzread@12                 10008e00 f   gzread.obj
 0001:00007eb0       _gzfread@16                10008eb0 f   gzread.obj
 0001:00007f80       _gzgetc@4                  10008f80 f   gzread.obj
 0001:000080b0       _gzgetc_@4                 100090b0 f   gzread.obj
 0001:000080e0       _gzungetc@8                100090e0 f   gzread.obj
 0001:000082e0       _gzgets@12                 100092e0 f   gzread.obj
 0001:000084c0       _gzdirect@4                100094c0 f   gzread.obj
 0001:00008530       _gzclose_r@4               10009530 f   gzread.obj
 0001:00008d60       _gzwrite@12                10009d60 f   gzwrite.obj
 0001:00008de0       _gzfwrite@16               10009de0 f   gzwrite.obj
 0001:00008eb0       _gzputc@8                  10009eb0 f   gzwrite.obj
 0001:00009030       _gzputs@8                  1000a030 f   gzwrite.obj
 0001:000090d0       _gzvprintf                 1000a0d0 f   gzwrite.obj
 0001:00009310       _gzprintf                  1000a310 f   gzwrite.obj
 0001:00009370       _gzflush@8                 1000a370 f   gzwrite.obj
 0001:00009430       _gzsetparams@12            1000a430 f   gzwrite.obj
 0001:00009550       _gzclose_w@4               1000a550 f   gzwrite.obj
 0001:00009690       _inflateBackInit_@20       1000a690 f   infback.obj
 0001:00009810       _inflateBack@20            1000a810 f   infback.obj
 0001:0000ad10       _inflateBackEnd@4          1000bd10 f   infback.obj
 0001:0000ae00       _inflateResetKeep@4        1000be00 f   inflate.obj
 0001:0000af20       _inflateReset@4            1000bf20 f   inflate.obj
 0001:0000af90       _inflateReset2@8           1000bf90 f   inflate.obj
 0001:0000b090       _inflateInit2_@16          1000c090 f   inflate.obj
 0001:0000b1e0       _inflateInit_@12           1000c1e0 f   inflate.obj
 0001:0000b210       _inflatePrime@12           1000c210 f   inflate.obj
 0001:0000b4d0       _inflate@8                 1000c4d0 f   inflate.obj
 0001:0000d770       _inflateEnd@4              1000e770 f   inflate.obj
 0001:0000d810       _inflateGetDictionary@12   1000e810 f   inflate.obj
 0001:0000d8d0       _inflateSetDictionary@12   1000e8d0 f   inflate.obj
 0001:0000d9d0       _inflateGetHeader@8        1000e9d0 f   inflate.obj
 0001:0000db00       _inflateSync@4             1000eb00 f   inflate.obj
 0001:0000dcf0       _inflateSyncPoint@4        1000ecf0 f   inflate.obj
 0001:0000dd70       _inflateCopy@8             1000ed70 f   inflate.obj
 0001:0000df70       _inflateUndermine@8        1000ef70 f   inflate.obj
 0001:0000dfd0       _inflateValidate@8         1000efd0 f   inflate.obj
 0001:0000e040       _inflateMark@4             1000f040 f   inflate.obj
 0001:0000e0f0       _inflateCodesUsed@4        1000f0f0 f   inflate.obj
 0001:0000e150       _inflate_table             1000f150 f   inftrees.obj
 0001:0000e780       _call_zopen64              1000f780 f   ioapi.obj
 0001:0000e7f0       _call_zseek64              1000f7f0 f   ioapi.obj
 0001:0000e8b0       _call_ztell64              1000f8b0 f   ioapi.obj
 0001:0000e940       _fill_zlib_filefunc64_32_def_from_filefunc32 1000f940 f   ioapi.obj
 0001:0000ede0       _fill_fopen64_filefunc     1000fde0 f   ioapi.obj
 0001:0000efb0       _win32_open64_file_func    1000ffb0 f   iowin32.obj
 0001:0000f0e0       _win32_open64_file_funcA   100100e0 f   iowin32.obj
 0001:0000f210       _win32_open64_file_funcW   10010210 f   iowin32.obj
 0001:0000f340       _win32_open_file_func      10010340 f   iowin32.obj
 0001:0000f470       _win32_read_file_func      10010470 f   iowin32.obj
 0001:0000f540       _win32_write_file_func     10010540 f   iowin32.obj
 0001:0000f6e0       _win32_tell_file_func      100106e0 f   iowin32.obj
 0001:0000f7c0       _win32_tell64_file_func    100107c0 f   iowin32.obj
 0001:0000f8c0       _win32_seek_file_func      100108c0 f   iowin32.obj
 0001:0000f9f0       _win32_seek64_file_func    100109f0 f   iowin32.obj
 0001:0000fb20       _win32_close_file_func     10010b20 f   iowin32.obj
 0001:0000fba0       _win32_error_file_func     10010ba0 f   iowin32.obj
 0001:0000fbe0       _fill_win32_filefunc       10010be0 f   iowin32.obj
 0001:0000fc50       _fill_win32_filefunc64     10010c50 f   iowin32.obj
 0001:0000fcc0       _fill_win32_filefunc64A    10010cc0 f   iowin32.obj
 0001:0000fd30       _fill_win32_filefunc64W    10010d30 f   iowin32.obj
 0001:0000fdc0       __tr_init                  10010dc0 f   trees.obj
 0001:00011c80       __tr_stored_block          10012c80 f   trees.obj
 0001:00011ea0       __tr_flush_bits            10012ea0 f   trees.obj
 0001:00011ed0       __tr_align                 10012ed0 f   trees.obj
 0001:00012160       __tr_flush_block           10013160 f   trees.obj
 0001:000130a0       _uncompress2@16            100140a0 f   uncompr.obj
 0001:00013290       _uncompress@16             10014290 f   uncompr.obj
 0001:00013890       _unzStringFileNameCompare@12 10014890 f   unzip.obj
 0001:00014690       _unzOpen2@8                10015690 f   unzip.obj
 0001:00014740       _unzOpen2_64@8             10015740 f   unzip.obj
 0001:00014800       _unzOpen@4                 10015800 f   unzip.obj
 0001:00014830       _unzOpen64@4               10015830 f   unzip.obj
 0001:00014860       _unzClose@4                10015860 f   unzip.obj
 0001:000148f0       _unzGetGlobalInfo64@8      100158f0 f   unzip.obj
 0001:00014950       _unzGetGlobalInfo@8        10015950 f   unzip.obj
 0001:00015310       _unzGetCurrentFileInfo64@32 10016310 f   unzip.obj
 0001:00015360       _unzGetCurrentFileInfo@32  10016360 f   unzip.obj
 0001:000154b0       _unzGoToFirstFile@4        100164b0 f   unzip.obj
 0001:00015580       _unzGoToNextFile@4         10016580 f   unzip.obj
 0001:000156f0       _unzLocateFile@12          100166f0 f   unzip.obj
 0001:00015910       _unzGetFilePos64@8         10016910 f   unzip.obj
 0001:000159a0       _unzGetFilePos@8           100169a0 f   unzip.obj
 0001:00015a40       _unzGoToFilePos64@8        10016a40 f   unzip.obj
 0001:00015b10       _unzGoToFilePos@8          10016b10 f   unzip.obj
 0001:00015fb0       _unzOpenCurrentFile3@20    10016fb0 f   unzip.obj
 0001:000163b0       _unzOpenCurrentFile@4      100173b0 f   unzip.obj
 0001:000163e0       _unzOpenCurrentFilePassword@8 100173e0 f   unzip.obj
 0001:00016410       _unzOpenCurrentFile2@16    10017410 f   unzip.obj
 0001:00016440       _unzGetCurrentFileZStreamPos64@4 10017440 f   unzip.obj
 0001:000164c0       _unzReadCurrentFile@12     100174c0 f   unzip.obj
 0001:000169c0       _unztell@4                 100179c0 f   unzip.obj
 0001:00016a20       _unztell64@4               10017a20 f   unzip.obj
 0001:00016a90       _unzeof@4                  10017a90 f   unzip.obj
 0001:00016b20       _unzGetLocalExtrafield@12  10017b20 f   unzip.obj
 0001:00016c70       _unzCloseCurrentFile@4     10017c70 f   unzip.obj
 0001:00016d80       _unzGetGlobalComment@12    10017d80 f   unzip.obj
 0001:00018230       _LoadCentralDirectoryRecord 10019230 f   zip.obj
 0001:00018aa0       _zipOpen3@16               10019aa0 f   zip.obj
 0001:00018ce0       _zipOpen2@16               10019ce0 f   zip.obj
 0001:00018da0       _zipOpen2_64@16            10019da0 f   zip.obj
 0001:00018e70       _zipOpen@8                 10019e70 f   zip.obj
 0001:00018ea0       _zipOpen64@8               10019ea0 f   zip.obj
 0001:00018ed0       _Write_LocalFileHeader     10019ed0 f   zip.obj
 0001:000192a0       _zipOpenNewFileInZip4_64@76 1001a2a0 f   zip.obj
 0001:00019a50       _zipOpenNewFileInZip3@64   1001aa50 f   zip.obj
 0001:00019ac0       _zipOpenNewFileInZip3_64@68 1001aac0 f   zip.obj
 0001:00019b30       _zipOpenNewFileInZip2@44   1001ab30 f   zip.obj
 0001:00019b90       _zipOpenNewFileInZip2_64@48 1001ab90 f   zip.obj
 0001:00019bf0       _zipOpenNewFileInZip64@44  1001abf0 f   zip.obj
 0001:00019c50       _zipOpenNewFileInZip@40    1001ac50 f   zip.obj
 0001:00019e30       _zipWriteInFileInZip@12    1001ae30 f   zip.obj
 0001:0001a060       _zipCloseFileInZipRaw@12   1001b060 f   zip.obj
 0001:0001a090       _zipCloseFileInZipRaw64@16 1001b090 f   zip.obj
 0001:0001a7d0       _zipCloseFileInZip@4       1001b7d0 f   zip.obj
 0001:0001a800       _Write_Zip64EndOfCentralDirectoryLocator 1001b800 f   zip.obj
 0001:0001a8f0       _Write_Zip64EndOfCentralDirectoryRecord 1001b8f0 f   zip.obj
 0001:0001aac0       _Write_EndOfCentralDirectoryRecord 1001bac0 f   zip.obj
 0001:0001ace0       _Write_GlobalComment       1001bce0 f   zip.obj
 0001:0001ada0       _zipClose@8                1001bda0 f   zip.obj
 0001:0001aff0       _zlibVersion@0             1001bff0 f   zutil.obj
 0001:0001b010       _zlibCompileFlags@0        1001c010 f   zutil.obj
 0001:0001b160       _zError@4                  1001c160 f   zutil.obj
 0001:0001b190       _zcalloc                   1001c190 f   zutil.obj
 0001:0001b1c0       _zcfree                    1001c1c0 f   zutil.obj
 0001:0001b1f0       _longest_match             1001c1f0 f   match686.obj
 0001:0001b3d4       _match_init                1001c3d4 f   match686.obj
 0001:0001b4e0       _inflate_fast              1001c4e0 f   inffas32.obj
 0001:0001bb73       _ReadFile@20               1001cb73 f   kernel32:KERNEL32.dll
 0001:0001bb79       _WriteFile@20              1001cb79 f   kernel32:KERNEL32.dll
 0001:0001bb7f       _SetFilePointer@16         1001cb7f f   kernel32:KERNEL32.dll
 0001:0001bb85       _CreateFileW@28            1001cb85 f   kernel32:KERNEL32.dll
 0001:0001bb8b       _GetLastError@0            1001cb8b f   kernel32:KERNEL32.dll
 0001:0001bb91       _CreateFileA@28            1001cb91 f   kernel32:KERNEL32.dll
 0001:0001bb97       _CloseHandle@4             1001cb97 f   kernel32:KERNEL32.dll
 0001:0001beb8       __CRT_INIT@12              1001ceb8 f   LIBCMT:dll_dllmain.obj
 0001:0001bec1       __DllMainCRTStartup@12     1001cec1 f   LIBCMT:dll_dllmain.obj
 0001:0001bf31       ___security_init_cookie    1001cf31 f   LIBCMT:gs_support.obj
 0001:0001bf7c       _DllMain@12                1001cf7c f   LIBCMT:dll_dllmain_stub.obj
 0001:0001bf82       ?__scrt_initialize_type_info@@YAXXZ 1001cf82 f   LIBCMT:tncleanup.obj
 0001:0001bf8e       ?__scrt_uninitialize_type_info@@YAXXZ 1001cf8e f   LIBCMT:tncleanup.obj
 0001:0001bf9a       ___local_stdio_scanf_options 1001cf9a f i LIBCMT:default_local_stdio_options.obj
 0001:0001bfa0       ___scrt_initialize_default_local_stdio_options 1001cfa0 f   LIBCMT:default_local_stdio_options.obj
 0001:0001bfbd       ??$__crt_fast_decode_pointer@PAP6AXXZ@@YAPAP6AXXZQAP6AXXZ@Z 1001cfbd f i LIBCMT:utility.obj
 0001:0001bfd1       ??$__crt_fast_encode_pointer@PAP6AXXZ@@YAPAP6AXXZQAP6AXXZ@Z 1001cfd1 f i LIBCMT:utility.obj
 0001:0001bfee       ?__crt_rotate_pointer_value@@YAIIH@Z 1001cfee f i LIBCMT:utility.obj
 0001:0001bffb       ?configure_argv@__scrt_narrow_argv_policy@@SAHXZ 1001cffb f i LIBCMT:utility.obj
 0001:0001c04c       ?initialize_environment@__scrt_narrow_environment_policy@@SAHXZ 1001d04c f i LIBCMT:utility.obj
 0001:0001c085       _NtCurrentTeb              1001d085 f i LIBCMT:utility.obj
 0001:0001c08c       ___scrt_acquire_startup_lock 1001d08c f   LIBCMT:utility.obj
 0001:0001c0be       ___scrt_dllmain_after_initialize_c 1001d0be f   LIBCMT:utility.obj
 0001:0001c0e9       ___scrt_dllmain_before_initialize_c 1001d0e9 f   LIBCMT:utility.obj
 0001:0001c0f7       ___scrt_dllmain_crt_thread_attach 1001d0f7 f   LIBCMT:utility.obj
 0001:0001c116       ___scrt_dllmain_crt_thread_detach 1001d116 f   LIBCMT:utility.obj
 0001:0001c123       ___scrt_dllmain_exception_filter 1001d123 f   LIBCMT:utility.obj
 0001:0001c157       ___scrt_dllmain_uninitialize_c 1001d157 f   LIBCMT:utility.obj
 0001:0001c17a       ___scrt_dllmain_uninitialize_critical 1001d17a f   LIBCMT:utility.obj
 0001:0001c187       ___scrt_initialize_crt     1001d187 f   LIBCMT:utility.obj
 0001:0001c1c0       ___scrt_initialize_onexit_tables 1001d1c0 f   LIBCMT:utility.obj
 0001:0001c25c       ___scrt_is_nonwritable_in_current_image 1001d25c f   LIBCMT:utility.obj
 0001:0001c2f0       ___scrt_release_startup_lock 1001d2f0 f   LIBCMT:utility.obj
 0001:0001c30d       ___scrt_uninitialize_crt   1001d30d f   LIBCMT:utility.obj
 0001:0001c335       __onexit                   1001d335 f   LIBCMT:utility.obj
 0001:0001c370       _at_quick_exit             1001d370 f   LIBCMT:utility.obj
 0001:0001c3a1       _atexit                    1001d3a1 f   LIBCMT:utility.obj
 0001:0001c3b6       ___scrt_get_dyn_tls_init_callback 1001d3b6 f   LIBCMT:dyn_tls_init.obj
 0001:0001c3bc       ___scrt_fastfail           1001d3bc f   LIBCMT:utility_desktop.obj
 0001:0001c4d6       ___scrt_get_show_window_mode 1001d4d6 f   LIBCMT:utility_desktop.obj
 0001:0001c507       ___scrt_initialize_mta     1001d507 f   LIBCMT:utility_desktop.obj
 0001:0001c50c       ___scrt_initialize_winrt   1001d50c f   LIBCMT:utility_desktop.obj
 0001:0001c50f       ___scrt_is_managed_app     1001d50f f   LIBCMT:utility_desktop.obj
 0001:0001c552       ___scrt_set_unhandled_exception_filter 1001d552 f   LIBCMT:utility_desktop.obj
 0001:0001c55e       ___scrt_exe_initialize_mta 1001d55e f   LIBCMT:utility_desktop.obj
 0001:0001c55e       ___scrt_stub_for_initialize_mta 1001d55e f   LIBCMT:utility_desktop.obj
 0001:0001c561       ___scrt_unhandled_exception_filter@4 1001d561 f   LIBCMT:utility_desktop.obj
 0001:0001c5a2       __crt_debugger_hook        1001d5a2 f   LIBCMT:utility_desktop.obj
 0001:0001c5aa       __RTC_Initialize           1001d5aa f   LIBCMT:initsect.obj
 0001:0001c5d6       __RTC_Terminate            1001d5d6 f   LIBCMT:initsect.obj
 0001:0001c610       __SEH_prolog4              1001d610 f   LIBCMT:sehprolg4.obj
 0001:0001c656       __SEH_epilog4              1001d656 f   LIBCMT:sehprolg4.obj
 0001:0001c66b       @_guard_check_icall_nop@4  1001d66b f i LIBCMT:guard_support.obj
 0001:0001c66c       _ReadNoFence               1001d66c f i LIBCMT:guard_support.obj
 0001:0001c676       _ReadPointerNoFence        1001d676 f i LIBCMT:guard_support.obj
 0001:0001c680       __guard_icall_checks_enforced 1001d680 f i LIBCMT:guard_support.obj
 0001:0001c692       ___isa_available_init      1001d692 f   LIBCMT:cpu_disp.obj
 0001:0001c829       __get_startup_argv_mode    1001d829 f   LIBCMT:argv_mode.obj
 0001:0001c82d       ___scrt_is_ucrt_dll_in_use 1001d82d f   LIBCMT:ucrt_detection.obj
 0001:0001c839       @__security_check_cookie@4 1001d839 f   LIBCMT:secchk.obj
 0001:0001c84a       ___raise_securityfailure   1001d84a f   LIBCMT:gs_report.obj
 0001:0001c872       ___report_gsfailure        1001d872 f   LIBCMT:gs_report.obj
 0001:0001c96b       ___report_rangecheckfailure 1001d96b f   LIBCMT:gs_report.obj
 0001:0001c977       ___report_securityfailure  1001d977 f   LIBCMT:gs_report.obj
 0001:0001ca45       ___report_securityfailureEx 1001da45 f   LIBCMT:gs_report.obj
 0001:0001cb60       _memcpy                    1001db60 f   libvcruntime:memcpy.obj
 0001:0001d0e0       _memset                    1001e0e0 f   libvcruntime:memset.obj
 0001:0001d240       _memchr                    1001e240 f   libvcruntime:memchr.obj
 0001:0001d330       __except_handler4          1001e330 f   libvcruntime:chandler4.obj
 0001:0001d49c       ??$?RD@__crt_internal_free_policy@@QBEXQBD@Z 1001e49c f i libvcruntime:std_type_info.obj
 0001:0001d4ac       ??$?RX@__crt_internal_free_policy@@QBEXQBX@Z 1001e4ac f i libvcruntime:std_type_info.obj
 0001:0001d4bc       ??$__crt_interlocked_compare_exchange_pointer@$$CBDPAD$$T@@YAPBDPDSBDQAD$$T@Z 1001e4bc f i libvcruntime:std_type_info.obj
 0001:0001d4ce       ??$__crt_interlocked_read_pointer@$$CBD@@YAPBDPDSBD@Z 1001e4ce f i libvcruntime:std_type_info.obj
 0001:0001d4d8       ??0?$__crt_unique_heap_ptr@DU__crt_internal_free_policy@@@@QAE@QAD@Z 1001e4d8 f i libvcruntime:std_type_info.obj
 0001:0001d4e6       ??0?$__crt_unique_heap_ptr@XU__crt_internal_free_policy@@@@QAE@QAX@Z 1001e4e6 f i libvcruntime:std_type_info.obj
 0001:0001d4f4       ??1?$__crt_unique_heap_ptr@DU__crt_internal_free_policy@@@@QAE@XZ 1001e4f4 f i libvcruntime:std_type_info.obj
 0001:0001d504       ??1?$__crt_unique_heap_ptr@XU__crt_internal_free_policy@@@@QAE@XZ 1001e504 f i libvcruntime:std_type_info.obj
 0001:0001d520       ??B?$__crt_unique_heap_ptr@DU__crt_internal_free_policy@@@@QBE_NXZ 1001e520 f i libvcruntime:std_type_info.obj
 0001:0001d527       ??B?$__crt_unique_heap_ptr@XU__crt_internal_free_policy@@@@QBE_NXZ 1001e527 f i libvcruntime:std_type_info.obj
 0001:0001d54e       ?__crt_interlocked_read_32@@YAHPDH@Z 1001e54e f i libvcruntime:std_type_info.obj
 0001:0001d558       ?detach@?$__crt_unique_heap_ptr@XU__crt_internal_free_policy@@@@QAEPAXXZ 1001e558 f i libvcruntime:std_type_info.obj
 0001:0001d55e       ?get@?$__crt_unique_heap_ptr@DU__crt_internal_free_policy@@@@QBEPADXZ 1001e55e f i libvcruntime:std_type_info.obj
 0001:0001d561       ?get@?$__crt_unique_heap_ptr@XU__crt_internal_free_policy@@@@QBEPAXXZ 1001e561 f i libvcruntime:std_type_info.obj
 0001:0001d564       ?is_valid@?$__crt_unique_heap_ptr@DU__crt_internal_free_policy@@@@QBE_NXZ 1001e564 f i libvcruntime:std_type_info.obj
 0001:0001d56b       ?is_valid@?$__crt_unique_heap_ptr@XU__crt_internal_free_policy@@@@QBE_NXZ 1001e56b f i libvcruntime:std_type_info.obj
 0001:0001d572       ?release@?$__crt_unique_heap_ptr@DU__crt_internal_free_policy@@@@QAEXXZ 1001e572 f i libvcruntime:std_type_info.obj
 0001:0001d582       ?release@?$__crt_unique_heap_ptr@XU__crt_internal_free_policy@@@@QAEXXZ 1001e582 f i libvcruntime:std_type_info.obj
 0001:0001d592       ___std_type_info_compare   1001e592 f   libvcruntime:std_type_info.obj
 0001:0001d5ce       ___std_type_info_destroy_list 1001e5ce f   libvcruntime:std_type_info.obj
 0001:0001d5f1       ___std_type_info_hash      1001e5f1 f   libvcruntime:std_type_info.obj
 0001:0001d617       ___std_type_info_name      1001e617 f   libvcruntime:std_type_info.obj
 0001:0001d6da       ___vcrt_initialize         1001e6da f   libvcruntime:initialization.obj
 0001:0001d703       ___vcrt_thread_attach      1001e703 f   libvcruntime:initialization.obj
 0001:0001d70e       ___vcrt_thread_detach      1001e70e f   libvcruntime:initialization.obj
 0001:0001d719       ___vcrt_uninitialize       1001e719 f   libvcruntime:initialization.obj
 0001:0001d738       ___vcrt_uninitialize_critical 1001e738 f   libvcruntime:initialization.obj
 0001:0001d750       __local_unwind4            1001e750 f   libvcruntime:exsup4.obj
 0001:0001d828       __seh_longjmp_unwind4@4    1001e828 f   libvcruntime:exsup4.obj
 0001:0001d850       @_EH4_CallFilterFunc@8     1001e850 f   libvcruntime:exsup4.obj
 0001:0001d868       @_EH4_TransferToHandler@8  1001e868 f   libvcruntime:exsup4.obj
 0001:0001d884       @_EH4_GlobalUnwind2@8      1001e884 f   libvcruntime:exsup4.obj
 0001:0001d8a0       @_EH4_LocalUnwind@16       1001e8a0 f   libvcruntime:exsup4.obj
 0001:0001d8c2       ___except_validate_context_record 1001e8c2 f   libvcruntime:jbcxrval.obj
 0001:0001d8f2       ___except_validate_jump_buffer 1001e8f2 f   libvcruntime:jbcxrval.obj
 0001:0001d91f       ___except_validate_jump_buffer_common 1001e91f f i libvcruntime:jbcxrval.obj
 0001:0001d958       ??0Block@_HeapManager@@QAE@XZ 1001e958 f i libvcruntime:undname.obj
 0001:0001d95e       ??0DName@@QAE@AAPBDD@Z     1001e95e f   libvcruntime:undname.obj
 0001:0001da10       ??0DName@@QAE@ABV0@@Z      1001ea10 f i libvcruntime:undname.obj
 0001:0001da26       ??0DName@@QAE@D@Z          1001ea26 f   libvcruntime:undname.obj
 0001:0001da4b       ??0DName@@QAE@PAV0@@Z      1001ea4b f   libvcruntime:undname.obj
 0001:0001da93       ??0DName@@QAE@PBD@Z        1001ea93 f   libvcruntime:undname.obj
 0001:0001dac6       ??0DName@@QAE@W4DNameStatus@@@Z 1001eac6 f   libvcruntime:undname.obj
 0001:0001db06       ??0DName@@QAE@XZ           1001eb06 f i libvcruntime:undname.obj
 0001:0001db10       ??0DName@@QAE@_J@Z         1001eb10 f   libvcruntime:undname.obj
 0001:0001db9c       ??0DName@@QAE@_K@Z         1001eb9c f   libvcruntime:undname.obj
 0001:0001dc02       ??0DNameNode@@IAE@XZ       1001ec02 f i libvcruntime:undname.obj
 0001:0001dc0b       ??0Replicator@@QAE@XZ      1001ec0b f i libvcruntime:undname.obj
 0001:0001dc1a       ??0UnDecorator@@QAE@PBDP6APADJ@ZK@Z 1001ec1a f i libvcruntime:undname.obj
 0001:0001dc66       ??0charNode@@QAE@D@Z       1001ec66 f i libvcruntime:undname.obj
 0001:0001dc7b       ??0pDNameNode@@QAE@PAVDName@@@Z 1001ec7b f   libvcruntime:undname.obj
 0001:0001dca3       ??0pairNode@@QAE@PBVDNameNode@@0@Z 1001eca3 f i libvcruntime:undname.obj
 0001:0001dcc2       ??0pcharNode@@QAE@PBDH@Z   1001ecc2 f   libvcruntime:undname.obj
 0001:0001dd22       ??2@YAPAXIAAV_HeapManager@@H@Z 1001ed22 f i libvcruntime:undname.obj
 0001:0001dd37       ??4DName@@QAEAAV0@ABV0@@Z  1001ed37 f   libvcruntime:undname.obj
 0001:0001dd4d       ??4DName@@QAEAAV0@D@Z      1001ed4d f i libvcruntime:undname.obj
 0001:0001dd72       ??4DName@@QAEAAV0@PAV0@@Z  1001ed72 f   libvcruntime:undname.obj
 0001:0001ddb4       ??4DName@@QAEAAV0@PBD@Z    1001edb4 f   libvcruntime:undname.obj
 0001:0001dddf       ??4DName@@QAEAAV0@W4DNameStatus@@@Z 1001eddf f   libvcruntime:undname.obj
 0001:0001de11       ??AReplicator@@QBE?AVDName@@H@Z 1001ee11 f   libvcruntime:undname.obj
 0001:0001de5a       ??H@YA?AVDName@@DABV0@@Z   1001ee5a f i libvcruntime:undname.obj
 0001:0001de7c       ??H@YA?AVDName@@PBDABV0@@Z 1001ee7c f i libvcruntime:undname.obj
 0001:0001de9e       ??H@YA?AVDName@@W4DNameStatus@@ABV0@@Z 1001ee9e f i libvcruntime:undname.obj
 0001:0001dec0       ??HDName@@QBE?AV0@ABV0@@Z  1001eec0 f   libvcruntime:undname.obj
 0001:0001dee2       ??HDName@@QBE?AV0@D@Z      1001eee2 f   libvcruntime:undname.obj
 0001:0001df04       ??HDName@@QBE?AV0@PAV0@@Z  1001ef04 f   libvcruntime:undname.obj
 0001:0001df26       ??HDName@@QBE?AV0@PBD@Z    1001ef26 f   libvcruntime:undname.obj
 0001:0001df48       ??HDName@@QBE?AV0@W4DNameStatus@@@Z 1001ef48 f   libvcruntime:undname.obj
 0001:0001df6a       ??YDName@@QAEAAV0@ABV0@@Z  1001ef6a f   libvcruntime:undname.obj
 0001:0001dfab       ??YDName@@QAEAAV0@D@Z      1001efab f   libvcruntime:undname.obj
 0001:0001dffb       ??YDName@@QAEAAV0@PAV0@@Z  1001effb f   libvcruntime:undname.obj
 0001:0001e060       ??YDName@@QAEAAV0@PBD@Z    1001f060 f   libvcruntime:undname.obj
 0001:0001e0c1       ??YDName@@QAEAAV0@W4DNameStatus@@@Z 1001f0c1 f   libvcruntime:undname.obj
 0001:0001e101       ??YReplicator@@QAEAAV0@ABVDName@@@Z 1001f101 f   libvcruntime:undname.obj
 0001:0001e14b       ??_5DName@@QAEAAV0@ABV0@@Z 1001f14b f   libvcruntime:undname.obj
 0001:0001e167       ?Constructor@_HeapManager@@QAEXP6APAXI@ZP6AXPAX@Z@Z 1001f167 f i libvcruntime:undname.obj
 0001:0001e184       ?Destructor@_HeapManager@@QAEXXZ 1001f184 f i libvcruntime:undname.obj
 0001:0001e1bc       ?UScore@UnDecorator@@SAPBDW4Tokens@@@Z 1001f1bc f   libvcruntime:undname.obj
 0001:0001e1db       ?append@DName@@AAEXPBVDNameNode@@@Z 1001f1db f   libvcruntime:undname.obj
 0001:0001e221       ?composeDeclaration@UnDecorator@@CA?AVDName@@ABV2@@Z 1001f221 f i libvcruntime:undname.obj
 0001:0001ee66       ?doAccessSpecifiers@UnDecorator@@SAHXZ 1001fe66 f i libvcruntime:undname.obj
 0001:0001ee74       ?doAllocationLanguage@UnDecorator@@SAHXZ 1001fe74 f i libvcruntime:undname.obj
 0001:0001ee82       ?doAllocationModel@UnDecorator@@SAHXZ 1001fe82 f i libvcruntime:undname.obj
 0001:0001ee90       ?doEcsu@UnDecorator@@SAHXZ 1001fe90 f i libvcruntime:undname.obj
 0001:0001ee9e       ?doEllipsis@UnDecorator@@SAHXZ 1001fe9e f i libvcruntime:undname.obj
 0001:0001eeac       ?doFunctionReturns@UnDecorator@@SAHXZ 1001feac f i libvcruntime:undname.obj
 0001:0001eeba       ?doMSKeywords@UnDecorator@@SAHXZ 1001feba f i libvcruntime:undname.obj
 0001:0001eec7       ?doMemberTypes@UnDecorator@@SAHXZ 1001fec7 f i libvcruntime:undname.obj
 0001:0001eed5       ?doNameOnly@UnDecorator@@SAHXZ 1001fed5 f i libvcruntime:undname.obj
 0001:0001eee0       ?doNoIdentCharCheck@UnDecorator@@SAHXZ 1001fee0 f i libvcruntime:undname.obj
 0001:0001eeeb       ?doPchar@DName@@AAEXPBDH@Z 1001feeb f   libvcruntime:undname.obj
 0001:0001ef71       ?doPtr64@UnDecorator@@SAHXZ 1001ff71 f i libvcruntime:undname.obj
 0001:0001ef7f       ?doRestrictionSpec@UnDecorator@@SAHXZ 1001ff7f f i libvcruntime:undname.obj
 0001:0001ef8d       ?doThisTypes@UnDecorator@@SAHXZ 1001ff8d f i libvcruntime:undname.obj
 0001:0001ef9f       ?doThrowTypes@UnDecorator@@SAHXZ 1001ff9f f i libvcruntime:undname.obj
 0001:0001efad       ?doTypeOnly@UnDecorator@@SAHXZ 1001ffad f i libvcruntime:undname.obj
 0001:0001efb8       ?doUnderScore@UnDecorator@@SAHXZ 1001ffb8 f i libvcruntime:undname.obj
 0001:0001efc3       ?getArgumentList@UnDecorator@@CA?AVDName@@XZ 1001ffc3 f   libvcruntime:undname.obj
 0001:0001f0b9       ?getArgumentTypes@UnDecorator@@CA?AVDName@@XZ 100200b9 f   libvcruntime:undname.obj
 0001:0001f183       ?getArrayType@UnDecorator@@CA?AVDName@@ABV2@@Z 10020183 f i libvcruntime:undname.obj
 0001:0001f334       ?getBasedType@UnDecorator@@CA?AVDName@@XZ 10020334 f   libvcruntime:undname.obj
 0001:0001f3cc       ?getBasicDataType@UnDecorator@@CA?AVDName@@ABV2@@Z 100203cc f   libvcruntime:undname.obj
 0001:0001f7ab       ?getCHPEName@UnDecorator@@QAEPADPADH@Z 100207ab f i libvcruntime:undname.obj
 0001:0001f88a       ?getCallIndex@UnDecorator@@CA?AVDName@@XZ 1002088a f i libvcruntime:undname.obj
 0001:0001f89e       ?getCallingConvention@UnDecorator@@CA?AVDName@@XZ 1002089e f   libvcruntime:undname.obj
 0001:0001f971       ?getDataIndirectType@UnDecorator@@CA?AVDName@@ABV2@PBD0H@Z 10020971 f   libvcruntime:undname.obj
 0001:0001ff5b       ?getDataIndirectType@UnDecorator@@CA?AVDName@@XZ 10020f5b f i libvcruntime:undname.obj
 0001:0001ff8d       ?getDataType@UnDecorator@@CA?AVDName@@PAV2@@Z 10020f8d f   libvcruntime:undname.obj
 0001:00020052       ?getDecoratedName@UnDecorator@@CA?AVDName@@XZ 10021052 f   libvcruntime:undname.obj
 0001:00020294       ?getDimension@UnDecorator@@CA?AVDName@@_N@Z 10021294 f   libvcruntime:undname.obj
 0001:000203ad       ?getDispatchTarget@UnDecorator@@CA?AVDName@@XZ 100213ad f   libvcruntime:undname.obj
 0001:00020401       ?getDisplacement@UnDecorator@@CA?AVDName@@XZ 10021401 f i libvcruntime:undname.obj
 0001:00020415       ?getECSUDataType@UnDecorator@@CA?AVDName@@XZ 10021415 f   libvcruntime:undname.obj
 0001:0002052d       ?getECSUName@UnDecorator@@CA?AVDName@@XZ 1002152d f i libvcruntime:undname.obj
 0001:0002053e       ?getEnumType@UnDecorator@@CA?AVDName@@XZ 1002153e f i libvcruntime:undname.obj
 0001:0002062e       ?getExtendedDataIndirectType@UnDecorator@@CA?AVDName@@AAPBDAA_NH@Z 1002162e f   libvcruntime:undname.obj
 0001:000207e5       ?getExternalDataType@UnDecorator@@CA?AVDName@@ABV2@@Z 100217e5 f i libvcruntime:undname.obj
 0001:0002084c       ?getFunctionIndirectType@UnDecorator@@CA?AVDName@@ABV2@@Z 1002184c f   libvcruntime:undname.obj
 0001:00020c28       ?getGuardNumber@UnDecorator@@CA?AVDName@@XZ 10021c28 f i libvcruntime:undname.obj
 0001:00020c3c       ?getLastChar@DName@@QBEDXZ 10021c3c f i libvcruntime:undname.obj
 0001:00020c5c       ?getLastChar@DNameStatusNode@@UBEDXZ 10021c5c f i libvcruntime:undname.obj
 0001:00020c68       ?getLastChar@charNode@@UBEDXZ 10021c68 f i libvcruntime:undname.obj
 0001:00020c6c       ?getLastChar@pDNameNode@@UBEDXZ 10021c6c f i libvcruntime:undname.obj
 0001:00020c7a       ?getLastChar@pairNode@@UBEDXZ 10021c7a f i libvcruntime:undname.obj
 0001:00020caf       ?getLastChar@pcharNode@@UBEDXZ 10021caf f i libvcruntime:undname.obj
 0001:00020cc1       ?getLexicalFrame@UnDecorator@@CA?AVDName@@XZ 10021cc1 f i libvcruntime:undname.obj
 0001:00020d00       ?getMemory@_HeapManager@@QAEPAXIH@Z 10021d00 f   libvcruntime:undname.obj
 0001:00020d87       ?getNoexcept@UnDecorator@@CA?AVDName@@XZ 10021d87 f   libvcruntime:undname.obj
 0001:00020dcc       ?getNumberOfDimensions@UnDecorator@@CAHXZ 10021dcc f   libvcruntime:undname.obj
 0001:00020e2d       ?getOperatorName@UnDecorator@@CA?AVDName@@_NPA_N@Z 10021e2d f i libvcruntime:undname.obj
 0001:0002147a       ?getPointerType@UnDecorator@@CA?AVDName@@ABV2@0@Z 1002247a f i libvcruntime:undname.obj
 0001:00021498       ?getPointerTypeArray@UnDecorator@@CA?AVDName@@ABV2@0@Z 10022498 f i libvcruntime:undname.obj
 0001:000214b6       ?getPrimaryDataType@UnDecorator@@CA?AVDName@@ABV2@@Z 100224b6 f   libvcruntime:undname.obj
 0001:0002169a       ?getPtrRefDataType@UnDecorator@@CA?AVDName@@ABV2@H@Z 1002269a f   libvcruntime:undname.obj
 0001:000217c3       ?getPtrRefType@UnDecorator@@CA?AVDName@@ABV2@0PBD@Z 100227c3 f   libvcruntime:undname.obj
 0001:000218bd       ?getReferenceType@UnDecorator@@CA?AVDName@@ABV2@0PBD@Z 100228bd f i libvcruntime:undname.obj
 0001:000218d9       ?getRestrictionSpec@UnDecorator@@CA?AVDName@@XZ 100228d9 f   libvcruntime:undname.obj
 0001:000219d2       ?getReturnType@UnDecorator@@CA?AVDName@@PAV2@@Z 100229d2 f   libvcruntime:undname.obj
 0001:00021a01       ?getScope@UnDecorator@@CA?AVDName@@XZ 10022a01 f   libvcruntime:undname.obj
 0001:00021d95       ?getScopedName@UnDecorator@@CA?AVDName@@XZ 10022d95 f   libvcruntime:undname.obj
 0001:00021e69       ?getSignedDimension@UnDecorator@@CA?AVDName@@XZ 10022e69 f   libvcruntime:undname.obj
 0001:00021eba       ?getStorageConvention@UnDecorator@@CA?AVDName@@XZ 10022eba f i libvcruntime:undname.obj
 0001:00021ecb       ?getString@DName@@QBEPADPAD0@Z 10022ecb f i libvcruntime:undname.obj
 0001:00021ef8       ?getString@DName@@QBEPADPADH@Z 10022ef8 f i libvcruntime:undname.obj
 0001:00021f4e       ?getString@DNameStatusNode@@UBEPADPAD0@Z 10022f4e f i libvcruntime:undname.obj
 0001:00021f75       ?getString@charNode@@UBEPADPAD0@Z 10022f75 f i libvcruntime:undname.obj
 0001:00021f8a       ?getString@pDNameNode@@UBEPADPAD0@Z 10022f8a f i libvcruntime:undname.obj
 0001:00021fa1       ?getString@pairNode@@UBEPADPAD0@Z 10022fa1 f i libvcruntime:undname.obj
 0001:00021fe7       ?getString@pcharNode@@UBEPADPAD0@Z 10022fe7 f i libvcruntime:undname.obj
 0001:00022002       ?getStringEncoding@UnDecorator@@CA?AVDName@@PBDH@Z 10023002 f   libvcruntime:undname.obj
 0001:000220b2       ?getStringHelper@@YAPADPADPBD1H@Z 100230b2 f i libvcruntime:undname.obj
 0001:000220e9       ?getSymbolName@UnDecorator@@CA?AVDName@@XZ 100230e9 f i libvcruntime:undname.obj
 0001:00022131       ?getTemplateArgumentList@UnDecorator@@CA?AVDName@@XZ 10023131 f   libvcruntime:undname.obj
 0001:000222b6       ?getTemplateName@UnDecorator@@CA?AVDName@@_N@Z 100232b6 f   libvcruntime:undname.obj
 0001:00022418       ?getTemplateNonTypeArgument@UnDecorator@@CA?AVDName@@XZ 10023418 f   libvcruntime:undname.obj
 0001:0002276e       ?getTemplateTypeArgument@UnDecorator@@CA?AVDName@@XZ 1002376e f   libvcruntime:undname.obj
 0001:00022847       ?getThisType@UnDecorator@@CA?AVDName@@XZ 10023847 f i libvcruntime:undname.obj
 0001:0002287a       ?getThrowTypes@UnDecorator@@CA?AVDName@@XZ 1002387a f   libvcruntime:undname.obj
 0001:0002289d       ?getTypeEncoding@UnDecorator@@CAHXZ 1002389d f i libvcruntime:undname.obj
 0001:00022bb9       ?getUndecoratedName@UnDecorator@@QAEPADPADH@Z 10023bb9 f i libvcruntime:undname.obj
 0001:00022c7d       ?getVCallThunkType@UnDecorator@@CA?AVDName@@XZ 10023c7d f i libvcruntime:undname.obj
 0001:00022cc4       ?getVbTableType@UnDecorator@@CA?AVDName@@ABV2@@Z 10023cc4 f i libvcruntime:undname.obj
 0001:00022cd9       ?getVdispMapType@UnDecorator@@CA?AVDName@@ABV2@@Z 10023cd9 f i libvcruntime:undname.obj
 0001:00022d2d       ?getVfTableType@UnDecorator@@CA?AVDName@@ABV2@@Z 10023d2d f i libvcruntime:undname.obj
 0001:00022e90       ?getZName@UnDecorator@@CA?AVDName@@_N0@Z 10023e90 f   libvcruntime:undname.obj
 0001:0002308f       ?haveTemplateParameters@UnDecorator@@SAHXZ 1002408f f i libvcruntime:undname.obj
 0001:0002309a       ?isArray@DName@@QBEHXZ     1002409a f i libvcruntime:undname.obj
 0001:000230a4       ?isComArray@DName@@QBEHXZ  100240a4 f i libvcruntime:undname.obj
 0001:000230ae       ?isEmpty@DName@@QBEHXZ     100240ae f i libvcruntime:undname.obj
 0001:000230b6       ?isFull@Replicator@@QBEHXZ 100240b6 f i libvcruntime:undname.obj
 0001:000230bf       ?isNoTE@DName@@QBEHXZ      100240bf f i libvcruntime:undname.obj
 0001:000230c9       ?isPinPtr@DName@@QBEHXZ    100240c9 f i libvcruntime:undname.obj
 0001:000230d3       ?isPtrRef@DName@@QBEHXZ    100240d3 f i libvcruntime:undname.obj
 0001:000230dd       ?isUDC@DName@@QBEHXZ       100240dd f i libvcruntime:undname.obj
 0001:000230ee       ?isUDTThunk@DName@@QBEHXZ  100240ee f i libvcruntime:undname.obj
 0001:000230ff       ?isVCallThunk@DName@@QBEHXZ 100240ff f i libvcruntime:undname.obj
 0001:00023109       ?isValid@DName@@QBEHXZ     10024109 f i libvcruntime:undname.obj
 0001:00023113       ?length@DName@@QBEHXZ      10024113 f i libvcruntime:undname.obj
 0001:00023132       ?length@DNameStatusNode@@UBEHXZ 10024132 f i libvcruntime:undname.obj
 0001:00023136       ?length@charNode@@UBEHXZ   10024136 f i libvcruntime:undname.obj
 0001:0002313a       ?length@pDNameNode@@UBEHXZ 1002413a f i libvcruntime:undname.obj
 0001:00023148       ?length@pairNode@@UBEHXZ   10024148 f i libvcruntime:undname.obj
 0001:0002318e       ?length@pcharNode@@UBEHXZ  1002418e f i libvcruntime:undname.obj
 0001:00023192       ?make@DNameStatusNode@@SAPBV1@W4DNameStatus@@@Z 10024192 f i libvcruntime:undname.obj
 0001:000231ae       ?parseDecoratedName@UnDecorator@@CA?AVDName@@XZ 100241ae f   libvcruntime:undname.obj
 0001:0002329c       ?setIsArray@DName@@QAEXXZ  1002429c f i libvcruntime:undname.obj
 0001:000232a4       ?setIsComArray@DName@@QAEXXZ 100242a4 f i libvcruntime:undname.obj
 0001:000232ac       ?setIsNoTE@DName@@QAEXXZ   100242ac f i libvcruntime:undname.obj
 0001:000232b4       ?setIsPinPtr@DName@@QAEXXZ 100242b4 f i libvcruntime:undname.obj
 0001:000232bc       ?setIsUDC@DName@@QAEXXZ    100242bc f i libvcruntime:undname.obj
 0001:000232c9       ?setIsVCallThunk@DName@@QAEXXZ 100242c9 f i libvcruntime:undname.obj
 0001:000232d1       ?setPtrRef@DName@@QAEAAV1@XZ 100242d1 f i libvcruntime:undname.obj
 0001:000232db       ?status@DName@@QBE?AW4DNameStatus@@XZ 100242db f i libvcruntime:undname.obj
 0001:00023347       ___unDName                 10024347 f   libvcruntime:undname.obj
 0001:0002336a       ___unDNameEx               1002436a f   libvcruntime:undname.obj
 0001:00023409       __vsprintf_s_l             10024409 f i libvcruntime:undname.obj
 0001:00023436       _sprintf_s                 10024436 f i libvcruntime:undname.obj
 0001:00023452       _unDNameGenerateCHPE       10024452 f   libvcruntime:undname.obj
 0001:000234ae       ??$?RU__vcrt_ptd@@@__crt_internal_free_policy@@QBEXQBU__vcrt_ptd@@@Z 100244ae f i libvcruntime:per_thread_data.obj
 0001:000234be       ??0?$__crt_unique_heap_ptr@U__vcrt_ptd@@U__crt_internal_free_policy@@@@QAE@QAU__vcrt_ptd@@@Z 100244be f i libvcruntime:per_thread_data.obj
 0001:000234db       ??1?$__crt_unique_heap_ptr@U__vcrt_ptd@@U__crt_internal_free_policy@@@@QAE@XZ 100244db f i libvcruntime:per_thread_data.obj
 0001:000234f4       ??B?$__crt_unique_heap_ptr@U__vcrt_ptd@@U__crt_internal_free_policy@@@@QBE_NXZ 100244f4 f i libvcruntime:per_thread_data.obj
 0001:000234fb       ?detach@?$__crt_unique_heap_ptr@U__vcrt_ptd@@U__crt_internal_free_policy@@@@QAEPAU__vcrt_ptd@@XZ 100244fb f i libvcruntime:per_thread_data.obj
 0001:00023501       ?get@?$__crt_unique_heap_ptr@U__vcrt_ptd@@U__crt_internal_free_policy@@@@QBEPAU__vcrt_ptd@@XZ 10024501 f i libvcruntime:per_thread_data.obj
 0001:00023504       ?is_valid@?$__crt_unique_heap_ptr@U__vcrt_ptd@@U__crt_internal_free_policy@@@@QBE_NXZ 10024504 f i libvcruntime:per_thread_data.obj
 0001:0002350b       ?release@?$__crt_unique_heap_ptr@U__vcrt_ptd@@U__crt_internal_free_policy@@@@QAEXXZ 1002450b f i libvcruntime:per_thread_data.obj
 0001:00023535       ___vcrt_freefls@4          10024535 f   libvcruntime:per_thread_data.obj
 0001:00023551       ___vcrt_freeptd            10024551 f   libvcruntime:per_thread_data.obj
 0001:00023587       ___vcrt_getptd             10024587 f   libvcruntime:per_thread_data.obj
 0001:00023595       ___vcrt_getptd_noexit      10024595 f   libvcruntime:per_thread_data.obj
 0001:00023627       ___vcrt_getptd_noinit      10024627 f   libvcruntime:per_thread_data.obj
 0001:0002365e       ___vcrt_initialize_ptd     1002465e f   libvcruntime:per_thread_data.obj
 0001:00023691       ___vcrt_uninitialize_ptd   10024691 f   libvcruntime:per_thread_data.obj
 0001:000236ac       ___vcrt_initialize_locks   100246ac f   libvcruntime:locks.obj
 0001:000236e8       ___vcrt_lock               100246e8 f   libvcruntime:locks.obj
 0001:000236fd       ___vcrt_uninitialize_locks 100246fd f   libvcruntime:locks.obj
 0001:0002372c       ___vcrt_unlock             1002472c f   libvcruntime:locks.obj
 0001:00023741       ??$?BX@__crt_fast_encoded_nullptr_t@@QBEPAXXZ 10024741 f i libvcruntime:winapi_downlevel.obj
 0001:00023747       ??$__crt_fast_decode_pointer@PAX@@YAPAXQAX@Z 10024747 f i libvcruntime:winapi_downlevel.obj
 0001:0002375b       ??$__crt_fast_encode_pointer@PAX@@YAPAXQAX@Z 1002475b f i libvcruntime:winapi_downlevel.obj
 0001:00023778       ??$__crt_interlocked_exchange_pointer@UHINSTANCE__@@PAU1@@@YAPAUHINSTANCE__@@PDSAU0@QAU0@@Z 10024778 f i libvcruntime:winapi_downlevel.obj
 0001:00023785       ??$__crt_interlocked_exchange_pointer@UHINSTANCE__@@PAX@@YAPAUHINSTANCE__@@PDSAU0@QAX@Z 10024785 f i libvcruntime:winapi_downlevel.obj
 0001:00023792       ??$__crt_interlocked_exchange_pointer@XPAX@@YAPAXPDSAXQAX@Z 10024792 f i libvcruntime:winapi_downlevel.obj
 0001:0002379f       ??$__crt_interlocked_read_pointer@UHINSTANCE__@@@@YAPAUHINSTANCE__@@PDSAU0@@Z 1002479f f i libvcruntime:winapi_downlevel.obj
 0001:000237a9       ??$__crt_interlocked_read_pointer@X@@YAPAXPDSAX@Z 100247a9 f i libvcruntime:winapi_downlevel.obj
 0001:000237b3       ?__crt_fast_encode_pointer@@YA?AU__crt_fast_encoded_nullptr_t@@$$T@Z 100247b3 f i libvcruntime:winapi_downlevel.obj
 0001:00023a47       ___vcrt_FlsAlloc           10024a47 f   libvcruntime:winapi_downlevel.obj
 0001:00023a82       ___vcrt_FlsFree            10024a82 f   libvcruntime:winapi_downlevel.obj
 0001:00023abd       ___vcrt_FlsGetValue        10024abd f   libvcruntime:winapi_downlevel.obj
 0001:00023af8       ___vcrt_FlsSetValue        10024af8 f   libvcruntime:winapi_downlevel.obj
 0001:00023b36       ___vcrt_InitializeCriticalSectionEx 10024b36 f   libvcruntime:winapi_downlevel.obj
 0001:00023b7d       ___vcrt_initialize_winapi_thunks 10024b7d f   libvcruntime:winapi_downlevel.obj
 0001:00023ba6       ___vcrt_uninitialize_winapi_thunks 10024ba6 f   libvcruntime:winapi_downlevel.obj
 0001:00023bd8       ??$?B$$A6AXXZ@__crt_fast_encoded_nullptr_t@@QBEP6AXXZXZ 10024bd8 f i libvcruntime:purevirt_data.obj
 0001:00023bde       ??$__crt_fast_encode_pointer@P6AXXZ@@YAP6AXXZQ6AXXZ@Z 10024bde f i libvcruntime:purevirt_data.obj
 0001:00023bfb       ___vcrt_initialize_pure_virtual_call_handler 10024bfb f   libvcruntime:purevirt_data.obj
 0001:00023c10       __global_unwind2           10024c10 f   libvcruntime:exsup.obj
 0001:00023c76       __local_unwind2            10024c76 f   libvcruntime:exsup.obj
 0001:00023cfa       __abnormal_termination     10024cfa f   libvcruntime:exsup.obj
 0001:00023d20       __NLG_Notify1              10024d20 f   libvcruntime:exsup.obj
 0001:00023d2c       __NLG_Notify               10024d2c f   libvcruntime:exsup.obj
 0001:00023d43       __NLG_Dispatch             10024d43     libvcruntime:exsup.obj
 0001:00023d43       __NLG_Dispatch2            10024d43     libvcruntime:exsup.obj
 0001:00023d4b       __NLG_Call                 10024d4b f   libvcruntime:exsup.obj
 0001:00023d4d       __NLG_Return2              10024d4d     libvcruntime:exsup.obj
 0001:00023d4e       ??$__crt_fast_decode_pointer@P6AXXZ@@YAP6AXXZQ6AXXZ@Z 10024d4e f i libvcruntime:purevirt.obj
 0001:00023d62       ??$__crt_interlocked_exchange_pointer@$$A6AXXZP6AXXZ@@YAP6AXXZPDS6AXXZQ6AXXZ@Z 10024d62 f i libvcruntime:purevirt.obj
 0001:00023d6f       ??$__crt_interlocked_read_pointer@$$A6AXXZ@@YAP6AXXZPDS6AXXZ@Z 10024d6f f i libvcruntime:purevirt.obj
 0001:00023d79       __get_purecall_handler     10024d79 f   libvcruntime:purevirt.obj
 0001:00023d8e       __purecall                 10024d8e f   libvcruntime:purevirt.obj
 0001:00023daa       __set_purecall_handler     10024daa f   libvcruntime:purevirt.obj
 0001:00023dcf       ??$?0AAViterator@TryBlockMap@__FrameHandler3@@AAV012@$0A@@?$pair@Viterator@TryBlockMap@__FrameHandler3@@V123@@std@@QAE@AAViterator@TryBlockMap@__FrameHandler3@@0@Z 10024dcf f i libvcruntime:trnsctrl.obj
 0001:00023df3       ??$forward@AAViterator@TryBlockMap@__FrameHandler3@@@std@@YAAAViterator@TryBlockMap@__FrameHandler3@@AAV123@@Z 10024df3 f i libvcruntime:trnsctrl.obj
 0001:00023dfb       ??0iterator@TryBlockMap@__FrameHandler3@@QAE@AAV12@I@Z 10024dfb f i libvcruntime:trnsctrl.obj
 0001:00023e0f       ?GetRangeOfTrysToCheck@__FrameHandler3@@SA?AU?$pair@Viterator@TryBlockMap@__FrameHandler3@@V123@@std@@AAVTryBlockMap@1@HPAXPBU_s_FuncInfo@@H@Z 10024e0f f   libvcruntime:trnsctrl.obj
 0001:00023e7f       ?_CallCatchBlock2@@YAPAXPAUEHRegistrationNode@@PBU_s_FuncInfo@@PAXHK@Z 10024e7f f   libvcruntime:trnsctrl.obj
 0001:00023edd       ?_CallSETranslator@@YAHPAUEHExceptionRecord@@PAUEHRegistrationNode@@PAX2PBU_s_FuncInfo@@H1@Z 10024edd f   libvcruntime:trnsctrl.obj
 0001:00023fc3       ?_JumpToContinuation@@YGXPAXPAUEHRegistrationNode@@@Z 10024fc3 f   libvcruntime:trnsctrl.obj
 0001:00023ff3       ?_UnwindNestedFrames@@YGXPAUEHRegistrationNode@@PAUEHExceptionRecord@@@Z 10024ff3 f   libvcruntime:trnsctrl.obj
 0001:00024046       __CatchGuardHandler        10025046 f   libvcruntime:trnsctrl.obj
 0001:00024077       __CreateFrameInfo          10025077 f   libvcruntime:trnsctrl.obj
 0001:0002409b       __FindAndUnlinkFrame       1002509b f   libvcruntime:trnsctrl.obj
 0001:000240e3       __TranslatorGuardHandler   100250e3 f   libvcruntime:trnsctrl.obj
 0001:00024180       ___CxxFrameHandler         10025180 f   libvcruntime:trnsctrl.obj
 0001:000241b6       ___CxxFrameHandler2        100251b6 f   libvcruntime:trnsctrl.obj
 0001:000241ec       ___CxxFrameHandler3        100251ec f   libvcruntime:trnsctrl.obj
 0001:00024222       ___CxxLongjmpUnwind@4      10025222 f   libvcruntime:trnsctrl.obj
 0001:00024973       ??$TypeMatchHelper@V__FrameHandler3@@@@YAHPBU_s_HandlerType@@PBU_s_CatchableType@@PBU_s_ThrowInfo@@@Z 10025973 f i libvcruntime:frame.obj
 0001:00024a01       ??$__InternalCxxFrameHandler@V__FrameHandler3@@@@YA?AW4_EXCEPTION_DISPOSITION@@PAUEHExceptionRecord@@PAUEHRegistrationNode@@PAU_CONTEXT@@PAXPBU_s_FuncInfo@@H1E@Z 10025a01 f i libvcruntime:frame.obj
 0001:00024b03       ??0HandlerMap@__FrameHandler3@@QAE@PBU_s_TryBlockMapEntry@@II@Z 10025b03 f i libvcruntime:frame.obj
 0001:00024b1a       ??0TryBlockMap@__FrameHandler3@@QAE@PBU_s_FuncInfo@@I@Z 10025b1a f i libvcruntime:frame.obj
 0001:00024b2e       ??0bad_exception@std@@QAE@ABV01@@Z 10025b2e f i libvcruntime:frame.obj
 0001:00024b49       ??0bad_exception@std@@QAE@XZ 10025b49 f i libvcruntime:frame.obj
 0001:00024b61       ??0exception@std@@QAE@ABV01@@Z 10025b61 f i libvcruntime:frame.obj
 0001:00024b8d       ??0exception@std@@QAE@QBDH@Z 10025b8d f i libvcruntime:frame.obj
 0001:00024baa       ??0iterator@HandlerMap@__FrameHandler3@@QAE@AAV12@I@Z 10025baa f i libvcruntime:frame.obj
 0001:00024bbe       ??1bad_exception@std@@UAE@XZ 10025bbe f i libvcruntime:frame.obj
 0001:00024bcf       ??1exception@std@@UAE@XZ   10025bcf f i libvcruntime:frame.obj
 0001:00024be0       ??8iterator@HandlerMap@__FrameHandler3@@QBE_NABV012@@Z 10025be0 f i libvcruntime:frame.obj
 0001:00024bf3       ??8type_info@@QBE_NABV0@@Z 10025bf3 f i libvcruntime:frame.obj
 0001:00024c12       ??9iterator@HandlerMap@__FrameHandler3@@QBE_NABV012@@Z 10025c12 f i libvcruntime:frame.obj
 0001:00024c25       ??Diterator@HandlerMap@__FrameHandler3@@QAE?BU_s_HandlerType@@XZ 10025c25 f i libvcruntime:frame.obj
 0001:00024c44       ??Diterator@TryBlockMap@__FrameHandler3@@QAE?BU_s_TryBlockMapEntry@@XZ 10025c44 f i libvcruntime:frame.obj
 0001:00024c66       ??Eiterator@HandlerMap@__FrameHandler3@@QAEAAV012@XZ 10025c66 f i libvcruntime:frame.obj
 0001:00024c6c       ??Eiterator@TryBlockMap@__FrameHandler3@@QAEAAV012@XZ 10025c6c f i libvcruntime:frame.obj
 0001:00024c72       ??Miterator@TryBlockMap@__FrameHandler3@@QBE_NABV012@@Z 10025c72 f i libvcruntime:frame.obj
 0001:00024c85       ??_Ebad_exception@std@@UAEPAXI@Z 10025c85 f i libvcruntime:frame.obj
 0001:00024c85       ??_Gbad_exception@std@@UAEPAXI@Z 10025c85 f i libvcruntime:frame.obj
 0001:00024cb2       ??_Gexception@std@@UAEPAXI@Z 10025cb2 f i libvcruntime:frame.obj
 0001:00024cb2       ??_Eexception@std@@UAEPAXI@Z 10025cb2 f i libvcruntime:frame.obj
 0001:00024cdf       ?BuildCatchObject@__FrameHandler3@@SAXPAUEHExceptionRecord@@PAXPBU_s_HandlerType@@PBU_s_CatchableType@@@Z 10025cdf f   libvcruntime:frame.obj
 0001:00024ce4       ?BuildCatchObjectHelper@__FrameHandler3@@SAHPAUEHExceptionRecord@@PAXPBU_s_HandlerType@@PBU_s_CatchableType@@@Z 10025ce4 f   libvcruntime:frame.obj
 0001:00024f35       ?FrameUnwindToEmptyState@__FrameHandler3@@SAXPAUEHRegistrationNode@@PAXPBU_s_FuncInfo@@@Z 10025f35 f   libvcruntime:frame.obj
 0001:00024f4d       ?FrameUnwindToState@__FrameHandler3@@SAXPAUEHRegistrationNode@@PAXPBU_s_FuncInfo@@H@Z 10025f4d f   libvcruntime:frame.obj
 0001:00025035       ?GetMaxState@__FrameHandler3@@SAHPAXPBU_s_FuncInfo@@@Z 10026035 f i libvcruntime:frame.obj
 0001:00025113       ?TypeMatch@__FrameHandler3@@SAHPBU_s_HandlerType@@PBU_s_CatchableType@@PBU_s_ThrowInfo@@@Z 10026113 f   libvcruntime:frame.obj
 0001:0002511c       ?_CallMemberFunction1@@YGXQAX00@Z 1002611c f i libvcruntime:frame.obj
 0001:0002512c       ?_CallMemberFunction2@@YGXQAX00H@Z 1002612c f i libvcruntime:frame.obj
 0001:0002513f       ?_ValidateExecute@@YA_NP6GHXZ@Z 1002613f f i libvcruntime:frame.obj
 0001:0002514b       ?_ValidateRead@@YA_NPBXI@Z 1002614b f i libvcruntime:frame.obj
 0001:00025157       ?_ValidateWrite@@YA_NPAXI@Z 10026157 f i libvcruntime:frame.obj
 0001:00025163       ?begin@HandlerMap@__FrameHandler3@@QAE?AViterator@12@XZ 10026163 f i libvcruntime:frame.obj
 0001:00025173       ?end@HandlerMap@__FrameHandler3@@QAE?AViterator@12@XZ 10026173 f i libvcruntime:frame.obj
 0001:00025184       ?getESTypes@__FrameHandler3@@SAPBU_s_ESTypeList@@PBU_s_FuncInfo@@@Z 10026184 f i libvcruntime:frame.obj
 0001:0002518f       ?getLastEntry@HandlerMap@__FrameHandler3@@QAEPBU_s_HandlerType@@XZ 1002618f f i libvcruntime:frame.obj
 0001:0002519d       ?getMagicNum@__FrameHandler3@@SAIPBU_s_FuncInfo@@@Z 1002619d f i libvcruntime:frame.obj
 0001:000251ac       ?getNumTryBlocks@TryBlockMap@__FrameHandler3@@QAEIXZ 100261ac f i libvcruntime:frame.obj
 0001:000251b2       ?isEHs@__FrameHandler3@@SA_NPBU_s_FuncInfo@@@Z 100261b2 f i libvcruntime:frame.obj
 0001:000251bf       ?isNoExcept@__FrameHandler3@@SA_NPBU_s_FuncInfo@@@Z 100261bf f i libvcruntime:frame.obj
 0001:000251cf       ?what@exception@std@@UBEPBDXZ 100261cf f i libvcruntime:frame.obj
 0001:000251dc       ___BuildCatchObject        100261dc f   libvcruntime:frame.obj
 0001:000251e1       ___BuildCatchObjectHelper  100261e1 f   libvcruntime:frame.obj
 0001:000251ea       ___TypeMatch               100261ea f   libvcruntime:frame.obj
 0001:000251f3       ___vcrt_EncodePointer      100261f3 f i libvcruntime:frame.obj
 0001:00025210       __CallSettingFrame@12      10026210 f   libvcruntime:lowhelpr.obj
 0001:00025237       __NLG_Return               10026237     libvcruntime:lowhelpr.obj
 0001:00025270       __get_unexpected           10026270 f   libvcruntime:unexpected.obj
 0001:00025282       _set_unexpected            10026282 f   libvcruntime:unexpected.obj
 0001:000252a0       _unexpected                100262a0 f   libvcruntime:unexpected.obj
 0001:000252bd       ?GetCurrentState@__FrameHandler3@@SAHPAUEHRegistrationNode@@PAXPBU_s_FuncInfo@@@Z 100262bd f   libvcruntime:ehstate.obj
 0001:000252da       ?SetState@__FrameHandler3@@SAXPAUEHRegistrationNode@@PBU_s_FuncInfo@@H@Z 100262da f   libvcruntime:ehstate.obj
 0001:000252e8       ___DestructExceptionObject 100262e8 f   libvcruntime:ehhelpers.obj
 0001:00025388       ?_CallMemberFunction0@@YGXQAX0@Z 10026388 f i libvcruntime:ehhelpers.obj
 0001:00025395       ?raw_name@type_info@@QBEPBDXZ 10026395 f i libvcruntime:ehhelpers.obj
 0001:00025399       __IsExceptionObjectToBeDestroyed 10026399 f   libvcruntime:ehhelpers.obj
 0001:000253bf       __SetWinRTOutOfMemoryExceptionCallback 100263bf f   libvcruntime:ehhelpers.obj
 0001:000253cc       ___AdjustPointer           100263cc f   libvcruntime:ehhelpers.obj
 0001:000253f1       ___FrameUnwindFilter       100263f1 f   libvcruntime:ehhelpers.obj
 0001:00025436       ___GetPlatformExceptionInfo 10026436 f   libvcruntime:ehhelpers.obj
 0001:00025482       ___current_exception       10026482 f   libvcruntime:ehhelpers.obj
 0001:0002548b       ___current_exception_context 1002648b f   libvcruntime:ehhelpers.obj
 0001:00025494       ___processing_throw        10026494 f   libvcruntime:ehhelpers.obj
 0001:0002549d       ___std_terminate           1002649d f   libvcruntime:ehhelpers.obj
 0001:000254a2       __is_exception_typeof      100264a2 f   libvcruntime:ehhelpers.obj
 0001:00025546       ??$?RD@__crt_public_free_policy@@QBEXQBD@Z 10026546 f i libvcruntime:std_exception.obj
 0001:00025556       ??0?$__crt_unique_heap_ptr@DU__crt_public_free_policy@@@@QAE@QAD@Z 10026556 f i libvcruntime:std_exception.obj
 0001:00025564       ??1?$__crt_unique_heap_ptr@DU__crt_public_free_policy@@@@QAE@XZ 10026564 f i libvcruntime:std_exception.obj
 0001:00025574       ??B?$__crt_unique_heap_ptr@DU__crt_public_free_policy@@@@QBE_NXZ 10026574 f i libvcruntime:std_exception.obj
 0001:0002557b       ?detach@?$__crt_unique_heap_ptr@DU__crt_public_free_policy@@@@QAEPADXZ 1002657b f i libvcruntime:std_exception.obj
 0001:00025581       ?get@?$__crt_unique_heap_ptr@DU__crt_public_free_policy@@@@QBEPADXZ 10026581 f i libvcruntime:std_exception.obj
 0001:00025584       ?is_valid@?$__crt_unique_heap_ptr@DU__crt_public_free_policy@@@@QBE_NXZ 10026584 f i libvcruntime:std_exception.obj
 0001:0002558b       ?release@?$__crt_unique_heap_ptr@DU__crt_public_free_policy@@@@QAEXXZ 1002658b f i libvcruntime:std_exception.obj
 0001:0002559b       ___std_exception_copy      1002659b f   libvcruntime:std_exception.obj
 0001:000255fe       ___std_exception_destroy   100265fe f   libvcruntime:std_exception.obj
 0001:0002561d       __CxxThrowException@8      1002661d f   libvcruntime:throw.obj
 0001:00025690       _memmove                   10026690 f   libvcruntime:memmove.obj
 0001:00025f86       __lseek                    10026f86 f   libucrt:lseek.obj
 0001:00025f91       __lseek_nolock             10026f91 f   libucrt:lseek.obj
 0001:00025f9c       __lseeki64                 10026f9c f   libucrt:lseek.obj
 0001:00025fb7       __lseeki64_nolock          10026fb7 f   libucrt:lseek.obj
 0001:00025fd2       ??$?R_W@__crt_internal_free_policy@@QBEXQB_W@Z 10026fd2 f i libucrt:open.obj
 0001:00025fe4       ??$__vcrt_va_start_verify_argument_type@$$CBH@@YAXXZ 10026fe4 f i libucrt:open.obj
 0001:000262a7       ??$tsopen_nolock@PAHABQAHABQBDABHABHABHABH@?$__crt_char_traits@D@@SAH$$QAPAHABQAHABQBDABH333@Z 100272a7 f i libucrt:open.obj
 0001:000262d9       ??$tsopen_nolock@PAHABQAHABQB_WABHABHABHABH@?$__crt_char_traits@_W@@SAH$$QAPAHABQAHABQB_WABH333@Z 100272d9 f i libucrt:open.obj
 0001:0002630b       ??$tsopen_nolock@PAHPAHABQBDABHHABHH@?$__crt_char_traits@D@@SAH$$QAPAH0ABQBDABH$$QAH23@Z 1002730b f i libucrt:open.obj
 0001:0002633d       ??$tsopen_nolock@PAHPAHABQB_WABHHABHH@?$__crt_char_traits@_W@@SAH$$QAPAH0ABQB_WABH$$QAH23@Z 1002733d f i libucrt:open.obj
 0001:0002636f       ??0?$__crt_unique_heap_ptr@_WU__crt_internal_free_policy@@@@QAE@QA_W@Z 1002736f f i libucrt:open.obj
 0001:0002637f       ??1?$__crt_unique_heap_ptr@_WU__crt_internal_free_policy@@@@QAE@XZ 1002737f f i libucrt:open.obj
 0001:000268eb       ?release@?$__crt_unique_heap_ptr@_WU__crt_internal_free_policy@@@@QAEXXZ 100278eb f i libucrt:open.obj
 0001:000269ad       __invoke_watson_if_error   100279ad f i libucrt:open.obj
 0001:000269cf       __open                     100279cf f   libucrt:open.obj
 0001:000269e7       __sopen                    100279e7 f   libucrt:open.obj
 0001:00026a1c       __sopen_dispatch           10027a1c f   libucrt:open.obj
 0001:00026a27       __sopen_nolock             10027a27 f   libucrt:open.obj
 0001:00026a78       __sopen_s                  10027a78 f   libucrt:open.obj
 0001:00026a98       __wopen                    10027a98 f   libucrt:open.obj
 0001:00026ab0       __wsopen                   10027ab0 f   libucrt:open.obj
 0001:00026ae5       __wsopen_dispatch          10027ae5 f   libucrt:open.obj
 0001:00026af0       __wsopen_nolock            10027af0 f   libucrt:open.obj
 0001:00026e19       __wsopen_s                 10027e19 f   libucrt:open.obj
 0001:00026e39       ??0_LocaleUpdate@@QAE@QAU__crt_locale_pointers@@@Z 10027e39 f i libucrt:wcstombs.obj
 0001:00026ebc       ??1_LocaleUpdate@@QAE@XZ   10027ebc f i libucrt:wcstombs.obj
 0001:00026ecc       ?GetLocaleT@_LocaleUpdate@@QAEPAU__crt_locale_pointers@@XZ 10027ecc f i libucrt:wcstombs.obj
 0001:00027190       ___acrt_locale_changed     10028190 f i libucrt:wcstombs.obj
 0001:0002719b       __wcstombs_l               1002819b f   libucrt:wcstombs.obj
 0001:000271a6       __wcstombs_s_l             100281a6 f   libucrt:wcstombs.obj
 0001:00027273       _wcstombs                  10028273 f   libucrt:wcstombs.obj
 0001:0002728d       _wcstombs_s                1002828d f   libucrt:wcstombs.obj
 0001:000272b0       _strlen                    100282b0 f   libucrt:strlen.obj
 0001:0002733b       ??$?0ABV?$stream_output_adapter@D@__crt_stdio_output@@AB_KABQBDABQAU__crt_locale_pointers@@ABQAD@?$format_validation_base@DV?$stream_output_adapter@D@__crt_stdio_output@@@__crt_stdio_output@@IAE@ABV?$stream_output_adapter@D@1@AB_KABQBDABQAU__crt_locale_pointers@@ABQAD@Z 1002833b f i libucrt:output.obj
 0001:0002735e       ??$?0ABV?$stream_output_adapter@D@__crt_stdio_output@@AB_KABQBDABQAU__crt_locale_pointers@@ABQAD@?$positional_parameter_base@DV?$stream_output_adapter@D@__crt_stdio_output@@@__crt_stdio_output@@IAE@ABV?$stream_output_adapter@D@1@AB_KABQBDABQAU__crt_locale_pointers@@ABQAD@Z 1002835e f i libucrt:output.obj
 0001:000273a6       ??$?0ABV?$stream_output_adapter@D@__crt_stdio_output@@AB_KABQBDABQAU__crt_locale_pointers@@ABQAD@?$standard_base@DV?$stream_output_adapter@D@__crt_stdio_output@@@__crt_stdio_output@@IAE@ABV?$stream_output_adapter@D@1@AB_KABQBDABQAU__crt_locale_pointers@@ABQAD@Z 100283a6 f i libucrt:output.obj
 0001:000273db       ??$?0ABV?$stream_output_adapter@_W@__crt_stdio_output@@AB_KABQB_WABQAU__crt_locale_pointers@@ABQAD@?$format_validation_base@_WV?$stream_output_adapter@_W@__crt_stdio_output@@@__crt_stdio_output@@IAE@ABV?$stream_output_adapter@_W@1@AB_KABQB_WABQAU__crt_locale_pointers@@ABQAD@Z 100283db f i libucrt:output.obj
 0001:000273fe       ??$?0ABV?$stream_output_adapter@_W@__crt_stdio_output@@AB_KABQB_WABQAU__crt_locale_pointers@@ABQAD@?$positional_parameter_base@_WV?$stream_output_adapter@_W@__crt_stdio_output@@@__crt_stdio_output@@IAE@ABV?$stream_output_adapter@_W@1@AB_KABQB_WABQAU__crt_locale_pointers@@ABQAD@Z 100283fe f i libucrt:output.obj
 0001:00027446       ??$?0ABV?$stream_output_adapter@_W@__crt_stdio_output@@AB_KABQB_WABQAU__crt_locale_pointers@@ABQAD@?$standard_base@_WV?$stream_output_adapter@_W@__crt_stdio_output@@@__crt_stdio_output@@IAE@ABV?$stream_output_adapter@_W@1@AB_KABQB_WABQAU__crt_locale_pointers@@ABQAD@Z 10028446 f i libucrt:output.obj
 0001:0002747b       ??$?0ABV?$string_output_adapter@D@__crt_stdio_output@@AB_KABQBDABQAU__crt_locale_pointers@@ABQAD@?$format_validation_base@DV?$string_output_adapter@D@__crt_stdio_output@@@__crt_stdio_output@@IAE@ABV?$string_output_adapter@D@1@AB_KABQBDABQAU__crt_locale_pointers@@ABQAD@Z 1002847b f i libucrt:output.obj
 0001:0002749e       ??$?0ABV?$string_output_adapter@D@__crt_stdio_output@@AB_KABQBDABQAU__crt_locale_pointers@@ABQAD@?$positional_parameter_base@DV?$string_output_adapter@D@__crt_stdio_output@@@__crt_stdio_output@@IAE@ABV?$string_output_adapter@D@1@AB_KABQBDABQAU__crt_locale_pointers@@ABQAD@Z 1002849e f i libucrt:output.obj
 0001:000274e6       ??$?0ABV?$string_output_adapter@D@__crt_stdio_output@@AB_KABQBDABQAU__crt_locale_pointers@@ABQAD@?$standard_base@DV?$string_output_adapter@D@__crt_stdio_output@@@__crt_stdio_output@@IAE@ABV?$string_output_adapter@D@1@AB_KABQBDABQAU__crt_locale_pointers@@ABQAD@Z 100284e6 f i libucrt:output.obj
 0001:0002751b       ??$?0ABV?$string_output_adapter@_W@__crt_stdio_output@@AB_KABQB_WABQAU__crt_locale_pointers@@ABQAD@?$format_validation_base@_WV?$string_output_adapter@_W@__crt_stdio_output@@@__crt_stdio_output@@IAE@ABV?$string_output_adapter@_W@1@AB_KABQB_WABQAU__crt_locale_pointers@@ABQAD@Z 1002851b f i libucrt:output.obj
 0001:0002753e       ??$?0ABV?$string_output_adapter@_W@__crt_stdio_output@@AB_KABQB_WABQAU__crt_locale_pointers@@ABQAD@?$positional_parameter_base@_WV?$string_output_adapter@_W@__crt_stdio_output@@@__crt_stdio_output@@IAE@ABV?$string_output_adapter@_W@1@AB_KABQB_WABQAU__crt_locale_pointers@@ABQAD@Z 1002853e f i libucrt:output.obj
 0001:00027586       ??$?0ABV?$string_output_adapter@_W@__crt_stdio_output@@AB_KABQB_WABQAU__crt_locale_pointers@@ABQAD@?$standard_base@_WV?$string_output_adapter@_W@__crt_stdio_output@@@__crt_stdio_output@@IAE@ABV?$string_output_adapter@_W@1@AB_KABQB_WABQAU__crt_locale_pointers@@ABQAD@Z 10028586 f i libucrt:output.obj
 0001:00027891       ??$__crt_interlocked_read@J@@YAJPDJ@Z 10028891 f i libucrt:output.obj
 0001:0002877e       ??$count@D@formatting_buffer@__crt_stdio_output@@QBEIXZ 1002977e f i libucrt:output.obj
 0001:00028796       ??$count@_W@formatting_buffer@__crt_stdio_output@@QBEIXZ 10029796 f i libucrt:output.obj
 0001:000287af       ??$data@D@formatting_buffer@__crt_stdio_output@@QAEPADXZ 100297af f i libucrt:output.obj
 0001:000287bc       ??$data@_W@formatting_buffer@__crt_stdio_output@@QAEPA_WXZ 100297bc f i libucrt:output.obj
 0001:000287c9       ??$ensure_buffer_is_big_enough@D@formatting_buffer@__crt_stdio_output@@QAE_NI@Z 100297c9 f i libucrt:output.obj
 0001:00028848       ??$ensure_buffer_is_big_enough@_W@formatting_buffer@__crt_stdio_output@@QAE_NI@Z 10029848 f i libucrt:output.obj
 0001:000288c8       ??$extract_argument_from_va_list@C_J@?$positional_parameter_base@DV?$stream_output_adapter@D@__crt_stdio_output@@@__crt_stdio_output@@IAE_NAA_J@Z 100298c8 f i libucrt:output.obj
 0001:00028943       ??$extract_argument_from_va_list@C_J@?$positional_parameter_base@DV?$string_output_adapter@D@__crt_stdio_output@@@__crt_stdio_output@@IAE_NAA_J@Z 10029943 f i libucrt:output.obj
 0001:000289be       ??$extract_argument_from_va_list@C_J@?$positional_parameter_base@_WV?$stream_output_adapter@_W@__crt_stdio_output@@@__crt_stdio_output@@IAE_NAA_J@Z 100299be f i libucrt:output.obj
 0001:00028a39       ??$extract_argument_from_va_list@C_J@?$positional_parameter_base@_WV?$string_output_adapter@_W@__crt_stdio_output@@@__crt_stdio_output@@IAE_NAA_J@Z 10029a39 f i libucrt:output.obj
 0001:00028ab4       ??$extract_argument_from_va_list@C_J@?$standard_base@DV?$stream_output_adapter@D@__crt_stdio_output@@@__crt_stdio_output@@IAE_NAA_J@Z 10029ab4 f i libucrt:output.obj
 0001:00028ad3       ??$extract_argument_from_va_list@C_J@?$standard_base@DV?$string_output_adapter@D@__crt_stdio_output@@@__crt_stdio_output@@IAE_NAA_J@Z 10029ad3 f i libucrt:output.obj
 0001:00028af2       ??$extract_argument_from_va_list@C_J@?$standard_base@_WV?$stream_output_adapter@_W@__crt_stdio_output@@@__crt_stdio_output@@IAE_NAA_J@Z 10029af2 f i libucrt:output.obj
 0001:00028b11       ??$extract_argument_from_va_list@C_J@?$standard_base@_WV?$string_output_adapter@_W@__crt_stdio_output@@@__crt_stdio_output@@IAE_NAA_J@Z 10029b11 f i libucrt:output.obj
 0001:00028b30       ??$extract_argument_from_va_list@E_J@?$positional_parameter_base@DV?$stream_output_adapter@D@__crt_stdio_output@@@__crt_stdio_output@@IAE_NAA_J@Z 10029b30 f i libucrt:output.obj
 0001:00028bab       ??$extract_argument_from_va_list@E_J@?$positional_parameter_base@DV?$string_output_adapter@D@__crt_stdio_output@@@__crt_stdio_output@@IAE_NAA_J@Z 10029bab f i libucrt:output.obj
 0001:00028c26       ??$extract_argument_from_va_list@E_J@?$positional_parameter_base@_WV?$stream_output_adapter@_W@__crt_stdio_output@@@__crt_stdio_output@@IAE_NAA_J@Z 10029c26 f i libucrt:output.obj
 0001:00028ca1       ??$extract_argument_from_va_list@E_J@?$positional_parameter_base@_WV?$string_output_adapter@_W@__crt_stdio_output@@@__crt_stdio_output@@IAE_NAA_J@Z 10029ca1 f i libucrt:output.obj
 0001:00028d1c       ??$extract_argument_from_va_list@E_J@?$standard_base@DV?$stream_output_adapter@D@__crt_stdio_output@@@__crt_stdio_output@@IAE_NAA_J@Z 10029d1c f i libucrt:output.obj
 0001:00028d3b       ??$extract_argument_from_va_list@E_J@?$standard_base@DV?$string_output_adapter@D@__crt_stdio_output@@@__crt_stdio_output@@IAE_NAA_J@Z 10029d3b f i libucrt:output.obj
 0001:00028d5a       ??$extract_argument_from_va_list@E_J@?$standard_base@_WV?$stream_output_adapter@_W@__crt_stdio_output@@@__crt_stdio_output@@IAE_NAA_J@Z 10029d5a f i libucrt:output.obj
 0001:00028d79       ??$extract_argument_from_va_list@E_J@?$standard_base@_WV?$string_output_adapter@_W@__crt_stdio_output@@@__crt_stdio_output@@IAE_NAA_J@Z 10029d79 f i libucrt:output.obj
 0001:00028d98       ??$extract_argument_from_va_list@F_J@?$positional_parameter_base@DV?$stream_output_adapter@D@__crt_stdio_output@@@__crt_stdio_output@@IAE_NAA_J@Z 10029d98 f i libucrt:output.obj
 0001:00028e13       ??$extract_argument_from_va_list@F_J@?$positional_parameter_base@DV?$string_output_adapter@D@__crt_stdio_output@@@__crt_stdio_output@@IAE_NAA_J@Z 10029e13 f i libucrt:output.obj
 0001:00028e8e       ??$extract_argument_from_va_list@F_J@?$positional_parameter_base@_WV?$stream_output_adapter@_W@__crt_stdio_output@@@__crt_stdio_output@@IAE_NAA_J@Z 10029e8e f i libucrt:output.obj
 0001:00028f09       ??$extract_argument_from_va_list@F_J@?$positional_parameter_base@_WV?$string_output_adapter@_W@__crt_stdio_output@@@__crt_stdio_output@@IAE_NAA_J@Z 10029f09 f i libucrt:output.obj
 0001:00028f84       ??$extract_argument_from_va_list@F_J@?$standard_base@DV?$stream_output_adapter@D@__crt_stdio_output@@@__crt_stdio_output@@IAE_NAA_J@Z 10029f84 f i libucrt:output.obj
 0001:00028fa3       ??$extract_argument_from_va_list@F_J@?$standard_base@DV?$string_output_adapter@D@__crt_stdio_output@@@__crt_stdio_output@@IAE_NAA_J@Z 10029fa3 f i libucrt:output.obj
 0001:00028fc2       ??$extract_argument_from_va_list@F_J@?$standard_base@_WV?$stream_output_adapter@_W@__crt_stdio_output@@@__crt_stdio_output@@IAE_NAA_J@Z 10029fc2 f i libucrt:output.obj
 0001:00028fe1       ??$extract_argument_from_va_list@F_J@?$standard_base@_WV?$string_output_adapter@_W@__crt_stdio_output@@@__crt_stdio_output@@IAE_NAA_J@Z 10029fe1 f i libucrt:output.obj
 0001:00029000       ??$extract_argument_from_va_list@GD@?$positional_parameter_base@DV?$stream_output_adapter@D@__crt_stdio_output@@@__crt_stdio_output@@IAE_NAAD@Z 1002a000 f i libucrt:output.obj
 0001:0002907a       ??$extract_argument_from_va_list@GD@?$positional_parameter_base@DV?$string_output_adapter@D@__crt_stdio_output@@@__crt_stdio_output@@IAE_NAAD@Z 1002a07a f i libucrt:output.obj
 0001:000290f4       ??$extract_argument_from_va_list@GD@?$standard_base@DV?$stream_output_adapter@D@__crt_stdio_output@@@__crt_stdio_output@@IAE_NAAD@Z 1002a0f4 f i libucrt:output.obj
 0001:0002910e       ??$extract_argument_from_va_list@GD@?$standard_base@DV?$string_output_adapter@D@__crt_stdio_output@@@__crt_stdio_output@@IAE_NAAD@Z 1002a10e f i libucrt:output.obj
 0001:00029128       ??$extract_argument_from_va_list@G_J@?$positional_parameter_base@DV?$stream_output_adapter@D@__crt_stdio_output@@@__crt_stdio_output@@IAE_NAA_J@Z 1002a128 f i libucrt:output.obj
 0001:000291a3       ??$extract_argument_from_va_list@G_J@?$positional_parameter_base@DV?$string_output_adapter@D@__crt_stdio_output@@@__crt_stdio_output@@IAE_NAA_J@Z 1002a1a3 f i libucrt:output.obj
 0001:0002921e       ??$extract_argument_from_va_list@G_J@?$positional_parameter_base@_WV?$stream_output_adapter@_W@__crt_stdio_output@@@__crt_stdio_output@@IAE_NAA_J@Z 1002a21e f i libucrt:output.obj
 0001:00029299       ??$extract_argument_from_va_list@G_J@?$positional_parameter_base@_WV?$string_output_adapter@_W@__crt_stdio_output@@@__crt_stdio_output@@IAE_NAA_J@Z 1002a299 f i libucrt:output.obj
 0001:00029314       ??$extract_argument_from_va_list@G_J@?$standard_base@DV?$stream_output_adapter@D@__crt_stdio_output@@@__crt_stdio_output@@IAE_NAA_J@Z 1002a314 f i libucrt:output.obj
 0001:00029333       ??$extract_argument_from_va_list@G_J@?$standard_base@DV?$string_output_adapter@D@__crt_stdio_output@@@__crt_stdio_output@@IAE_NAA_J@Z 1002a333 f i libucrt:output.obj
 0001:00029352       ??$extract_argument_from_va_list@G_J@?$standard_base@_WV?$stream_output_adapter@_W@__crt_stdio_output@@@__crt_stdio_output@@IAE_NAA_J@Z 1002a352 f i libucrt:output.obj
 0001:00029371       ??$extract_argument_from_va_list@G_J@?$standard_base@_WV?$string_output_adapter@_W@__crt_stdio_output@@@__crt_stdio_output@@IAE_NAA_J@Z 1002a371 f i libucrt:output.obj
 0001:00029390       ??$extract_argument_from_va_list@H_J@?$positional_parameter_base@DV?$stream_output_adapter@D@__crt_stdio_output@@@__crt_stdio_output@@IAE_NAA_J@Z 1002a390 f i libucrt:output.obj
 0001:00029409       ??$extract_argument_from_va_list@H_J@?$positional_parameter_base@DV?$string_output_adapter@D@__crt_stdio_output@@@__crt_stdio_output@@IAE_NAA_J@Z 1002a409 f i libucrt:output.obj
 0001:00029482       ??$extract_argument_from_va_list@H_J@?$positional_parameter_base@_WV?$stream_output_adapter@_W@__crt_stdio_output@@@__crt_stdio_output@@IAE_NAA_J@Z 1002a482 f i libucrt:output.obj
 0001:000294fb       ??$extract_argument_from_va_list@H_J@?$positional_parameter_base@_WV?$string_output_adapter@_W@__crt_stdio_output@@@__crt_stdio_output@@IAE_NAA_J@Z 1002a4fb f i libucrt:output.obj
 0001:00029574       ??$extract_argument_from_va_list@H_J@?$standard_base@DV?$stream_output_adapter@D@__crt_stdio_output@@@__crt_stdio_output@@IAE_NAA_J@Z 1002a574 f i libucrt:output.obj
 0001:00029592       ??$extract_argument_from_va_list@H_J@?$standard_base@DV?$string_output_adapter@D@__crt_stdio_output@@@__crt_stdio_output@@IAE_NAA_J@Z 1002a592 f i libucrt:output.obj
 0001:000295b0       ??$extract_argument_from_va_list@H_J@?$standard_base@_WV?$stream_output_adapter@_W@__crt_stdio_output@@@__crt_stdio_output@@IAE_NAA_J@Z 1002a5b0 f i libucrt:output.obj
 0001:000295ce       ??$extract_argument_from_va_list@H_J@?$standard_base@_WV?$string_output_adapter@_W@__crt_stdio_output@@@__crt_stdio_output@@IAE_NAA_J@Z 1002a5ce f i libucrt:output.obj
 0001:000295ec       ??$extract_argument_from_va_list@I_J@?$positional_parameter_base@DV?$stream_output_adapter@D@__crt_stdio_output@@@__crt_stdio_output@@IAE_NAA_J@Z 1002a5ec f i libucrt:output.obj
 0001:0002966e       ??$extract_argument_from_va_list@I_J@?$positional_parameter_base@DV?$string_output_adapter@D@__crt_stdio_output@@@__crt_stdio_output@@IAE_NAA_J@Z 1002a66e f i libucrt:output.obj
 0001:000296f0       ??$extract_argument_from_va_list@I_J@?$positional_parameter_base@_WV?$stream_output_adapter@_W@__crt_stdio_output@@@__crt_stdio_output@@IAE_NAA_J@Z 1002a6f0 f i libucrt:output.obj
 0001:00029772       ??$extract_argument_from_va_list@I_J@?$positional_parameter_base@_WV?$string_output_adapter@_W@__crt_stdio_output@@@__crt_stdio_output@@IAE_NAA_J@Z 1002a772 f i libucrt:output.obj
 0001:000297f4       ??$extract_argument_from_va_list@I_J@?$standard_base@DV?$stream_output_adapter@D@__crt_stdio_output@@@__crt_stdio_output@@IAE_NAA_J@Z 1002a7f4 f i libucrt:output.obj
 0001:00029812       ??$extract_argument_from_va_list@I_J@?$standard_base@DV?$string_output_adapter@D@__crt_stdio_output@@@__crt_stdio_output@@IAE_NAA_J@Z 1002a812 f i libucrt:output.obj
 0001:00029830       ??$extract_argument_from_va_list@I_J@?$standard_base@_WV?$stream_output_adapter@_W@__crt_stdio_output@@@__crt_stdio_output@@IAE_NAA_J@Z 1002a830 f i libucrt:output.obj
 0001:0002984e       ??$extract_argument_from_va_list@I_J@?$standard_base@_WV?$string_output_adapter@_W@__crt_stdio_output@@@__crt_stdio_output@@IAE_NAA_J@Z 1002a84e f i libucrt:output.obj
 0001:0002986c       ??$extract_argument_from_va_list@PADPAD@?$positional_parameter_base@DV?$stream_output_adapter@D@__crt_stdio_output@@@__crt_stdio_output@@IAE_NAAPAD@Z 1002a86c f i libucrt:output.obj
 0001:000298e6       ??$extract_argument_from_va_list@PADPAD@?$positional_parameter_base@DV?$string_output_adapter@D@__crt_stdio_output@@@__crt_stdio_output@@IAE_NAAPAD@Z 1002a8e6 f i libucrt:output.obj
 0001:00029960       ??$extract_argument_from_va_list@PADPAD@?$positional_parameter_base@_WV?$stream_output_adapter@_W@__crt_stdio_output@@@__crt_stdio_output@@IAE_NAAPAD@Z 1002a960 f i libucrt:output.obj
 0001:000299da       ??$extract_argument_from_va_list@PADPAD@?$positional_parameter_base@_WV?$string_output_adapter@_W@__crt_stdio_output@@@__crt_stdio_output@@IAE_NAAPAD@Z 1002a9da f i libucrt:output.obj
 0001:00029a54       ??$extract_argument_from_va_list@PADPAD@?$standard_base@DV?$stream_output_adapter@D@__crt_stdio_output@@@__crt_stdio_output@@IAE_NAAPAD@Z 1002aa54 f i libucrt:output.obj
 0001:00029a6e       ??$extract_argument_from_va_list@PADPAD@?$standard_base@DV?$string_output_adapter@D@__crt_stdio_output@@@__crt_stdio_output@@IAE_NAAPAD@Z 1002aa6e f i libucrt:output.obj
 0001:00029a88       ??$extract_argument_from_va_list@PADPAD@?$standard_base@_WV?$stream_output_adapter@_W@__crt_stdio_output@@@__crt_stdio_output@@IAE_NAAPAD@Z 1002aa88 f i libucrt:output.obj
 0001:00029aa2       ??$extract_argument_from_va_list@PADPAD@?$standard_base@_WV?$string_output_adapter@_W@__crt_stdio_output@@@__crt_stdio_output@@IAE_NAAPAD@Z 1002aaa2 f i libucrt:output.obj
 0001:00029ddc       ??$extract_argument_from_va_list@PAXPAX@?$positional_parameter_base@DV?$stream_output_adapter@D@__crt_stdio_output@@@__crt_stdio_output@@IAE_NAAPAX@Z 1002addc f i libucrt:output.obj
 0001:00029e56       ??$extract_argument_from_va_list@PAXPAX@?$positional_parameter_base@DV?$string_output_adapter@D@__crt_stdio_output@@@__crt_stdio_output@@IAE_NAAPAX@Z 1002ae56 f i libucrt:output.obj
 0001:00029ed0       ??$extract_argument_from_va_list@PAXPAX@?$positional_parameter_base@_WV?$stream_output_adapter@_W@__crt_stdio_output@@@__crt_stdio_output@@IAE_NAAPAX@Z 1002aed0 f i libucrt:output.obj
 0001:00029f4a       ??$extract_argument_from_va_list@PAXPAX@?$positional_parameter_base@_WV?$string_output_adapter@_W@__crt_stdio_output@@@__crt_stdio_output@@IAE_NAAPAX@Z 1002af4a f i libucrt:output.obj
 0001:00029fc4       ??$extract_argument_from_va_list@PAXPAX@?$standard_base@DV?$stream_output_adapter@D@__crt_stdio_output@@@__crt_stdio_output@@IAE_NAAPAX@Z 1002afc4 f i libucrt:output.obj
 0001:00029fde       ??$extract_argument_from_va_list@PAXPAX@?$standard_base@DV?$string_output_adapter@D@__crt_stdio_output@@@__crt_stdio_output@@IAE_NAAPAX@Z 1002afde f i libucrt:output.obj
 0001:00029ff8       ??$extract_argument_from_va_list@PAXPAX@?$standard_base@_WV?$stream_output_adapter@_W@__crt_stdio_output@@@__crt_stdio_output@@IAE_NAAPAX@Z 1002aff8 f i libucrt:output.obj
 0001:0002a012       ??$extract_argument_from_va_list@PAXPAX@?$standard_base@_WV?$string_output_adapter@_W@__crt_stdio_output@@@__crt_stdio_output@@IAE_NAAPAX@Z 1002b012 f i libucrt:output.obj
 0001:0002a02c       ??$extract_argument_from_va_list@U_CRT_DOUBLE@@U1@@?$positional_parameter_base@DV?$stream_output_adapter@D@__crt_stdio_output@@@__crt_stdio_output@@IAE_NAAU_CRT_DOUBLE@@@Z 1002b02c f i libucrt:output.obj
 0001:0002a0b4       ??$extract_argument_from_va_list@U_CRT_DOUBLE@@U1@@?$positional_parameter_base@DV?$string_output_adapter@D@__crt_stdio_output@@@__crt_stdio_output@@IAE_NAAU_CRT_DOUBLE@@@Z 1002b0b4 f i libucrt:output.obj
 0001:0002a13c       ??$extract_argument_from_va_list@U_CRT_DOUBLE@@U1@@?$positional_parameter_base@_WV?$stream_output_adapter@_W@__crt_stdio_output@@@__crt_stdio_output@@IAE_NAAU_CRT_DOUBLE@@@Z 1002b13c f i libucrt:output.obj
 0001:0002a1c4       ??$extract_argument_from_va_list@U_CRT_DOUBLE@@U1@@?$positional_parameter_base@_WV?$string_output_adapter@_W@__crt_stdio_output@@@__crt_stdio_output@@IAE_NAAU_CRT_DOUBLE@@@Z 1002b1c4 f i libucrt:output.obj
 0001:0002a24c       ??$extract_argument_from_va_list@U_CRT_DOUBLE@@U1@@?$standard_base@DV?$stream_output_adapter@D@__crt_stdio_output@@@__crt_stdio_output@@IAE_NAAU_CRT_DOUBLE@@@Z 1002b24c f i libucrt:output.obj
 0001:0002a26c       ??$extract_argument_from_va_list@U_CRT_DOUBLE@@U1@@?$standard_base@DV?$string_output_adapter@D@__crt_stdio_output@@@__crt_stdio_output@@IAE_NAAU_CRT_DOUBLE@@@Z 1002b26c f i libucrt:output.obj
[...]
 0003:00001600       ?outmsg@?9??__acrt_report_runtime_error@@9@4PA_WA 1006f600     libucrt:report_runtime_error.obj
 0003:00001c34       ?__acrt_global_new_mode@@3V?$dual_state_global@J@__crt_state_management@@A 1006fc34     libucrt:new_mode.obj
 0003:00001c3c       ___acrt_error_mode         1006fc3c     libucrt:set_error_mode.obj
 0003:00001c44       __pmatherr_set             1006fc44     libucrt:libm_error.obj
 0003:00001c48       ?calls@?1??crypthead@@9@9  1006fc48     zip.obj
 0003:00001c4c       ?_RTC_ErrorReportFunc@@3P6AHHPBDH00ZZA 1006fc4c     LIBCMT:userapi.obj
 0003:00001c50       ?_RTC_ErrorReportFuncW@@3P6AHHPB_WH00ZZA 1006fc50     LIBCMT:userapi.obj
 0003:00001c54       ?mspdb@@3PAUHINSTANCE__@@A 1006fc54     LIBCMT:pdblkup.obj
 0003:00001c58       ?alreadyTried@?1??GetPdbDll@@YAPAUHINSTANCE__@@XZ@4_NA 1006fc58     LIBCMT:pdblkup.obj
 0003:00001c59       ?PDBOK@?1??_RTC_GetSrcLine@@YAHPAEPA_WKPAH1K@Z@4_NA 1006fc59     LIBCMT:pdblkup.obj
 0004:00000000       __95347B96_ctype@h         10070000     adler32.obj
 0004:00000001       __149DB6BE_basetsd@h       10070001     adler32.obj
 0004:00000002       __9CFFAB73_corecrt_memcpy_s@h 10070002     adler32.obj
 0004:00000003       __55B7CB8D_corecrt_wstring@h 10070003     adler32.obj
 0004:00000004       __2F7506B6_string@h        10070004     adler32.obj
 0004:00000005       __5BA8817F_winnt@h         10070005     adler32.obj
 0004:00000006       __8421AFE7_processthreadsapi@h 10070006     adler32.obj
 0004:00000007       __F192E00B_memoryapi@h     10070007     adler32.obj
 0004:00000008       __0DF854E2_winerror@h      10070008     adler32.obj
 0004:00000009       __940BF1C4_winbase@h       10070009     adler32.obj
 0004:0000000a       __78A3E64A_stralign@h      1007000a     adler32.obj
 0004:0000000b       __ABDB54D7_adler32@c       1007000b     adler32.obj
 0004:0000000c       __95347B96_ctype@h         1007000c     compress.obj
 0004:0000000d       __149DB6BE_basetsd@h       1007000d     compress.obj
 0004:0000000e       __9CFFAB73_corecrt_memcpy_s@h 1007000e     compress.obj
 0004:0000000f       __55B7CB8D_corecrt_wstring@h 1007000f     compress.obj
 0004:00000010       __2F7506B6_string@h        10070010     compress.obj
 0004:00000011       __5BA8817F_winnt@h         10070011     compress.obj
 0004:00000012       __8421AFE7_processthreadsapi@h 10070012     compress.obj
 0004:00000013       __F192E00B_memoryapi@h     10070013     compress.obj
 0004:00000014       __0DF854E2_winerror@h      10070014     compress.obj
 0004:00000015       __940BF1C4_winbase@h       10070015     compress.obj
 0004:00000016       __78A3E64A_stralign@h      10070016     compress.obj
 0004:00000017       __0603D84E_compress@c      10070017     compress.obj
 0004:00000018       __95347B96_ctype@h         10070018     crc32.obj
 0004:00000019       __149DB6BE_basetsd@h       10070019     crc32.obj
 0004:0000001a       __9CFFAB73_corecrt_memcpy_s@h 1007001a     crc32.obj
 0004:0000001b       __55B7CB8D_corecrt_wstring@h 1007001b     crc32.obj
 0004:0000001c       __2F7506B6_string@h        1007001c     crc32.obj
 0004:0000001d       __5BA8817F_winnt@h         1007001d     crc32.obj
 0004:0000001e       __8421AFE7_processthreadsapi@h 1007001e     crc32.obj
 0004:0000001f       __F192E00B_memoryapi@h     1007001f     crc32.obj
 0004:00000020       __0DF854E2_winerror@h      10070020     crc32.obj
 0004:00000021       __940BF1C4_winbase@h       10070021     crc32.obj
 0004:00000022       __78A3E64A_stralign@h      10070022     crc32.obj
 0004:00000023       __D49CDC1E_crc32@c         10070023     crc32.obj
 0004:00000024       __95347B96_ctype@h         10070024     deflate.obj
 0004:00000025       __149DB6BE_basetsd@h       10070025     deflate.obj
 0004:00000026       __9CFFAB73_corecrt_memcpy_s@h 10070026     deflate.obj
 0004:00000027       __55B7CB8D_corecrt_wstring@h 10070027     deflate.obj
 0004:00000028       __2F7506B6_string@h        10070028     deflate.obj
 0004:00000029       __5BA8817F_winnt@h         10070029     deflate.obj
 0004:0000002a       __8421AFE7_processthreadsapi@h 1007002a     deflate.obj
 0004:0000002b       __F192E00B_memoryapi@h     1007002b     deflate.obj
 0004:0000002c       __0DF854E2_winerror@h      1007002c     deflate.obj
 0004:0000002d       __940BF1C4_winbase@h       1007002d     deflate.obj
 0004:0000002e       __78A3E64A_stralign@h      1007002e     deflate.obj
 0004:0000002f       __E6E9AA63_deflate@c       1007002f     deflate.obj
 0004:00000030       __DB664BEB_corecrt_stdio_config@h 10070030     gzclose.obj
 0004:00000031       __E28BBA23_corecrt_wstdio@h 10070031     gzclose.obj
 0004:00000032       __4A1C29A8_stdio@h         10070032     gzclose.obj
 0004:00000033       __95347B96_ctype@h         10070033     gzclose.obj
 0004:00000034       __149DB6BE_basetsd@h       10070034     gzclose.obj
 0004:00000035       __9CFFAB73_corecrt_memcpy_s@h 10070035     gzclose.obj
 0004:00000036       __55B7CB8D_corecrt_wstring@h 10070036     gzclose.obj
 0004:00000037       __2F7506B6_string@h        10070037     gzclose.obj
 0004:00000038       __5BA8817F_winnt@h         10070038     gzclose.obj
 0004:00000039       __8421AFE7_processthreadsapi@h 10070039     gzclose.obj
 0004:0000003a       __F192E00B_memoryapi@h     1007003a     gzclose.obj
 0004:0000003b       __0DF854E2_winerror@h      1007003b     gzclose.obj
 0004:0000003c       __940BF1C4_winbase@h       1007003c     gzclose.obj
 0004:0000003d       __78A3E64A_stralign@h      1007003d     gzclose.obj
 0004:0000003e       __0A201C5E_gzclose@c       1007003e     gzclose.obj
 0004:0000003f       __DB664BEB_corecrt_stdio_config@h 1007003f     gzlib.obj
 0004:00000040       __E28BBA23_corecrt_wstdio@h 10070040     gzlib.obj
 0004:00000041       __4A1C29A8_stdio@h         10070041     gzlib.obj
 0004:00000042       __95347B96_ctype@h         10070042     gzlib.obj
 0004:00000043       __149DB6BE_basetsd@h       10070043     gzlib.obj
 0004:00000044       __9CFFAB73_corecrt_memcpy_s@h 10070044     gzlib.obj
 0004:00000045       __55B7CB8D_corecrt_wstring@h 10070045     gzlib.obj
 0004:00000046       __2F7506B6_string@h        10070046     gzlib.obj
 0004:00000047       __5BA8817F_winnt@h         10070047     gzlib.obj
 0004:00000048       __8421AFE7_processthreadsapi@h 10070048     gzlib.obj
 0004:00000049       __F192E00B_memoryapi@h     10070049     gzlib.obj
 0004:0000004a       __0DF854E2_winerror@h      1007004a     gzlib.obj
 0004:0000004b       __940BF1C4_winbase@h       1007004b     gzlib.obj
 0004:0000004c       __78A3E64A_stralign@h      1007004c     gzlib.obj
 0004:0000004d       __86DC2CC7_gzlib@c         1007004d     gzlib.obj
 0004:0000004e       __DB664BEB_corecrt_stdio_config@h 1007004e     gzread.obj
 0004:0000004f       __E28BBA23_corecrt_wstdio@h 1007004f     gzread.obj
 0004:00000050       __4A1C29A8_stdio@h         10070050     gzread.obj
 0004:00000051       __95347B96_ctype@h         10070051     gzread.obj
 0004:00000052       __149DB6BE_basetsd@h       10070052     gzread.obj
 0004:00000053       __9CFFAB73_corecrt_memcpy_s@h 10070053     gzread.obj
 0004:00000054       __55B7CB8D_corecrt_wstring@h 10070054     gzread.obj
 0004:00000055       __2F7506B6_string@h        10070055     gzread.obj
 0004:00000056       __5BA8817F_winnt@h         10070056     gzread.obj
 0004:00000057       __8421AFE7_processthreadsapi@h 10070057     gzread.obj
 0004:00000058       __F192E00B_memoryapi@h     10070058     gzread.obj
 0004:00000059       __0DF854E2_winerror@h      10070059     gzread.obj
 0004:0000005a       __940BF1C4_winbase@h       1007005a     gzread.obj
 0004:0000005b       __78A3E64A_stralign@h      1007005b     gzread.obj
 0004:0000005c       __077EA387_gzread@c        1007005c     gzread.obj
 0004:0000005d       __DB664BEB_corecrt_stdio_config@h 1007005d     gzwrite.obj
 0004:0000005e       __E28BBA23_corecrt_wstdio@h 1007005e     gzwrite.obj
 0004:0000005f       __4A1C29A8_stdio@h         1007005f     gzwrite.obj
 0004:00000060       __95347B96_ctype@h         10070060     gzwrite.obj
 0004:00000061       __149DB6BE_basetsd@h       10070061     gzwrite.obj
 0004:00000062       __9CFFAB73_corecrt_memcpy_s@h 10070062     gzwrite.obj
 0004:00000063       __55B7CB8D_corecrt_wstring@h 10070063     gzwrite.obj
 0004:00000064       __2F7506B6_string@h        10070064     gzwrite.obj
 0004:00000065       __5BA8817F_winnt@h         10070065     gzwrite.obj
 0004:00000066       __8421AFE7_processthreadsapi@h 10070066     gzwrite.obj
 0004:00000067       __F192E00B_memoryapi@h     10070067     gzwrite.obj
 0004:00000068       __0DF854E2_winerror@h      10070068     gzwrite.obj
 0004:00000069       __940BF1C4_winbase@h       10070069     gzwrite.obj
 0004:0000006a       __78A3E64A_stralign@h      1007006a     gzwrite.obj
 0004:0000006b       __B2FA0A71_gzwrite@c       1007006b     gzwrite.obj
 0004:0000006c       __95347B96_ctype@h         1007006c     infback.obj
 0004:0000006d       __149DB6BE_basetsd@h       1007006d     infback.obj
 0004:0000006e       __9CFFAB73_corecrt_memcpy_s@h 1007006e     infback.obj
 0004:0000006f       __55B7CB8D_corecrt_wstring@h 1007006f     infback.obj
 0004:00000070       __2F7506B6_string@h        10070070     infback.obj
 0004:00000071       __5BA8817F_winnt@h         10070071     infback.obj
 0004:00000072       __8421AFE7_processthreadsapi@h 10070072     infback.obj
 0004:00000073       __F192E00B_memoryapi@h     10070073     infback.obj
 0004:00000074       __0DF854E2_winerror@h      10070074     infback.obj
 0004:00000075       __940BF1C4_winbase@h       10070075     infback.obj
 0004:00000076       __78A3E64A_stralign@h      10070076     infback.obj
 0004:00000077       __55962C33_inffixed@h      10070077     infback.obj
 0004:00000078       __B796723E_infback@c       10070078     infback.obj
 0004:00000079       __95347B96_ctype@h         10070079     inffast.obj
 0004:0000007a       __149DB6BE_basetsd@h       1007007a     inffast.obj
 0004:0000007b       __9CFFAB73_corecrt_memcpy_s@h 1007007b     inffast.obj
 0004:0000007c       __55B7CB8D_corecrt_wstring@h 1007007c     inffast.obj
 0004:0000007d       __2F7506B6_string@h        1007007d     inffast.obj
 0004:0000007e       __5BA8817F_winnt@h         1007007e     inffast.obj
 0004:0000007f       __8421AFE7_processthreadsapi@h 1007007f     inffast.obj
 0004:00000080       __F192E00B_memoryapi@h     10070080     inffast.obj
 0004:00000081       __0DF854E2_winerror@h      10070081     inffast.obj
 0004:00000082       __940BF1C4_winbase@h       10070082     inffast.obj
 0004:00000083       __78A3E64A_stralign@h      10070083     inffast.obj
 0004:00000084       __95347B96_ctype@h         10070084     inflate.obj
 0004:00000085       __149DB6BE_basetsd@h       10070085     inflate.obj
 0004:00000086       __9CFFAB73_corecrt_memcpy_s@h 10070086     inflate.obj
 0004:00000087       __55B7CB8D_corecrt_wstring@h 10070087     inflate.obj
 0004:00000088       __2F7506B6_string@h        10070088     inflate.obj
 0004:00000089       __5BA8817F_winnt@h         10070089     inflate.obj
 0004:0000008a       __8421AFE7_processthreadsapi@h 1007008a     inflate.obj
 0004:0000008b       __F192E00B_memoryapi@h     1007008b     inflate.obj
 0004:0000008c       __0DF854E2_winerror@h      1007008c     inflate.obj
 0004:0000008d       __940BF1C4_winbase@h       1007008d     inflate.obj
 0004:0000008e       __78A3E64A_stralign@h      1007008e     inflate.obj
 0004:0000008f       __55962C33_inffixed@h      1007008f     inflate.obj
 0004:00000090       __4ACC5162_inflate@c       10070090     inflate.obj
 0004:00000091       __95347B96_ctype@h         10070091     inftrees.obj
 0004:00000092       __149DB6BE_basetsd@h       10070092     inftrees.obj
 0004:00000093       __9CFFAB73_corecrt_memcpy_s@h 10070093     inftrees.obj
 0004:00000094       __55B7CB8D_corecrt_wstring@h 10070094     inftrees.obj
 0004:00000095       __2F7506B6_string@h        10070095     inftrees.obj
 0004:00000096       __5BA8817F_winnt@h         10070096     inftrees.obj
 0004:00000097       __8421AFE7_processthreadsapi@h 10070097     inftrees.obj
 0004:00000098       __F192E00B_memoryapi@h     10070098     inftrees.obj
 0004:00000099       __0DF854E2_winerror@h      10070099     inftrees.obj
 0004:0000009a       __940BF1C4_winbase@h       1007009a     inftrees.obj
 0004:0000009b       __78A3E64A_stralign@h      1007009b     inftrees.obj
 0004:0000009c       __DA0D6CC2_inftrees@c      1007009c     inftrees.obj
 0004:0000009d       __DB664BEB_corecrt_stdio_config@h 1007009d     ioapi.obj
 0004:0000009e       __E28BBA23_corecrt_wstdio@h 1007009e     ioapi.obj
 0004:0000009f       __4A1C29A8_stdio@h         1007009f     ioapi.obj
 0004:000000a0       __95347B96_ctype@h         100700a0     ioapi.obj
 0004:000000a1       __149DB6BE_basetsd@h       100700a1     ioapi.obj
 0004:000000a2       __9CFFAB73_corecrt_memcpy_s@h 100700a2     ioapi.obj
 0004:000000a3       __55B7CB8D_corecrt_wstring@h 100700a3     ioapi.obj
 0004:000000a4       __2F7506B6_string@h        100700a4     ioapi.obj
 0004:000000a5       __5BA8817F_winnt@h         100700a5     ioapi.obj
 0004:000000a6       __8421AFE7_processthreadsapi@h 100700a6     ioapi.obj
 0004:000000a7       __F192E00B_memoryapi@h     100700a7     ioapi.obj
 0004:000000a8       __0DF854E2_winerror@h      100700a8     ioapi.obj
 0004:000000a9       __940BF1C4_winbase@h       100700a9     ioapi.obj
 0004:000000aa       __78A3E64A_stralign@h      100700aa     ioapi.obj
 0004:000000ab       __925E5E46_ioapi@c         100700ab     ioapi.obj
 0004:000000ac       __95347B96_ctype@h         100700ac     iowin32.obj
 0004:000000ad       __149DB6BE_basetsd@h       100700ad     iowin32.obj
 0004:000000ae       __9CFFAB73_corecrt_memcpy_s@h 100700ae     iowin32.obj
 0004:000000af       __55B7CB8D_corecrt_wstring@h 100700af     iowin32.obj
 0004:000000b0       __2F7506B6_string@h        100700b0     iowin32.obj
 0004:000000b1       __5BA8817F_winnt@h         100700b1     iowin32.obj
 0004:000000b2       __8421AFE7_processthreadsapi@h 100700b2     iowin32.obj
 0004:000000b3       __F192E00B_memoryapi@h     100700b3     iowin32.obj
 0004:000000b4       __0DF854E2_winerror@h      100700b4     iowin32.obj
 0004:000000b5       __940BF1C4_winbase@h       100700b5     iowin32.obj
 0004:000000b6       __78A3E64A_stralign@h      100700b6     iowin32.obj
 0004:000000b7       __DB664BEB_corecrt_stdio_config@h 100700b7     iowin32.obj
 0004:000000b8       __E28BBA23_corecrt_wstdio@h 100700b8     iowin32.obj
 0004:000000b9       __4A1C29A8_stdio@h         100700b9     iowin32.obj
 0004:000000ba       __A8B6D292_iowin32@c       100700ba     iowin32.obj
 0004:000000bb       __95347B96_ctype@h         100700bb     trees.obj
 0004:000000bc       __149DB6BE_basetsd@h       100700bc     trees.obj
 0004:000000bd       __9CFFAB73_corecrt_memcpy_s@h 100700bd     trees.obj
 0004:000000be       __55B7CB8D_corecrt_wstring@h 100700be     trees.obj
 0004:000000bf       __2F7506B6_string@h        100700bf     trees.obj
 0004:000000c0       __5BA8817F_winnt@h         100700c0     trees.obj
 0004:000000c1       __8421AFE7_processthreadsapi@h 100700c1     trees.obj
 0004:000000c2       __F192E00B_memoryapi@h     100700c2     trees.obj
 0004:000000c3       __0DF854E2_winerror@h      100700c3     trees.obj
 0004:000000c4       __940BF1C4_winbase@h       100700c4     trees.obj
 0004:000000c5       __78A3E64A_stralign@h      100700c5     trees.obj
 0004:000000c6       __669B3C77_trees@c         100700c6     trees.obj
 0004:000000c7       __95347B96_ctype@h         100700c7     uncompr.obj
 0004:000000c8       __149DB6BE_basetsd@h       100700c8     uncompr.obj
 0004:000000c9       __9CFFAB73_corecrt_memcpy_s@h 100700c9     uncompr.obj
 0004:000000ca       __55B7CB8D_corecrt_wstring@h 100700ca     uncompr.obj
 0004:000000cb       __2F7506B6_string@h        100700cb     uncompr.obj
 0004:000000cc       __5BA8817F_winnt@h         100700cc     uncompr.obj
 0004:000000cd       __8421AFE7_processthreadsapi@h 100700cd     uncompr.obj
 0004:000000ce       __F192E00B_memoryapi@h     100700ce     uncompr.obj
 0004:000000cf       __0DF854E2_winerror@h      100700cf     uncompr.obj
 0004:000000d0       __940BF1C4_winbase@h       100700d0     uncompr.obj
 0004:000000d1       __78A3E64A_stralign@h      100700d1     uncompr.obj
 0004:000000d2       __876F72AD_uncompr@c       100700d2     uncompr.obj
 0004:000000d3       __DB664BEB_corecrt_stdio_config@h 100700d3     unzip.obj
 0004:000000d4       __E28BBA23_corecrt_wstdio@h 100700d4     unzip.obj
 0004:000000d5       __4A1C29A8_stdio@h         100700d5     unzip.obj
 0004:000000d6       __9CFFAB73_corecrt_memcpy_s@h 100700d6     unzip.obj
 0004:000000d7       __55B7CB8D_corecrt_wstring@h 100700d7     unzip.obj
 0004:000000d8       __2F7506B6_string@h        100700d8     unzip.obj
 0004:000000d9       __95347B96_ctype@h         100700d9     unzip.obj
 0004:000000da       __149DB6BE_basetsd@h       100700da     unzip.obj
 0004:000000db       __5BA8817F_winnt@h         100700db     unzip.obj
 0004:000000dc       __8421AFE7_processthreadsapi@h 100700dc     unzip.obj
 0004:000000dd       __F192E00B_memoryapi@h     100700dd     unzip.obj
 0004:000000de       __0DF854E2_winerror@h      100700de     unzip.obj
 0004:000000df       __940BF1C4_winbase@h       100700df     unzip.obj
 0004:000000e0       __78A3E64A_stralign@h      100700e0     unzip.obj
 0004:000000e1       __D0AA5D20_unzip@c         100700e1     unzip.obj
 0004:000000e2       __DB664BEB_corecrt_stdio_config@h 100700e2     zip.obj
 0004:000000e3       __E28BBA23_corecrt_wstdio@h 100700e3     zip.obj
 0004:000000e4       __4A1C29A8_stdio@h         100700e4     zip.obj
 0004:000000e5       __9CFFAB73_corecrt_memcpy_s@h 100700e5     zip.obj
 0004:000000e6       __55B7CB8D_corecrt_wstring@h 100700e6     zip.obj
 0004:000000e7       __2F7506B6_string@h        100700e7     zip.obj
 0004:000000e8       __B47A7825_corecrt_wtime@h 100700e8     zip.obj
 0004:000000e9       __4436A688_time@h          100700e9     zip.obj
 0004:000000ea       __95347B96_ctype@h         100700ea     zip.obj
 0004:000000eb       __149DB6BE_basetsd@h       100700eb     zip.obj
 0004:000000ec       __5BA8817F_winnt@h         100700ec     zip.obj
 0004:000000ed       __8421AFE7_processthreadsapi@h 100700ed     zip.obj
 0004:000000ee       __F192E00B_memoryapi@h     100700ee     zip.obj
 0004:000000ef       __0DF854E2_winerror@h      100700ef     zip.obj
 0004:000000f0       __940BF1C4_winbase@h       100700f0     zip.obj
 0004:000000f1       __78A3E64A_stralign@h      100700f1     zip.obj
 0004:000000f2       __5ADA25A5_crypt@h         100700f2     zip.obj
 0004:000000f3       __D883BE7D_zip@c           100700f3     zip.obj
 0004:000000f4       __95347B96_ctype@h         100700f4     zutil.obj
 0004:000000f5       __149DB6BE_basetsd@h       100700f5     zutil.obj
 0004:000000f6       __9CFFAB73_corecrt_memcpy_s@h 100700f6     zutil.obj
 0004:000000f7       __55B7CB8D_corecrt_wstring@h 100700f7     zutil.obj
 0004:000000f8       __2F7506B6_string@h        100700f8     zutil.obj
 0004:000000f9       __5BA8817F_winnt@h         100700f9     zutil.obj
 0004:000000fa       __8421AFE7_processthreadsapi@h 100700fa     zutil.obj
 0004:000000fb       __F192E00B_memoryapi@h     100700fb     zutil.obj
 0004:000000fc       __0DF854E2_winerror@h      100700fc     zutil.obj
 0004:000000fd       __940BF1C4_winbase@h       100700fd     zutil.obj
 0004:000000fe       __78A3E64A_stralign@h      100700fe     zutil.obj
 0004:000000ff       __DB664BEB_corecrt_stdio_config@h 100700ff     zutil.obj
 0004:00000100       __E28BBA23_corecrt_wstdio@h 10070100     zutil.obj
 0004:00000101       __4A1C29A8_stdio@h         10070101     zutil.obj
 0004:00000102       __2B8D9255_zutil@c         10070102     zutil.obj
 0005:00000060       $R000000                   10071060     zlib.res
