 zlibwapi

 Timestamp is 6050d818 (Tue Mar 16 10:08:56 2021)

 Preferred load address is 0000000180000000

 Start         Length     Name                   Class
 0001:00000000 00025970H .text$mn                CODE
 0001:00025970 00000012H .text$mn$00             CODE
 0001:00025982 000000a1H .text$x                 CODE
 0002:00000000 000002d8H .idata$5                DATA
 0002:000002d8 00000010H .00cfg                  DATA
 0002:000002e8 00000008H .CRT$XCA                DATA
 0002:000002f0 00000008H .CRT$XCZ                DATA
 0002:000002f8 00000008H .CRT$XIA                DATA
 0002:00000300 00000008H .CRT$XIZ                DATA
 0002:00000308 00000008H .CRT$XPA                DATA
 0002:00000310 00000008H .CRT$XPZ                DATA
 0002:00000318 00000008H .CRT$XTA                DATA
 0002:00000320 00000010H .CRT$XTZ                DATA
 0002:00000328 00000000H .gfids$y                DATA
 0002:00000330 00007118H .rdata                  DATA
 0002:00007448 000002d8H .rdata$zzzdbg           DATA
 0002:00007720 00000008H .rtc$IAA                DATA
 0002:00007728 00000008H .rtc$IZZ                DATA
 0002:00007730 00000008H .rtc$TAA                DATA
 0002:00007738 00000008H .rtc$TZZ                DATA
 0002:00007740 00000ca0H .xdata                  DATA
 0002:000083e0 00000cfcH .edata                  DATA
 0002:000090dc 000000b4H .idata$2                DATA
 0002:00009190 00000018H .idata$3                DATA
 0002:000091a8 000002d8H .idata$4                DATA
 0002:00009480 0000066cH .idata$6                DATA
 0003:00000000 00000060H .data                   DATA
 0003:00000060 00000640H .bss                    DATA
 0004:00000000 00000f84H .pdata                  DATA
 0005:00000000 00000112H .msvcjmc                DATA
 0006:00000000 00000060H .rsrc$01                DATA
 0006:00000060 00000338H .rsrc$02                DATA

  Address         Publics by Value              Rva+Base               Lib:Object

 0000:00000000       __hybrid_code_map          0000000000000000     <absolute>
 0000:00000000       __guard_longjmp_count      0000000000000000     <absolute>
 0000:00000000       __AbsoluteZero             0000000000000000     <absolute>
 0000:00000000       __dynamic_value_reloc_table 0000000000000000     <absolute>
 0000:00000000       __guard_longjmp_table      0000000000000000     <absolute>
 0000:00000000       __enclave_config           0000000000000000     <absolute>
 0000:00000000       __guard_fids_count         0000000000000000     <absolute>
 0000:00000000       __guard_iat_table          0000000000000000     <absolute>
 0000:00000000       __volatile_metadata        0000000000000000     <absolute>
 0000:00000000       __hybrid_code_map_count    0000000000000000     <absolute>
 0000:00000000       __hybrid_auxiliary_iat     0000000000000000     <absolute>
 0000:00000000       ___safe_se_handler_count   0000000000000000     <absolute>
 0000:00000000       __guard_fids_table         0000000000000000     <absolute>
 0000:00000000       __guard_iat_count          0000000000000000     <absolute>
 0000:00000000       ___safe_se_handler_table   0000000000000000     <absolute>
 0000:00000100       __guard_flags              0000010000000000     <absolute>
 0000:00000000       __ImageBase                8000000000000001     <linker-defined>
 0001:00000000       adler32_z                  8000100000000001 f   adler32.obj
 0001:00000870       adler32                    8000187000000001 f   adler32.obj
 0001:00000a10       adler32_combine            80001a1000000001 f   adler32.obj
 0001:00000a60       compress2                  80001a6000000001 f   compress.obj
 0001:00000ca0       compress                   80001ca000000001 f   compress.obj
 0001:00000d00       compressBound              80001d0000000001 f   compress.obj
 0001:00000d60       get_crc_table              80001d6000000001 f   crc32.obj
 0001:00000d90       crc32_z                    80001d9000000001 f   crc32.obj
 0001:00001120       crc32                      8000212000000001 f   crc32.obj
 0001:00002550       crc32_combine              8000355000000001 f   crc32.obj
 0001:000026e0       deflateInit_               800036e000000001 f   deflate.obj
 0001:00002760       deflateInit2_              8000376000000001 f   deflate.obj
 0001:00002d10       deflateSetDictionary       80003d1000000001 f   deflate.obj
 0001:000030a0       deflateGetDictionary       800040a000000001 f   deflate.obj
 0001:000031a0       deflateResetKeep           800041a000000001 f   deflate.obj
 0001:00003300       deflateReset               8000430000000001 f   deflate.obj
 0001:00003360       deflateSetHeader           8000436000000001 f   deflate.obj
 0001:000033d0       deflatePending             800043d000000001 f   deflate.obj
 0001:00003460       deflatePrime               8000446000000001 f   deflate.obj
 0001:000035b0       deflateParams              800045b000000001 f   deflate.obj
 0001:00003810       deflateTune                8000481000000001 f   deflate.obj
 0001:000038b0       deflateBound               800048b000000001 f   deflate.obj
 0001:00003ca0       deflate                    80004ca000000001 f   deflate.obj
 0001:000051f0       deflateEnd                 800061f000000001 f   deflate.obj
 0001:00005350       deflateCopy                8000635000000001 f   deflate.obj
 0001:00008d10       gzclose                    80009d1000000001 f   gzclose.obj
 0001:00008d90       __local_stdio_printf_options 80009d9000000001 f i gzlib.obj
 0001:00008dc0       vsnprintf                  80009dc000000001 f i gzlib.obj
 0001:00008e60       snprintf                   80009e6000000001 f i gzlib.obj
 0001:00009510       gzopen                     8000a51000000001 f   gzlib.obj
 0001:00009560       gzdopen                    8000a56000000001 f   gzlib.obj
 0001:00009600       gzopen_w                   8000a60000000001 f   gzlib.obj
 0001:00009650       gzbuffer                   8000a65000000001 f   gzlib.obj
 0001:00009710       gzrewind                   8000a71000000001 f   gzlib.obj
 0001:000097c0       gzseek64                   8000a7c000000001 f   gzlib.obj
 0001:00009af0       gzseek                     8000aaf000000001 f   gzlib.obj
 0001:00009b70       gztell64                   8000ab7000000001 f   gzlib.obj
 0001:00009c20       gztell                     8000ac2000000001 f   gzlib.obj
 0001:00009c90       gzoffset64                 8000ac9000000001 f   gzlib.obj
 0001:00009d60       gzoffset                   8000ad6000000001 f   gzlib.obj
 0001:00009dd0       gzeof                      8000add000000001 f   gzlib.obj
 0001:00009e60       gzerror                    8000ae6000000001 f   gzlib.obj
 0001:00009f40       gzclearerr                 8000af4000000001 f   gzlib.obj
 0001:00009fe0       gz_error                   8000afe000000001 f   gzlib.obj
 0001:0000ad30       gzread                     8000bd3000000001 f   gzread.obj
 0001:0000ae20       gzfread                    8000be2000000001 f   gzread.obj
 0001:0000af20       gzgetc                     8000bf2000000001 f   gzread.obj
 0001:0000b050       gzgetc_                    8000c05000000001 f   gzread.obj
 0001:0000b090       gzungetc                   8000c09000000001 f   gzread.obj
 0001:0000b300       gzgets                     8000c30000000001 f   gzread.obj
 0001:0000b550       gzdirect                   8000c55000000001 f   gzread.obj
 0001:0000b5d0       gzclose_r                  8000c5d000000001 f   gzread.obj
 0001:0000bfb0       gzwrite                    8000cfb000000001 f   gzwrite.obj
 0001:0000c060       gzfwrite                   8000d06000000001 f   gzwrite.obj
 0001:0000c160       gzputc                     8000d16000000001 f   gzwrite.obj
 0001:0000c310       gzputs                     8000d31000000001 f   gzwrite.obj
 0001:0000c3d0       gzvprintf                  8000d3d000000001 f   gzwrite.obj
 0001:0000c690       gzprintf                   8000d69000000001 f   gzwrite.obj
 0001:0000c720       gzflush                    8000d72000000001 f   gzwrite.obj
 0001:0000c800       gzsetparams                8000d80000000001 f   gzwrite.obj
 0001:0000c950       gzclose_w                  8000d95000000001 f   gzwrite.obj
 0001:0000cab0       inflateBackInit_           8000dab000000001 f   infback.obj
 0001:0000ccc0       inflateBack                8000dcc000000001 f   infback.obj
 0001:0000eab0       inflateBackEnd             8000fab000000001 f   infback.obj
 0001:0000eb30       inflate_fast               8000fb3000000001 f   inffas8664.obj
 0001:0000eff0       inflateResetKeep           8000fff000000001 f   inflate.obj
 0001:0000f150       inflateReset               8001015000000001 f   inflate.obj
 0001:0000f1e0       inflateReset2              800101e000000001 f   inflate.obj
 0001:0000f300       inflateInit2_              8001030000000001 f   inflate.obj
 0001:0000f490       inflateInit_               8001049000000001 f   inflate.obj
 0001:0000f4f0       inflatePrime               800104f000000001 f   inflate.obj
 0001:0000f8d0       inflate                    800108d000000001 f   inflate.obj
 0001:00012890       inflateEnd                 8001389000000001 f   inflate.obj
 0001:00012940       inflateGetDictionary       8001394000000001 f   inflate.obj
 0001:00012a40       inflateSetDictionary       80013a4000000001 f   inflate.obj
 0001:00012b60       inflateGetHeader           80013b6000000001 f   inflate.obj
 0001:00012cd0       inflateSync                80013cd000000001 f   inflate.obj
 0001:00012f10       inflateSyncPoint           80013f1000000001 f   inflate.obj
 0001:00012fa0       inflateCopy                80013fa000000001 f   inflate.obj
 0001:00013220       inflateUndermine           8001422000000001 f   inflate.obj
 0001:00013290       inflateValidate            8001429000000001 f   inflate.obj
 0001:00013320       inflateMark                8001432000000001 f   inflate.obj
 0001:000133e0       inflateCodesUsed           800143e000000001 f   inflate.obj
 0001:00013460       inflate_table              8001446000000001 f   inftrees.obj
 0001:00013d20       call_zopen64               80014d2000000001 f   ioapi.obj
 0001:00013da0       call_zseek64               80014da000000001 f   ioapi.obj
 0001:00013e50       call_ztell64               80014e5000000001 f   ioapi.obj
 0001:00013ee0       fill_zlib_filefunc64_32_def_from_filefunc32 80014ee000000001 f   ioapi.obj
 0001:00014500       fill_fopen64_filefunc      8001550000000001 f   ioapi.obj
 0001:00014750       win32_open64_file_func     8001575000000001 f   iowin32.obj
 0001:00014850       win32_open64_file_funcA    8001585000000001 f   iowin32.obj
 0001:00014950       win32_open64_file_funcW    8001595000000001 f   iowin32.obj
 0001:00014a50       win32_open_file_func       80015a5000000001 f   iowin32.obj
 0001:00014b50       win32_read_file_func       80015b5000000001 f   iowin32.obj
 0001:00014c30       win32_write_file_func      80015c3000000001 f   iowin32.obj
 0001:00014de0       win32_tell_file_func       80015de000000001 f   iowin32.obj
 0001:00014eb0       win32_tell64_file_func     80015eb000000001 f   iowin32.obj
 0001:00014f80       win32_seek_file_func       80015f8000000001 f   iowin32.obj
 0001:000150b0       win32_seek64_file_func     800160b000000001 f   iowin32.obj
 0001:000151e0       win32_close_file_func      800161e000000001 f   iowin32.obj
 0001:00015260       win32_error_file_func      8001626000000001 f   iowin32.obj
 0001:000152c0       fill_win32_filefunc        800162c000000001 f   iowin32.obj
 0001:00015370       fill_win32_filefunc64      8001637000000001 f   iowin32.obj
 0001:00015420       fill_win32_filefunc64A     8001642000000001 f   iowin32.obj
 0001:000154d0       fill_win32_filefunc64W     800164d000000001 f   iowin32.obj
 0001:000155b0       _tr_init                   800165b000000001 f   trees.obj
 0001:00017dc0       _tr_stored_block           80018dc000000001 f   trees.obj
 0001:00018060       _tr_flush_bits             8001906000000001 f   trees.obj
 0001:000180a0       _tr_align                  800190a000000001 f   trees.obj
 0001:000183c0       _tr_flush_block            800193c000000001 f   trees.obj
 0001:00019840       uncompress2                8001a84000000001 f   uncompr.obj
 0001:00019b40       uncompress                 8001ab4000000001 f   uncompr.obj
 0001:0001a1a0       unzStringFileNameCompare   8001b1a000000001 f   unzip.obj
 0001:0001af40       unzOpen2                   8001bf4000000001 f   unzip.obj
 0001:0001afe0       unzOpen2_64                8001bfe000000001 f   unzip.obj
 0001:0001b0a0       unzOpen                    8001c0a000000001 f   unzip.obj
 0001:0001b0e0       unzOpen64                  8001c0e000000001 f   unzip.obj
 0001:0001b130       unzClose                   8001c13000000001 f   unzip.obj
 0001:0001b1d0       unzGetGlobalInfo64         8001c1d000000001 f   unzip.obj
 0001:0001b240       unzGetGlobalInfo           8001c24000000001 f   unzip.obj
 0001:0001bd20       unzGetCurrentFileInfo64    8001cd2000000001 f   unzip.obj
 0001:0001bdb0       unzGetCurrentFileInfo      8001cdb000000001 f   unzip.obj
 0001:0001bfa0       unzGoToFirstFile           8001cfa000000001 f   unzip.obj
 0001:0001c0b0       unzGoToNextFile            8001d0b000000001 f   unzip.obj
 0001:0001c230       unzLocateFile              8001d23000000001 f   unzip.obj
 0001:0001c440       unzGetFilePos64            8001d44000000001 f   unzip.obj
 0001:0001c4e0       unzGetFilePos              8001d4e000000001 f   unzip.obj
 0001:0001c560       unzGoToFilePos64           8001d56000000001 f   unzip.obj
 0001:0001c670       unzGoToFilePos             8001d67000000001 f   unzip.obj
 0001:0001cbb0       unzOpenCurrentFile3        8001dbb000000001 f   unzip.obj
 0001:0001d020       unzOpenCurrentFile         8001e02000000001 f   unzip.obj
 0001:0001d070       unzOpenCurrentFilePassword 8001e07000000001 f   unzip.obj
 0001:0001d0d0       unzOpenCurrentFile2        8001e0d000000001 f   unzip.obj
 0001:0001d140       unzGetCurrentFileZStreamPos64 8001e14000000001 f   unzip.obj
 0001:0001d1c0       unzReadCurrentFile         8001e1c000000001 f   unzip.obj
 0001:0001d770       unztell                    8001e77000000001 f   unzip.obj
 0001:0001d7f0       unztell64                  8001e7f000000001 f   unzip.obj
 0001:0001d870       unzeof                     8001e87000000001 f   unzip.obj
 0001:0001d900       unzGetLocalExtrafield      8001e90000000001 f   unzip.obj
 0001:0001da50       unzCloseCurrentFile        8001ea5000000001 f   unzip.obj
 0001:0001db80       unzGetGlobalComment        8001eb8000000001 f   unzip.obj
 0001:0001f310       LoadCentralDirectoryRecord 8002031000000001 f   zip.obj
 0001:0001fb50       zipOpen3                   80020b5000000001 f   zip.obj
 0001:0001fdb0       zipOpen2                   80020db000000001 f   zip.obj
 0001:0001fe70       zipOpen2_64                80020e7000000001 f   zip.obj
 0001:0001ff50       zipOpen                    80020f5000000001 f   zip.obj
 0001:0001ffa0       zipOpen64                  80020fa000000001 f   zip.obj
 0001:0001fff0       Write_LocalFileHeader      80020ff000000001 f   zip.obj
 0001:00020450       zipOpenNewFileInZip4_64    8002145000000001 f   zip.obj
 0001:00020e00       zipOpenNewFileInZip3       80021e0000000001 f   zip.obj
 0001:00020f20       zipOpenNewFileInZip3_64    80021f2000000001 f   zip.obj
 0001:00021040       zipOpenNewFileInZip2       8002204000000001 f   zip.obj
 0001:00021150       zipOpenNewFileInZip2_64    8002215000000001 f   zip.obj
 0001:00021260       zipOpenNewFileInZip64      8002226000000001 f   zip.obj
 0001:00021370       zipOpenNewFileInZip        8002237000000001 f   zip.obj
 0001:00021630       zipWriteInFileInZip        8002263000000001 f   zip.obj
 0001:00021930       zipCloseFileInZipRaw       8002293000000001 f   zip.obj
 0001:00021980       zipCloseFileInZipRaw64     8002298000000001 f   zip.obj
 0001:000221b0       zipCloseFileInZip          800231b000000001 f   zip.obj
 0001:000221f0       Write_Zip64EndOfCentralDirectoryLocator 800231f000000001 f   zip.obj
 0001:00022300       Write_Zip64EndOfCentralDirectoryRecord 8002330000000001 f   zip.obj
 0001:00022530       Write_EndOfCentralDirectoryRecord 8002353000000001 f   zip.obj
 0001:00022790       Write_GlobalComment        8002379000000001 f   zip.obj
 0001:00022860       zipClose                   8002386000000001 f   zip.obj
 0001:00022ad0       zlibVersion                80023ad000000001 f   zutil.obj
 0001:00022b00       zlibCompileFlags           80023b0000000001 f   zutil.obj
 0001:00022c70       zError                     80023c7000000001 f   zutil.obj
 0001:00022cc0       zcalloc                    80023cc000000001 f   zutil.obj
 0001:00022d10       zcfree                     80023d1000000001 f   zutil.obj
 0001:00022d50       longest_match              80023d5000000001 f   gvmat64.obj
 0001:00023028       match_init                 8002402800000001 f   gvmat64.obj
 0001:00023030       inffas8664fnc              8002403000000001 f   inffasx64.obj
 0001:00023347       ReadFile                   8002434700000001 f   kernel32:KERNEL32.dll
 0001:0002334d       WriteFile                  8002434d00000001 f   kernel32:KERNEL32.dll
 0001:00023353       SetFilePointer             8002435300000001 f   kernel32:KERNEL32.dll
 0001:00023359       CreateFileW                8002435900000001 f   kernel32:KERNEL32.dll
 0001:0002335f       GetLastError               8002435f00000001 f   kernel32:KERNEL32.dll
 0001:00023365       CreateFileA                8002436500000001 f   kernel32:KERNEL32.dll
 0001:0002336b       CloseHandle                8002436b00000001 f   kernel32:KERNEL32.dll
 0001:000236b0       _CRT_INIT                  800246b000000001 f   MSVCRT:dll_dllmain.obj
 0001:000236b8       _DllMainCRTStartup         800246b800000001 f   MSVCRT:dll_dllmain.obj
 0001:00023764       __security_init_cookie     8002476400000001 f   MSVCRT:gs_support.obj
 0001:00023810       DllMain                    8002481000000001 f   MSVCRT:dll_dllmain_stub.obj
 0001:00023834       ?__scrt_initialize_type_info@@YAXXZ 8002483400000001 f   MSVCRT:tncleanup.obj
 0001:00023844       ?__scrt_uninitialize_type_info@@YAXXZ 8002484400000001 f   MSVCRT:tncleanup.obj
 0001:00023850       __local_stdio_scanf_options 8002485000000001 f i MSVCRT:default_local_stdio_options.obj
 0001:00023858       __scrt_initialize_default_local_stdio_options 8002485800000001 f   MSVCRT:default_local_stdio_options.obj
 0001:00023874       ??$__crt_fast_decode_pointer@PEAP6AXXZ@@YAPEAP6AXXZQEAP6AXXZ@Z 8002487400000001 f i MSVCRT:utility.obj
 0001:0002388c       ??$__crt_fast_encode_pointer@PEAP6AXXZ@@YAPEAP6AXXZQEAP6AXXZ@Z 8002488c00000001 f i MSVCRT:utility.obj
 0001:000238ac       ?__crt_rotate_pointer_value@@YA_K_KH@Z 800248ac00000001 f i MSVCRT:utility.obj
 0001:000238b8       ?configure_argv@__scrt_narrow_argv_policy@@SAHXZ 800248b800000001 f i MSVCRT:utility.obj
 0001:00023918       ?initialize_environment@__scrt_narrow_environment_policy@@SAHXZ 8002491800000001 f i MSVCRT:utility.obj
 0001:00023950       NtCurrentTeb               8002495000000001 f i MSVCRT:utility.obj
 0001:0002395c       __scrt_acquire_startup_lock 8002495c00000001 f   MSVCRT:utility.obj
 0001:00023998       __scrt_dllmain_after_initialize_c 8002499800000001 f   MSVCRT:utility.obj
 0001:000239cc       __scrt_dllmain_before_initialize_c 800249cc00000001 f   MSVCRT:utility.obj
 0001:000239e4       __scrt_dllmain_crt_thread_attach 800249e400000001 f   MSVCRT:utility.obj
 0001:00023a0c       __scrt_dllmain_crt_thread_detach 80024a0c00000001 f   MSVCRT:utility.obj
 0001:00023a24       __scrt_dllmain_exception_filter 80024a2400000001 f   MSVCRT:utility.obj
 0001:00023a84       __scrt_dllmain_uninitialize_c 80024a8400000001 f   MSVCRT:utility.obj
 0001:00023ab4       __scrt_dllmain_uninitialize_critical 80024ab400000001 f   MSVCRT:utility.obj
 0001:00023ac8       __scrt_initialize_crt      80024ac800000001 f   MSVCRT:utility.obj
 0001:00023b14       __scrt_initialize_onexit_tables 80024b1400000001 f   MSVCRT:utility.obj
 0001:00023bc4       __scrt_is_nonwritable_in_current_image 80024bc400000001 f   MSVCRT:utility.obj
 0001:00023c5c       __scrt_release_startup_lock 80024c5c00000001 f   MSVCRT:utility.obj
 0001:00023c80       __scrt_uninitialize_crt    80024c8000000001 f   MSVCRT:utility.obj
 0001:00023cac       _onexit                    80024cac00000001 f   MSVCRT:utility.obj
 0001:00023cfc       at_quick_exit              80024cfc00000001 f   MSVCRT:utility.obj
 0001:00023d34       atexit                     80024d3400000001 f   MSVCRT:utility.obj
 0001:00023d4c       __scrt_get_dyn_tls_init_callback 80024d4c00000001 f   MSVCRT:dyn_tls_init.obj
 0001:00023d54       __crt_debugger_hook        80024d5400000001 f   MSVCRT:utility_desktop.obj
 0001:00023d5c       __scrt_fastfail            80024d5c00000001 f   MSVCRT:utility_desktop.obj
 0001:00023ea8       __scrt_get_show_window_mode 80024ea800000001 f   MSVCRT:utility_desktop.obj
 0001:00023ee4       __scrt_initialize_mta      80024ee400000001 f   MSVCRT:utility_desktop.obj
 0001:00023eec       __scrt_initialize_winrt    80024eec00000001 f   MSVCRT:utility_desktop.obj
 0001:00023ef0       __scrt_is_managed_app      80024ef000000001 f   MSVCRT:utility_desktop.obj
 0001:00023f44       __scrt_set_unhandled_exception_filter 80024f4400000001 f   MSVCRT:utility_desktop.obj
 0001:00023f54       __scrt_exe_initialize_mta  80024f5400000001 f   MSVCRT:utility_desktop.obj
 0001:00023f54       __scrt_stub_for_initialize_mta 80024f5400000001 f   MSVCRT:utility_desktop.obj
 0001:00023f58       __scrt_unhandled_exception_filter 80024f5800000001 f   MSVCRT:utility_desktop.obj
 0001:00023f90       _RTC_Initialize            80024f9000000001 f   MSVCRT:initsect.obj
 0001:00023fcc       _RTC_Terminate             80024fcc00000001 f   MSVCRT:initsect.obj
 0001:00024008       _guard_check_icall_nop     8002500800000001 f i MSVCRT:guard_support.obj
 0001:0002400c       ReadNoFence64              8002500c00000001 f i MSVCRT:guard_support.obj
 0001:00024010       ReadPointerNoFence         8002501000000001 f i MSVCRT:guard_support.obj
 0001:00024014       _guard_icall_checks_enforced 8002501400000001 f i MSVCRT:guard_support.obj
 0001:0002402c       _guard_rf_checks_enforced  8002502c00000001 f i MSVCRT:guard_support.obj
 0001:00024030       __isa_available_init       8002503000000001 f   MSVCRT:cpu_disp.obj
 0001:000241ac       _get_startup_argv_mode     800251ac00000001 f   MSVCRT:argv_mode.obj
 0001:000241b4       __scrt_is_ucrt_dll_in_use  800251b400000001 f   MSVCRT:ucrt_detection.obj
 0001:000241c0       memcpy                     800251c000000001 f   vcruntime:VCRUNTIME140.dll
 0001:000241c6       memset                     800251c600000001 f   vcruntime:VCRUNTIME140.dll
 0001:000241cc       memchr                     800251cc00000001 f   vcruntime:VCRUNTIME140.dll
 0001:000241d2       __C_specific_handler       800251d200000001 f   vcruntime:VCRUNTIME140.dll
 0001:000241d8       __std_type_info_destroy_list 800251d800000001 f   vcruntime:VCRUNTIME140.dll
 0001:000241de       _lseeki64                  800251de00000001 f   ucrt:api-ms-win-crt-stdio-l1-1-0.dll
 0001:000241e4       _wopen                     800251e400000001 f   ucrt:api-ms-win-crt-stdio-l1-1-0.dll
 0001:000241ea       _open                      800251ea00000001 f   ucrt:api-ms-win-crt-stdio-l1-1-0.dll
 0001:000241f0       wcstombs                   800251f000000001 f   ucrt:api-ms-win-crt-convert-l1-1-0.dll
 0001:000241f6       strlen                     800251f600000001 f   ucrt:api-ms-win-crt-string-l1-1-0.dll
 0001:000241fc       __stdio_common_vsprintf    800251fc00000001 f   ucrt:api-ms-win-crt-stdio-l1-1-0.dll
 0001:00024202       free                       8002520200000001 f   ucrt:api-ms-win-crt-heap-l1-1-0.dll
 0001:00024208       malloc                     8002520800000001 f   ucrt:api-ms-win-crt-heap-l1-1-0.dll
 0001:0002420e       _read                      8002520e00000001 f   ucrt:api-ms-win-crt-stdio-l1-1-0.dll
 0001:00024214       _close                     8002521400000001 f   ucrt:api-ms-win-crt-stdio-l1-1-0.dll
 0001:0002421a       _errno                     8002521a00000001 f   ucrt:api-ms-win-crt-runtime-l1-1-0.dll
 0001:00024220       strerror                   8002522000000001 f   ucrt:api-ms-win-crt-runtime-l1-1-0.dll
 0001:00024226       _write                     8002522600000001 f   ucrt:api-ms-win-crt-stdio-l1-1-0.dll
 0001:0002422c       ftell                      8002522c00000001 f   ucrt:api-ms-win-crt-stdio-l1-1-0.dll
 0001:00024232       ferror                     8002523200000001 f   ucrt:api-ms-win-crt-stdio-l1-1-0.dll
 0001:00024238       fopen                      8002523800000001 f   ucrt:api-ms-win-crt-stdio-l1-1-0.dll
 0001:0002423e       fclose                     8002523e00000001 f   ucrt:api-ms-win-crt-stdio-l1-1-0.dll
 0001:00024244       fseek                      8002524400000001 f   ucrt:api-ms-win-crt-stdio-l1-1-0.dll
 0001:0002424a       fwrite                     8002524a00000001 f   ucrt:api-ms-win-crt-stdio-l1-1-0.dll
 0001:00024250       _ftelli64                  8002525000000001 f   ucrt:api-ms-win-crt-stdio-l1-1-0.dll
 0001:00024256       fread                      8002525600000001 f   ucrt:api-ms-win-crt-stdio-l1-1-0.dll
 0001:0002425c       _fseeki64                  8002525c00000001 f   ucrt:api-ms-win-crt-stdio-l1-1-0.dll
 0001:00024262       strcmp                     8002526200000001 f   ucrt:api-ms-win-crt-string-l1-1-0.dll
 0001:00024268       srand                      8002526800000001 f   ucrt:api-ms-win-crt-utility-l1-1-0.dll
 0001:0002426e       rand                       8002526e00000001 f   ucrt:api-ms-win-crt-utility-l1-1-0.dll
 0001:00024274       _time64                    8002527400000001 f   ucrt:api-ms-win-crt-time-l1-1-0.dll
 0001:0002427a       _initterm                  8002527a00000001 f   ucrt:api-ms-win-crt-runtime-l1-1-0.dll
 0001:00024280       _initterm_e                8002528000000001 f   ucrt:api-ms-win-crt-runtime-l1-1-0.dll
 0001:00024286       _seh_filter_dll            8002528600000001 f   ucrt:api-ms-win-crt-runtime-l1-1-0.dll
 0001:0002428c       _configure_narrow_argv     8002528c00000001 f   ucrt:api-ms-win-crt-runtime-l1-1-0.dll
 0001:00024292       _initialize_narrow_environment 8002529200000001 f   ucrt:api-ms-win-crt-runtime-l1-1-0.dll
 0001:00024298       _initialize_onexit_table   8002529800000001 f   ucrt:api-ms-win-crt-runtime-l1-1-0.dll
 0001:0002429e       _register_onexit_function  8002529e00000001 f   ucrt:api-ms-win-crt-runtime-l1-1-0.dll
 0001:000242a4       _execute_onexit_table      800252a400000001 f   ucrt:api-ms-win-crt-runtime-l1-1-0.dll
 0001:000242aa       _crt_atexit                800252aa00000001 f   ucrt:api-ms-win-crt-runtime-l1-1-0.dll
 0001:000242b0       _crt_at_quick_exit         800252b000000001 f   ucrt:api-ms-win-crt-runtime-l1-1-0.dll
 0001:000242b6       _cexit                     800252b600000001 f   ucrt:api-ms-win-crt-runtime-l1-1-0.dll
 0001:000242bc       terminate                  800252bc00000001 f   ucrt:api-ms-win-crt-runtime-l1-1-0.dll
 0001:000242c2       QueryPerformanceCounter    800252c200000001 f   kernel32:KERNEL32.dll
 0001:000242c8       GetCurrentProcessId        800252c800000001 f   kernel32:KERNEL32.dll
 0001:000242ce       GetCurrentThreadId         800252ce00000001 f   kernel32:KERNEL32.dll
 0001:000242d4       GetSystemTimeAsFileTime    800252d400000001 f   kernel32:KERNEL32.dll
 0001:000242da       DisableThreadLibraryCalls  800252da00000001 f   kernel32:KERNEL32.dll
 0001:000242e0       InitializeSListHead        800252e000000001 f   kernel32:KERNEL32.dll
 0001:000242e6       RtlCaptureContext          800252e600000001 f   kernel32:KERNEL32.dll
 0001:000242ec       RtlLookupFunctionEntry     800252ec00000001 f   kernel32:KERNEL32.dll
 0001:000242f2       RtlVirtualUnwind           800252f200000001 f   kernel32:KERNEL32.dll
 0001:000242f8       IsDebuggerPresent          800252f800000001 f   kernel32:KERNEL32.dll
 0001:000242fe       UnhandledExceptionFilter   800252fe00000001 f   kernel32:KERNEL32.dll
 0001:00024304       SetUnhandledExceptionFilter 8002530400000001 f   kernel32:KERNEL32.dll
 0001:0002430a       GetStartupInfoW            8002530a00000001 f   kernel32:KERNEL32.dll
 0001:00024310       IsProcessorFeaturePresent  8002531000000001 f   kernel32:KERNEL32.dll
 0001:00024316       GetModuleHandleW           8002531600000001 f   kernel32:KERNEL32.dll
 0001:0002431c       __scrt_stub_for_acrt_initialize 8002531c00000001 f   MSVCRT:ucrt_stubs.obj
 0001:0002431c       __vcrt_initialize          8002531c00000001 f   MSVCRT:ucrt_stubs.obj
 0001:0002431c       __acrt_initialize          8002531c00000001 f   MSVCRT:ucrt_stubs.obj
 0001:00024320       __scrt_stub_for_acrt_thread_attach 8002532000000001 f   MSVCRT:ucrt_stubs.obj
 0001:00024320       __vcrt_thread_attach       8002532000000001 f   MSVCRT:ucrt_stubs.obj
 0001:00024320       __acrt_thread_attach       8002532000000001 f   MSVCRT:ucrt_stubs.obj
 0001:00024324       __acrt_thread_detach       8002532400000001 f   MSVCRT:ucrt_stubs.obj
 0001:00024324       __vcrt_thread_detach       8002532400000001 f   MSVCRT:ucrt_stubs.obj
 0001:00024324       __scrt_stub_for_acrt_thread_detach 8002532400000001 f   MSVCRT:ucrt_stubs.obj
 0001:00024328       __vcrt_uninitialize        8002532800000001 f   MSVCRT:ucrt_stubs.obj
 0001:00024328       __scrt_stub_for_acrt_uninitialize 8002532800000001 f   MSVCRT:ucrt_stubs.obj
 0001:00024328       __acrt_uninitialize        8002532800000001 f   MSVCRT:ucrt_stubs.obj
 0001:0002432c       __acrt_uninitialize_critical 8002532c00000001 f   MSVCRT:ucrt_stubs.obj
 0001:0002432c       __vcrt_uninitialize_critical 8002532c00000001 f   MSVCRT:ucrt_stubs.obj
 0001:0002432c       __scrt_stub_for_acrt_uninitialize_critical 8002532c00000001 f   MSVCRT:ucrt_stubs.obj
 0001:00024330       _is_c_termination_complete 8002533000000001 f   MSVCRT:ucrt_stubs.obj
 0001:00024330       __scrt_stub_for_is_c_termination_complete 8002533000000001 f   MSVCRT:ucrt_stubs.obj
 0001:00024340       __JustMyCode_Default       8002534000000001 f i adler32.obj
 0001:00024344       _RTC_AllocaHelper          8002534400000001 f   MSVCRT:stack.obj
 0001:0002437c       _RTC_CheckStackVars        8002537c00000001 f   MSVCRT:stack.obj
 0001:000243f0       _RTC_CheckStackVars2       800253f000000001 f   MSVCRT:stack.obj
 0001:000244d8       __CheckForDebuggerJustMyCode 800254d800000001 f   MSVCRT:debugger_jmc.obj
 0001:00024530       _alloca_probe              8002553000000001 f   MSVCRT:chkstk.obj
 0001:00024530       __chkstk                   8002553000000001 f   MSVCRT:chkstk.obj
 0001:00024600       ?_RTC_AllocaFailure@@YAXPEAXPEAU_RTC_ALLOCA_NODE@@H@Z 8002560000000001 f   MSVCRT:error.obj
 0001:000247b0       ?_RTC_Failure@@YAXPEAXH@Z  800257b000000001 f   MSVCRT:error.obj
 0001:000247fc       ?_RTC_StackFailure@@YAXPEAXPEBD@Z 800257fc00000001 f   MSVCRT:error.obj
 0001:00024c3c       _RTC_UninitUse             80025c3c00000001 f   MSVCRT:error.obj
 0001:00024d0c       _vsprintf_s_l              80025d0c00000001 f i MSVCRT:error.obj
 0001:00024d70       sprintf_s                  80025d7000000001 f i MSVCRT:error.obj
 0001:00024dc4       ?_RTC_GetErrorFunc@@YAP6AHHPEBDH00ZZPEBX@Z 80025dc400000001 f   MSVCRT:userapi.obj
 0001:00024dcc       ?_RTC_GetErrorFuncW@@YAP6AHHPEB_WH00ZZPEBX@Z 80025dcc00000001 f   MSVCRT:userapi.obj
 0001:00024dd4       _RTC_GetErrDesc            80025dd400000001 f   MSVCRT:userapi.obj
 0001:00024dec       _RTC_NumErrors             80025dec00000001 f   MSVCRT:userapi.obj
 0001:00024df4       _RTC_SetErrorFunc          80025df400000001 f   MSVCRT:userapi.obj
 0001:00024e0c       _RTC_SetErrorFuncW         80025e0c00000001 f   MSVCRT:userapi.obj
 0001:00024e24       _RTC_SetErrorType          80025e2400000001 f   MSVCRT:userapi.obj
 0001:000250e8       ?_RTC_GetSrcLine@@YAHPEAEPEA_WKPEAH1K@Z 800260e800000001 f   MSVCRT:pdblkup.obj
 0001:0002549c       __GSHandlerCheck           8002649c00000001 f   MSVCRT:gshandler.obj
 0001:000254bc       __GSHandlerCheckCommon     800264bc00000001 f   MSVCRT:gshandler.obj
 0001:00025530       __security_check_cookie    8002653000000001 f   MSVCRT:amdsecgs.obj
 0001:00025554       __raise_securityfailure    8002655400000001 f   MSVCRT:gs_report.obj
 0001:00025588       __report_gsfailure         8002658800000001 f   MSVCRT:gs_report.obj
 0001:0002565c       __report_rangecheckfailure 8002665c00000001 f   MSVCRT:gs_report.obj
 0001:00025670       __report_securityfailure   8002667000000001 f   MSVCRT:gs_report.obj
 0001:0002570c       __report_securityfailureEx 8002670c00000001 f   MSVCRT:gs_report.obj
 0001:000258fd       __C_specific_handler_noexcept 800268fd00000001 f   vcruntime:VCRUNTIME140.dll
 0001:00025903       __vcrt_GetModuleFileNameW  8002690300000001 f   vcruntime:VCRUNTIME140.dll
 0001:00025909       __vcrt_LoadLibraryExW      8002690900000001 f   vcruntime:VCRUNTIME140.dll
 0001:0002590f       strcpy_s                   8002690f00000001 f   ucrt:api-ms-win-crt-string-l1-1-0.dll
 0001:00025915       strcat_s                   8002691500000001 f   ucrt:api-ms-win-crt-string-l1-1-0.dll
 0001:0002591b       __stdio_common_vsprintf_s  8002691b00000001 f   ucrt:api-ms-win-crt-stdio-l1-1-0.dll
 0001:00025921       RaiseException             8002692100000001 f   kernel32:KERNEL32.dll
 0001:00025927       MultiByteToWideChar        8002692700000001 f   kernel32:KERNEL32.dll
 0001:0002592d       WideCharToMultiByte        8002692d00000001 f   kernel32:KERNEL32.dll
 0001:00025933       HeapAlloc                  8002693300000001 f   kernel32:KERNEL32.dll
 0001:00025939       HeapFree                   8002693900000001 f   kernel32:KERNEL32.dll
 0001:0002593f       GetProcessHeap             8002693f00000001 f   kernel32:KERNEL32.dll
 0001:00025945       VirtualQuery               8002694500000001 f   kernel32:KERNEL32.dll
 0001:0002594b       FreeLibrary                8002694b00000001 f   kernel32:KERNEL32.dll
 0001:00025951       GetProcAddress             8002695100000001 f   kernel32:KERNEL32.dll
 0001:00025957       GetCurrentProcess          8002695700000001 f   kernel32:KERNEL32.dll
 0001:0002595d       TerminateProcess           8002695d00000001 f   kernel32:KERNEL32.dll
 0001:00025980       _guard_dispatch_icall_nop  8002698000000001 f   MSVCRT:guard_dispatch.obj
 0002:00000000       __imp_ReadFile             8002700000000001     kernel32:KERNEL32.dll
 0002:00000008       __imp_WriteFile            8002700800000001     kernel32:KERNEL32.dll
 0002:00000010       __imp_SetFilePointer       8002701000000001     kernel32:KERNEL32.dll
 0002:00000018       __imp_CreateFileW          8002701800000001     kernel32:KERNEL32.dll
 0002:00000020       __imp_GetLastError         8002702000000001     kernel32:KERNEL32.dll
 0002:00000028       __imp_CreateFileA          8002702800000001     kernel32:KERNEL32.dll
 0002:00000030       __imp_CloseHandle          8002703000000001     kernel32:KERNEL32.dll
 0002:00000038       __imp_GetCurrentProcess    8002703800000001     kernel32:KERNEL32.dll
 0002:00000040       __imp_GetProcAddress       8002704000000001     kernel32:KERNEL32.dll
 0002:00000048       __imp_FreeLibrary          8002704800000001     kernel32:KERNEL32.dll
 0002:00000050       __imp_VirtualQuery         8002705000000001     kernel32:KERNEL32.dll
 0002:00000058       __imp_GetProcessHeap       8002705800000001     kernel32:KERNEL32.dll
 0002:00000060       __imp_HeapFree             8002706000000001     kernel32:KERNEL32.dll
 0002:00000068       __imp_HeapAlloc            8002706800000001     kernel32:KERNEL32.dll
 0002:00000070       __imp_WideCharToMultiByte  8002707000000001     kernel32:KERNEL32.dll
 0002:00000078       __imp_MultiByteToWideChar  8002707800000001     kernel32:KERNEL32.dll
 0002:00000080       __imp_RaiseException       8002708000000001     kernel32:KERNEL32.dll
 0002:00000088       __imp_GetModuleHandleW     8002708800000001     kernel32:KERNEL32.dll
 0002:00000090       __imp_IsProcessorFeaturePresent 8002709000000001     kernel32:KERNEL32.dll
 0002:00000098       __imp_GetStartupInfoW      8002709800000001     kernel32:KERNEL32.dll
 0002:000000a0       __imp_SetUnhandledExceptionFilter 800270a000000001     kernel32:KERNEL32.dll
 0002:000000a8       __imp_UnhandledExceptionFilter 800270a800000001     kernel32:KERNEL32.dll
 0002:000000b0       __imp_IsDebuggerPresent    800270b000000001     kernel32:KERNEL32.dll
 0002:000000b8       __imp_RtlVirtualUnwind     800270b800000001     kernel32:KERNEL32.dll
 0002:000000c0       __imp_RtlLookupFunctionEntry 800270c000000001     kernel32:KERNEL32.dll
 0002:000000c8       __imp_RtlCaptureContext    800270c800000001     kernel32:KERNEL32.dll
 0002:000000d0       __imp_InitializeSListHead  800270d000000001     kernel32:KERNEL32.dll
 0002:000000d8       __imp_DisableThreadLibraryCalls 800270d800000001     kernel32:KERNEL32.dll
 0002:000000e0       __imp_GetSystemTimeAsFileTime 800270e000000001     kernel32:KERNEL32.dll
 0002:000000e8       __imp_GetCurrentThreadId   800270e800000001     kernel32:KERNEL32.dll
 0002:000000f0       __imp_GetCurrentProcessId  800270f000000001     kernel32:KERNEL32.dll
 0002:000000f8       __imp_QueryPerformanceCounter 800270f800000001     kernel32:KERNEL32.dll
 0002:00000100       __imp_TerminateProcess     8002710000000001     kernel32:KERNEL32.dll
 0002:00000108       \177KERNEL32_NULL_THUNK_DATA 8002710800000001     kernel32:KERNEL32.dll
 0002:00000110       __imp___C_specific_handler_noexcept 8002711000000001     vcruntime:VCRUNTIME140.dll
 0002:00000118       __imp___vcrt_GetModuleFileNameW 8002711800000001     vcruntime:VCRUNTIME140.dll
 0002:00000120       __imp___vcrt_LoadLibraryExW 8002712000000001     vcruntime:VCRUNTIME140.dll
 0002:00000128       __imp_memcpy               8002712800000001     vcruntime:VCRUNTIME140.dll
 0002:00000130       __imp_memset               8002713000000001     vcruntime:VCRUNTIME140.dll
 0002:00000138       __imp_memchr               8002713800000001     vcruntime:VCRUNTIME140.dll
 0002:00000140       __imp___C_specific_handler 8002714000000001     vcruntime:VCRUNTIME140.dll
 0002:00000148       __imp___std_type_info_destroy_list 8002714800000001     vcruntime:VCRUNTIME140.dll
 0002:00000150       \177VCRUNTIME140_NULL_THUNK_DATA 8002715000000001     vcruntime:VCRUNTIME140.dll
 0002:00000158       __imp_wcstombs             8002715800000001     ucrt:api-ms-win-crt-convert-l1-1-0.dll
 0002:00000160       \177api-ms-win-crt-convert-l1-1-0_NULL_THUNK_DATA 8002716000000001     ucrt:api-ms-win-crt-convert-l1-1-0.dll
 0002:00000168       __imp_free                 8002716800000001     ucrt:api-ms-win-crt-heap-l1-1-0.dll
 0002:00000170       __imp_malloc               8002717000000001     ucrt:api-ms-win-crt-heap-l1-1-0.dll
 0002:00000178       \177api-ms-win-crt-heap-l1-1-0_NULL_THUNK_DATA 8002717800000001     ucrt:api-ms-win-crt-heap-l1-1-0.dll
 0002:00000180       __imp__crt_atexit          8002718000000001     ucrt:api-ms-win-crt-runtime-l1-1-0.dll
 0002:00000188       __imp__crt_at_quick_exit   8002718800000001     ucrt:api-ms-win-crt-runtime-l1-1-0.dll
 0002:00000190       __imp__cexit               8002719000000001     ucrt:api-ms-win-crt-runtime-l1-1-0.dll
 0002:00000198       __imp_terminate            8002719800000001     ucrt:api-ms-win-crt-runtime-l1-1-0.dll
 0002:000001a0       __imp__execute_onexit_table 800271a000000001     ucrt:api-ms-win-crt-runtime-l1-1-0.dll
 0002:000001a8       __imp__register_onexit_function 800271a800000001     ucrt:api-ms-win-crt-runtime-l1-1-0.dll
 0002:000001b0       __imp__initterm            800271b000000001     ucrt:api-ms-win-crt-runtime-l1-1-0.dll
 0002:000001b8       __imp__initialize_narrow_environment 800271b800000001     ucrt:api-ms-win-crt-runtime-l1-1-0.dll
 0002:000001c0       __imp__initterm_e          800271c000000001     ucrt:api-ms-win-crt-runtime-l1-1-0.dll
 0002:000001c8       __imp__configure_narrow_argv 800271c800000001     ucrt:api-ms-win-crt-runtime-l1-1-0.dll
 0002:000001d0       __imp__seh_filter_dll      800271d000000001     ucrt:api-ms-win-crt-runtime-l1-1-0.dll
 0002:000001d8       __imp__errno               800271d800000001     ucrt:api-ms-win-crt-runtime-l1-1-0.dll
 0002:000001e0       __imp_strerror             800271e000000001     ucrt:api-ms-win-crt-runtime-l1-1-0.dll
 0002:000001e8       __imp__initialize_onexit_table 800271e800000001     ucrt:api-ms-win-crt-runtime-l1-1-0.dll
 0002:000001f0       \177api-ms-win-crt-runtime-l1-1-0_NULL_THUNK_DATA 800271f000000001     ucrt:api-ms-win-crt-runtime-l1-1-0.dll
 0002:000001f8       __imp_ftell                800271f800000001     ucrt:api-ms-win-crt-stdio-l1-1-0.dll
 0002:00000200       __imp__write               8002720000000001     ucrt:api-ms-win-crt-stdio-l1-1-0.dll
 0002:00000208       __imp_fclose               8002720800000001     ucrt:api-ms-win-crt-stdio-l1-1-0.dll
 0002:00000210       __imp_fseek                8002721000000001     ucrt:api-ms-win-crt-stdio-l1-1-0.dll
 0002:00000218       __imp__close               8002721800000001     ucrt:api-ms-win-crt-stdio-l1-1-0.dll
 0002:00000220       __imp__read                8002722000000001     ucrt:api-ms-win-crt-stdio-l1-1-0.dll
 0002:00000228       __imp__lseeki64            8002722800000001     ucrt:api-ms-win-crt-stdio-l1-1-0.dll
 0002:00000230       __imp_fopen                8002723000000001     ucrt:api-ms-win-crt-stdio-l1-1-0.dll
 0002:00000238       __imp___stdio_common_vsprintf 8002723800000001     ucrt:api-ms-win-crt-stdio-l1-1-0.dll
 0002:00000240       __imp__wopen               8002724000000001     ucrt:api-ms-win-crt-stdio-l1-1-0.dll
 0002:00000248       __imp_fwrite               8002724800000001     ucrt:api-ms-win-crt-stdio-l1-1-0.dll
 0002:00000250       __imp__fseeki64            8002725000000001     ucrt:api-ms-win-crt-stdio-l1-1-0.dll
 0002:00000258       __imp_fread                8002725800000001     ucrt:api-ms-win-crt-stdio-l1-1-0.dll
 0002:00000260       __imp_ferror               8002726000000001     ucrt:api-ms-win-crt-stdio-l1-1-0.dll
 0002:00000268       __imp__open                8002726800000001     ucrt:api-ms-win-crt-stdio-l1-1-0.dll
 0002:00000270       __imp___stdio_common_vsprintf_s 8002727000000001     ucrt:api-ms-win-crt-stdio-l1-1-0.dll
 0002:00000278       __imp__ftelli64            8002727800000001     ucrt:api-ms-win-crt-stdio-l1-1-0.dll
 0002:00000280       \177api-ms-win-crt-stdio-l1-1-0_NULL_THUNK_DATA 8002728000000001     ucrt:api-ms-win-crt-stdio-l1-1-0.dll
 0002:00000288       __imp_strlen               8002728800000001     ucrt:api-ms-win-crt-string-l1-1-0.dll
 0002:00000290       __imp_strcmp               8002729000000001     ucrt:api-ms-win-crt-string-l1-1-0.dll
 0002:00000298       __imp_strcat_s             8002729800000001     ucrt:api-ms-win-crt-string-l1-1-0.dll
 0002:000002a0       __imp_strcpy_s             800272a000000001     ucrt:api-ms-win-crt-string-l1-1-0.dll
 0002:000002a8       \177api-ms-win-crt-string-l1-1-0_NULL_THUNK_DATA 800272a800000001     ucrt:api-ms-win-crt-string-l1-1-0.dll
 0002:000002b0       __imp__time64              800272b000000001     ucrt:api-ms-win-crt-time-l1-1-0.dll
 0002:000002b8       \177api-ms-win-crt-time-l1-1-0_NULL_THUNK_DATA 800272b800000001     ucrt:api-ms-win-crt-time-l1-1-0.dll
 0002:000002c0       __imp_srand                800272c000000001     ucrt:api-ms-win-crt-utility-l1-1-0.dll
 0002:000002c8       __imp_rand                 800272c800000001     ucrt:api-ms-win-crt-utility-l1-1-0.dll
 0002:000002d0       \177api-ms-win-crt-utility-l1-1-0_NULL_THUNK_DATA 800272d000000001     ucrt:api-ms-win-crt-utility-l1-1-0.dll
 0002:000002d8       __guard_check_icall_fptr   800272d800000001     MSVCRT:guard_support.obj
 0002:000002e0       __guard_dispatch_icall_fptr 800272e000000001     MSVCRT:guard_support.obj
 0002:000002e8       __xc_a                     800272e800000001     MSVCRT:initializers.obj
 0002:000002f0       __xc_z                     800272f000000001     MSVCRT:initializers.obj
 0002:000002f8       __xi_a                     800272f800000001     MSVCRT:initializers.obj
 0002:00000300       __xi_z                     8002730000000001     MSVCRT:initializers.obj
 0002:00000308       __xp_a                     8002730800000001     MSVCRT:initializers.obj
 0002:00000310       __xp_z                     8002731000000001     MSVCRT:initializers.obj
 0002:00000318       __xt_a                     8002731800000001     MSVCRT:initializers.obj
 0002:00000320       __xt_z                     8002732000000001     MSVCRT:initializers.obj
 0002:00000330       _pRawDllMain               8002733000000001     MSVCRT:dll_dllmain.obj
 0002:00000330       _pDefaultRawDllMain        8002733000000001     MSVCRT:dll_dllmain.obj
 0002:00000338       ??_C@_06CJNJFBNP@1?42?411@ 8002733800000001     compress.obj
 0002:00003650       _length_code               8002a65000000001     trees.obj
 0002:00003750       _dist_code                 8002a75000000001     trees.obj
 0002:00004120       unz_copyright              8002b12000000001     unzip.obj
 0002:00004180       z_errmsg                   8002b18000000001     zutil.obj
 0002:000041d0       ??_C@_02DKCKIIND@?$CFs@    8002b1d000000001     gzlib.obj
 0002:000041d8       ??_C@_07EBNKNFJN@?$DMfd?3?$CFd?$DO@ 8002b1d800000001     gzlib.obj
 0002:000041e0       ??_C@_0O@BNNCBLEN@out?5of?5memory@ 8002b1e000000001     gzlib.obj
 0002:000041ee       ??_C@_00CNPNBAHC@@         8002b1ee00000001     gzlib.obj
 0002:000041f0       ??_C@_02LMMGGCAJ@?3?5@     8002b1f000000001     gzlib.obj
 0002:000041f4       ??_C@_06DIJPEION@?$CFs?$CFs?$CFs@ 8002b1f400000001     gzlib.obj
 0002:00004200       ??_C@_0BH@CFIIDOJD@unexpected?5end?5of?5file@ 8002b20000000001     gzread.obj
 0002:00004218       ??_C@_0CH@CPOLIEKA@internal?5error?3?5inflate?5stream?5@ 8002b21800000001     gzread.obj
 0002:00004240       ??_C@_0BG@HCKBMIHF@compressed?5data?5error@ 8002b24000000001     gzread.obj
 0002:00004258       ??_C@_0BP@HLDABFKK@request?5does?5not?5fit?5in?5an?5int@ 8002b25800000001     gzread.obj
 0002:00004278       ??_C@_0CB@EGGJDMIK@request?5does?5not?5fit?5in?5a?5size_@ 8002b27800000001     gzread.obj
 0002:000042a0       ??_C@_0BP@IIKIGMCC@out?5of?5room?5to?5push?5characters@ 8002b2a000000001     gzread.obj
 0002:000042c0       ??_C@_0CH@DEEGAHIB@internal?5error?3?5deflate?5stream?5@ 8002b2c000000001     gzwrite.obj
 0002:000042e8       ??_C@_0CF@MLPJFDMM@requested?5length?5does?5not?5fit?5i@ 8002b2e800000001     gzwrite.obj
 0002:00004310       ??_C@_0BD@PJCBIDD@invalid?5block?5type@ 8002b31000000001     infback.obj
 0002:00004328       ??_C@_0BN@LGAADGOK@invalid?5stored?5block?5lengths@ 8002b32800000001     infback.obj
 0002:00004348       ??_C@_0CE@GMIGFPBB@too?5many?5length?5or?5distance?5sym@ 8002b34800000001     infback.obj
 0002:00004370       ??_C@_0BJ@HDEPPGOH@invalid?5code?5lengths?5set@ 8002b37000000001     infback.obj
 0002:00004390       ??_C@_0BK@BMMPFBBH@invalid?5bit?5length?5repeat@ 8002b39000000001     infback.obj
 0002:000043b0       ??_C@_0CF@DGDMADCD@invalid?5code?5?9?9?5missing?5end?9of?9@ 8002b3b000000001     infback.obj
 0002:000043d8       ??_C@_0BM@IIMGAINC@invalid?5literal?1lengths?5set@ 8002b3d800000001     infback.obj
 0002:000043f8       ??_C@_0BG@GMDFCBGP@invalid?5distances?5set@ 8002b3f800000001     infback.obj
 0002:00004410       ??_C@_0BM@FFFLPBBC@invalid?5literal?1length?5code@ 8002b41000000001     infback.obj
 0002:00004430       ??_C@_0BG@LBKINIKP@invalid?5distance?5code@ 8002b43000000001     infback.obj
 0002:00004448       ??_C@_0BO@ECPMAOGG@invalid?5distance?5too?5far?5back@ 8002b44800000001     infback.obj
 0002:00004468       ??_C@_0BH@LIBMMIGA@incorrect?5header?5check@ 8002b46800000001     inflate.obj
 0002:00004480       ??_C@_0BL@IHKGDAEE@unknown?5compression?5method@ 8002b48000000001     inflate.obj
 0002:000044a0       ??_C@_0BE@EMOGCLGO@invalid?5window?5size@ 8002b4a000000001     inflate.obj
 0002:000044b8       ??_C@_0BJ@BLBBCOMO@unknown?5header?5flags?5set@ 8002b4b800000001     inflate.obj
 0002:000044d8       ??_C@_0BE@GONKLEPM@header?5crc?5mismatch@ 8002b4d800000001     inflate.obj
 0002:000044f0       ??_C@_0BF@MEIGEHBE@incorrect?5data?5check@ 8002b4f000000001     inflate.obj
 0002:00004508       ??_C@_0BH@FGKKJGOC@incorrect?5length?5check@ 8002b50800000001     inflate.obj
 0002:00004520       ??_C@_02JDPG@rb@           8002b52000000001     ioapi.obj
 0002:00004524       ??_C@_03HMFOOINA@r?$CLb@   8002b52400000001     ioapi.obj
 0002:00004528       ??_C@_02GMLFBBN@wb@        8002b52800000001     ioapi.obj
 0002:0000452c       ??_C@_01JOAMLHOP@?9@       8002b52c00000001     zip.obj
 0002:00004530       ??_C@_0BA@MOKMMFOD@need?5dictionary@ 8002b53000000001     zutil.obj
 0002:00004540       ??_C@_0L@FNAOCBOG@stream?5end@ 8002b54000000001     zutil.obj
 0002:00004550       ??_C@_0L@KIJFAKBJ@file?5error@ 8002b55000000001     zutil.obj
 0002:00004560       ??_C@_0N@MKKNPMJD@stream?5error@ 8002b56000000001     zutil.obj
 0002:00004570       ??_C@_0L@HAHMBNLP@data?5error@ 8002b57000000001     zutil.obj
 0002:00004580       ??_C@_0BE@OGGJBMCE@insufficient?5memory@ 8002b58000000001     zutil.obj
 0002:00004598       ??_C@_0N@DFPGLBGC@buffer?5error@ 8002b59800000001     zutil.obj
 0002:000045a8       ??_C@_0BF@CJFPCCEG@incompatible?5version@ 8002b5a800000001     zutil.obj
 0002:00006b30       ??_C@_0NN@NGPKDKPD@The?5value?5of?5ESP?5was?5not?5proper@ 8002db3000000001     MSVCRT:error.obj
 0002:00006c10       ??_C@_0BBN@GPMLNJCF@A?5cast?5to?5a?5smaller?5data?5type?5h@ 8002dc1000000001     MSVCRT:error.obj
 0002:00006d30       ??_C@_0BN@FFOINMNJ@Stack?5memory?5was?5corrupted?6?$AN@ 8002dd3000000001     MSVCRT:error.obj
 0002:00006d50       ??_C@_0DG@HKJMLLLP@A?5local?5variable?5was?5used?5befor@ 8002dd5000000001     MSVCRT:error.obj
 0002:00006d88       ??_C@_0CM@NGINOKPC@Stack?5memory?5around?5_alloca?5was@ 8002dd8800000001     MSVCRT:error.obj
 0002:00006db8       ??_C@_0BO@GNIAFIKK@Unknown?5Runtime?5Check?5Error?6?$AN@ 8002ddb800000001     MSVCRT:error.obj
 0002:00006de0       ??_C@_1GM@OLMCBDMB@?$AAR?$AAu?$AAn?$AAt?$AAi?$AAm?$AAe?$AA?5?$AAC?$AAh?$AAe?$AAc?$AAk?$AA?5?$AAE@ 8002dde000000001     MSVCRT:error.obj
 0002:00006e50       ??_C@_1EA@NFKNIFJP@?$AAR?$AAu?$AAn?$AA?9?$AAT?$AAi?$AAm?$AAe?$AA?5?$AAC?$AAh?$AAe?$AAc?$AAk?$AA?5@ 8002de5000000001     MSVCRT:error.obj
 0002:00006e90       ??_C@_0BB@PFFGGCJP@Unknown?5Filename@ 8002de9000000001     MSVCRT:error.obj
 0002:00006ea8       ??_C@_0BE@GNBOBNCK@Unknown?5Module?5Name@ 8002dea800000001     MSVCRT:error.obj
 0002:00006ec0       ??_C@_0CA@IODNCDPG@Run?9Time?5Check?5Failure?5?$CD?$CFd?5?9?5?$CFs@ 8002dec000000001     MSVCRT:error.obj
 0002:00006ee0       ??_C@_0CG@IAFNJNEE@Stack?5corrupted?5near?5unknown?5va@ 8002dee000000001     MSVCRT:error.obj
 0002:00006f08       ??_C@_05MKKEDADM@?$CF?42X?5@ 8002df0800000001     MSVCRT:error.obj
 0002:00006f10       ??_C@_0EJ@LJKNEOLN@Stack?5area?5around?5_alloca?5memor@ 8002df1000000001     MSVCRT:error.obj
 0002:00006f5c       ??_C@_01EEMJAFIK@?6@       8002df5c00000001     MSVCRT:error.obj
 0002:00006f60       ??_C@_02LLMPMKNF@?$DO?5@   8002df6000000001     MSVCRT:error.obj
 0002:00006f68       ??_C@_08OMAHNMHJ@?6Data?3?5?$DM@ 8002df6800000001     MSVCRT:error.obj
 0002:00006f78       ??_C@_0CK@DKGBICFE@?6Allocation?5number?5within?5this?5@ 8002df7800000001     MSVCRT:error.obj
 0002:00006fa8       ??_C@_07DFDJCKFN@?6Size?3?5@ 8002dfa800000001     MSVCRT:error.obj
 0002:00006fb0       ??_C@_0N@MHFFIMFG@?6Address?3?50x@ 8002dfb000000001     MSVCRT:error.obj
 0002:00006fc0       ??_C@_0EI@CLEPFNGI@Stack?5area?5around?5_alloca?5memor@ 8002dfc000000001     MSVCRT:error.obj
 0002:00007008       ??_C@_0BK@ODNDAGKB@?$CFs?$CFs?$CFp?$CFs?$CFzd?$CFs?$CFd?$CFs?$CFs?$CFs?$CFs?$CFs@ 8002e00800000001     MSVCRT:error.obj
 0002:00007028       ??_C@_0DE@OHJBPMBP@A?5variable?5is?5being?5used?5withou@ 8002e02800000001     MSVCRT:error.obj
 0002:00007088       ??_C@_0BJ@HEGAHDFO@Stack?5pointer?5corruption@ 8002e08800000001     MSVCRT:userapi.obj
 0002:000070a8       ??_C@_0CK@FEGOIOPB@Cast?5to?5smaller?5type?5causing?5lo@ 8002e0a800000001     MSVCRT:userapi.obj
 0002:000070d8       ??_C@_0BI@CIGMDCBH@Stack?5memory?5corruption@ 8002e0d800000001     MSVCRT:userapi.obj
 0002:000070f0       ??_C@_0CK@CNLNOEPB@Local?5variable?5used?5before?5init@ 8002e0f000000001     MSVCRT:userapi.obj
 0002:00007120       ??_C@_0BP@OGBCLIBO@Stack?5around?5_alloca?5corrupted@ 8002e12000000001     MSVCRT:userapi.obj
 0002:00007170       ??_C@_1EI@MLPKHBGE@?$AAa?$AAp?$AAi?$AA?9?$AAm?$AAs?$AA?9?$AAw?$AAi?$AAn?$AA?9?$AAc?$AAo?$AAr?$AAe@ 8002e17000000001     MSVCRT:pdblkup.obj
 0002:000071b8       ??_C@_1BK@JHLNAEJL@?$AAa?$AAd?$AAv?$AAa?$AAp?$AAi?$AA3?$AA2?$AA?4?$AAd?$AAl?$AAl@ 8002e1b800000001     MSVCRT:pdblkup.obj
 0002:000071d8       ??_C@_0O@COHOBMLB@RegOpenKeyExW@ 8002e1d800000001     MSVCRT:pdblkup.obj
 0002:000071e8       ??_C@_0BB@GLNAEDBD@RegQueryValueExW@ 8002e1e800000001     MSVCRT:pdblkup.obj
 0002:00007200       ??_C@_0M@HLOHPNFA@RegCloseKey@ 8002e20000000001     MSVCRT:pdblkup.obj
 0002:00007210       ??_C@_1HE@EBEAGLFB@?$AAS?$AAO?$AAF?$AAT?$AAW?$AAA?$AAR?$AAE?$AA?2?$AAW?$AAo?$AAw?$AA6?$AA4?$AA3@ 8002e21000000001     MSVCRT:pdblkup.obj
 0002:00007288       ??_C@_1BG@EABPBLLF@?$AAP?$AAr?$AAo?$AAd?$AAu?$AAc?$AAt?$AAD?$AAi?$AAr@ 8002e28800000001     MSVCRT:pdblkup.obj
 0002:000072a0       ??_C@_0BB@KCIACLNC@PDBOpenValidate5@ 8002e2a000000001     MSVCRT:pdblkup.obj
 0002:000072b4       ??_C@_01KDCPPGHE@r@        8002e2b400000001     MSVCRT:pdblkup.obj
 0002:00007340       _load_config_used          8002e34000000001     MSVCRT:loadcfg.obj
 0002:00007720       __rtc_iaa                  8002e72000000001     MSVCRT:initsect.obj
 0002:00007728       __rtc_izz                  8002e72800000001     MSVCRT:initsect.obj
 0002:00007730       __rtc_taa                  8002e73000000001     MSVCRT:initsect.obj
 0002:00007738       __rtc_tzz                  8002e73800000001     MSVCRT:initsect.obj
 0002:000090dc       __IMPORT_DESCRIPTOR_KERNEL32 800300dc00000001     kernel32:KERNEL32.dll
 0002:000090f0       __IMPORT_DESCRIPTOR_VCRUNTIME140 800300f000000001     vcruntime:VCRUNTIME140.dll
 0002:00009104       __IMPORT_DESCRIPTOR_api-ms-win-crt-stdio-l1-1-0 8003010400000001     ucrt:api-ms-win-crt-stdio-l1-1-0.dll
 0002:00009118       __IMPORT_DESCRIPTOR_api-ms-win-crt-convert-l1-1-0 8003011800000001     ucrt:api-ms-win-crt-convert-l1-1-0.dll
 0002:0000912c       __IMPORT_DESCRIPTOR_api-ms-win-crt-string-l1-1-0 8003012c00000001     ucrt:api-ms-win-crt-string-l1-1-0.dll
 0002:00009140       __IMPORT_DESCRIPTOR_api-ms-win-crt-heap-l1-1-0 8003014000000001     ucrt:api-ms-win-crt-heap-l1-1-0.dll
 0002:00009154       __IMPORT_DESCRIPTOR_api-ms-win-crt-runtime-l1-1-0 8003015400000001     ucrt:api-ms-win-crt-runtime-l1-1-0.dll
 0002:00009168       __IMPORT_DESCRIPTOR_api-ms-win-crt-utility-l1-1-0 8003016800000001     ucrt:api-ms-win-crt-utility-l1-1-0.dll
 0002:0000917c       __IMPORT_DESCRIPTOR_api-ms-win-crt-time-l1-1-0 8003017c00000001     ucrt:api-ms-win-crt-time-l1-1-0.dll
 0002:00009190       __NULL_IMPORT_DESCRIPTOR   8003019000000001     kernel32:KERNEL32.dll
 0003:00000000       __scrt_native_dllmain_reason 8003100000000001     MSVCRT:utility.obj
 0003:00000008       __security_cookie_complement 8003100800000001     MSVCRT:gs_cookie.obj
 0003:00000010       __security_cookie          8003101000000001     MSVCRT:gs_cookie.obj
 0003:00000018       __isa_available            8003101800000001     MSVCRT:cpu_disp.obj
 0003:0000001c       __isa_enabled              8003101c00000001     MSVCRT:cpu_disp.obj
 0003:00000020       __memcpy_nt_iters          8003102000000001     MSVCRT:cpu_disp.obj
 0003:00000028       __memset_nt_iters          8003102800000001     MSVCRT:cpu_disp.obj
 0003:00000030       __scrt_ucrt_dll_is_in_use  8003103000000001     MSVCRT:ucrt_stubs.obj
 0003:00000040       ?_RTC_ErrorLevels@@3PAHA   8003104000000001     MSVCRT:error.obj
 0003:00000070       ?__type_info_root_node@@3U__type_info_node@@A 8003107000000001     MSVCRT:tncleanup.obj
 0003:00000080       ?_OptionsStorage@?1??__local_stdio_printf_options@@9@4_KA 8003108000000001     MSVCRT:default_local_stdio_options.obj
 0003:00000088       ?_OptionsStorage@?1??__local_stdio_scanf_options@@9@4_KA 8003108800000001     MSVCRT:default_local_stdio_options.obj
 0003:00000090       __scrt_current_native_startup_state 8003109000000001     MSVCRT:utility.obj
 0003:00000098       __scrt_native_startup_lock 8003109800000001     MSVCRT:utility.obj
 0003:000000d8       __scrt_debugger_hook_flag  800310d800000001     MSVCRT:utility_desktop.obj
 0003:000000dc       __favor                    800310dc00000001     MSVCRT:cpu_disp.obj
 0003:00000680       __DebuggerCurrentSteppingThreadId 8003168000000001     <common>
 0003:00000688       __dyn_tls_init_callback    8003168800000001     <common>
 0003:00000690       ?_OptionsStorage@?1??__local_stdio_printf_options@@9@9 8003169000000001     <common>
 0003:00000698       ?_OptionsStorage@?1??__local_stdio_scanf_options@@9@9 8003169800000001     <common>

 entry point at        0001:000236b8

 Static symbols

 0000:fffca000       .debug$S                   8000000000000001     ucrt:api-ms-win-crt-string-l1-1-0.dll
 0000:fffca000       .debug$S                   8000000000000001     kernel32:KERNEL32.dll
 0000:fffca000       .debug$S                   8000000000000001     kernel32:KERNEL32.dll
 0000:fffca000       .debug$S                   8000000000000001     kernel32:KERNEL32.dll
 0000:fffca000       .debug$S                   8000000000000001     kernel32:KERNEL32.dll
 0000:fffca000       .debug$S                   8000000000000001     kernel32:KERNEL32.dll
 0000:fffca000       .debug$S                   8000000000000001     kernel32:KERNEL32.dll
 0000:fffca000       .debug$S                   8000000000000001     kernel32:KERNEL32.dll
 0000:fffca000       .debug$S                   8000000000000001     kernel32:KERNEL32.dll
 0000:fffca000       .debug$S                   8000000000000001     kernel32:KERNEL32.dll
 0000:fffca000       .debug$S                   8000000000000001     kernel32:KERNEL32.dll
 0000:fffca000       .debug$S                   8000000000000001     kernel32:KERNEL32.dll
 0000:fffca000       .debug$S                   8000000000000001     ucrt:api-ms-win-crt-stdio-l1-1-0.dll
 0000:fffca000       .debug$S                   8000000000000001     ucrt:api-ms-win-crt-string-l1-1-0.dll
 0000:fffca000       .debug$S                   8000000000000001     ucrt:api-ms-win-crt-string-l1-1-0.dll
 0000:fffca000       .debug$S                   8000000000000001     vcruntime:VCRUNTIME140.dll
 0000:fffca000       .debug$S                   8000000000000001     vcruntime:VCRUNTIME140.dll
 0000:fffca000       .debug$S                   8000000000000001     vcruntime:VCRUNTIME140.dll
 0000:fffca000       .debug$S                   8000000000000001     ucrt:api-ms-win-crt-runtime-l1-1-0.dll
 0000:fffca000       .debug$S                   8000000000000001     zlibwapi.exp
 0000:fffca000       .debug$S                   8000000000000001     kernel32:KERNEL32.dll
 0000:fffca000       .debug$S                   8000000000000001     kernel32:KERNEL32.dll
 0000:fffca000       .debug$S                   8000000000000001     kernel32:KERNEL32.dll
 0002:fffd9000       __guard_fids_?dllmain_dispatch@@YAHQEAUHINSTANCE__@@KQEAX@Z 8000000000000001     MSVCRT:dll_dllmain.obj
 0000:fffca000       .debug$S                   8000000000000001     ucrt:api-ms-win-crt-runtime-l1-1-0.dll
 0000:fffca000       .debug$S                   8000000000000001     kernel32:KERNEL32.dll
 0000:fffca000       .debug$S                   8000000000000001     kernel32:KERNEL32.dll
 0000:fffca000       .debug$S                   8000000000000001     kernel32:KERNEL32.dll
 0000:fffca000       .debug$S                   8000000000000001     kernel32:KERNEL32.dll
 0000:fffca000       .debug$S                   8000000000000001     ucrt:api-ms-win-crt-runtime-l1-1-0.dll
 0000:fffca000       .debug$S                   8000000000000001     kernel32:KERNEL32.dll
 0000:fffca000       .debug$S                   8000000000000001     ucrt:api-ms-win-crt-runtime-l1-1-0.dll
 0000:fffca000       .debug$S                   8000000000000001     kernel32:KERNEL32.dll
 0000:fffca000       .debug$S                   8000000000000001     kernel32:KERNEL32.dll
 0000:fffca000       .debug$S                   8000000000000001     kernel32:KERNEL32.dll
 0000:fffca000       .debug$S                   8000000000000001     ucrt:api-ms-win-crt-runtime-l1-1-0.dll
 0000:fffca000       .debug$S                   8000000000000001     kernel32:KERNEL32.dll
 0000:fffca000       .debug$S                   8000000000000001     ucrt:api-ms-win-crt-runtime-l1-1-0.dll
 0000:fffca000       .debug$S                   8000000000000001     kernel32:KERNEL32.dll
 0000:fffca000       .debug$S                   8000000000000001     kernel32:KERNEL32.dll
 0000:fffca000       .debug$S                   8000000000000001     ucrt:api-ms-win-crt-runtime-l1-1-0.dll
 0000:fffca000       .debug$S                   8000000000000001     ucrt:api-ms-win-crt-runtime-l1-1-0.dll
 0000:fffca000       .debug$S                   8000000000000001     ucrt:api-ms-win-crt-stdio-l1-1-0.dll
 0000:fffca000       .debug$S                   8000000000000001     ucrt:api-ms-win-crt-stdio-l1-1-0.dll
 0000:fffca000       .debug$S                   8000000000000001     kernel32:KERNEL32.dll
 0000:fffca000       .debug$S                   8000000000000001     kernel32:KERNEL32.dll
 0002:fffd9000       __guard_fids___scrt_set_unhandled_exception_filter 8000000000000001     MSVCRT:utility_desktop.obj
 0000:fffca000       .debug$S                   8000000000000001     ucrt:api-ms-win-crt-runtime-l1-1-0.dll
 0000:fffca000       .debug$S                   8000000000000001     ucrt:api-ms-win-crt-runtime-l1-1-0.dll
 0000:fffca000       .debug$S                   8000000000000001     ucrt:api-ms-win-crt-convert-l1-1-0.dll
 0000:fffca000       .debug$S                   8000000000000001     ucrt:api-ms-win-crt-stdio-l1-1-0.dll
 0000:fffca000       .debug$S                   8000000000000001     ucrt:api-ms-win-crt-heap-l1-1-0.dll
 0000:fffca000       .debug$S                   8000000000000001     ucrt:api-ms-win-crt-heap-l1-1-0.dll
 0000:fffca000       .debug$S                   8000000000000001     kernel32:KERNEL32.dll
 0000:fffca000       .debug$S                   8000000000000001     ucrt:api-ms-win-crt-stdio-l1-1-0.dll
 0000:fffca000       .debug$S                   8000000000000001     kernel32:KERNEL32.dll
 0000:fffca000       .debug$S                   8000000000000001     kernel32:KERNEL32.dll
 0000:fffca000       .debug$S                   8000000000000001     kernel32:KERNEL32.dll
 0002:fffd9000       __guard_fids__             8000000000000001     MSVCRT:guard_support.obj
 0000:fffca000       .debug$S                   8000000000000001     kernel32:KERNEL32.dll
 0002:fffd9000       __guard_fids__guard_icall_checks_enforced 8000000000000001     MSVCRT:guard_support.obj
 0000:fffca000       .debug$S                   8000000000000001     kernel32:KERNEL32.dll
 0000:fffca000       .debug$S                   8000000000000001     ucrt:api-ms-win-crt-stdio-l1-1-0.dll
 0000:fffca000       .debug$S                   8000000000000001     ucrt:api-ms-win-crt-runtime-l1-1-0.dll
 0000:fffca000       .debug$S                   8000000000000001     ucrt:api-ms-win-crt-runtime-l1-1-0.dll
 0000:fffca000       .debug$S                   8000000000000001     ucrt:api-ms-win-crt-stdio-l1-1-0.dll
 0000:fffca000       .debug$S                   8000000000000001     ucrt:api-ms-win-crt-stdio-l1-1-0.dll
 0000:fffca000       .debug$S                   8000000000000001     ucrt:api-ms-win-crt-stdio-l1-1-0.dll
 0000:fffca000       .debug$S                   8000000000000001     vcruntime:VCRUNTIME140.dll
 0000:fffca000       .debug$S                   8000000000000001     ucrt:api-ms-win-crt-stdio-l1-1-0.dll
 0000:fffca000       .debug$S                   8000000000000001     vcruntime:VCRUNTIME140.dll
 0000:fffca000       .debug$S                   8000000000000001     ucrt:api-ms-win-crt-stdio-l1-1-0.dll
 0000:fffca000       .debug$S                   8000000000000001     vcruntime:VCRUNTIME140.dll
 0000:fffca000       .debug$S                   8000000000000001     ucrt:api-ms-win-crt-stdio-l1-1-0.dll
 0000:fffca000       .debug$S                   8000000000000001     vcruntime:VCRUNTIME140.dll
 0000:fffca000       .debug$S                   8000000000000001     ucrt:api-ms-win-crt-stdio-l1-1-0.dll
 0000:fffca000       .debug$S                   8000000000000001     vcruntime:VCRUNTIME140.dll
 0000:fffca000       .debug$S                   8000000000000001     ucrt:api-ms-win-crt-stdio-l1-1-0.dll
 0000:fffca000       .debug$S                   8000000000000001     ucrt:api-ms-win-crt-stdio-l1-1-0.dll
 0000:fffca000       .debug$S                   8000000000000001     ucrt:api-ms-win-crt-stdio-l1-1-0.dll
 0000:fffca000       .debug$S                   8000000000000001     ucrt:api-ms-win-crt-stdio-l1-1-0.dll
 0000:fffca000       .debug$S                   8000000000000001     ucrt:api-ms-win-crt-string-l1-1-0.dll
 0000:fffca000       .debug$S                   8000000000000001     ucrt:api-ms-win-crt-utility-l1-1-0.dll
 0000:fffca000       .debug$S                   8000000000000001     ucrt:api-ms-win-crt-utility-l1-1-0.dll
 0000:fffca000       .debug$S                   8000000000000001     ucrt:api-ms-win-crt-time-l1-1-0.dll
 0000:fffca000       .debug$S                   8000000000000001     ucrt:api-ms-win-crt-runtime-l1-1-0.dll
 0000:fffca000       .debug$S                   8000000000000001     ucrt:api-ms-win-crt-runtime-l1-1-0.dll
 0001:000008c0       adler32_combine_           800018c000000001 f   adler32.obj
 0001:00001170       crc32_little               8000217000000001 f   crc32.obj
 0001:000019d0       crc32_big                  800029d000000001 f   crc32.obj
 0001:00002290       gf2_matrix_times           8000329000000001 f   crc32.obj
 0001:00002310       gf2_matrix_square          8000331000000001 f   crc32.obj
 0001:00002390       crc32_combine_             8000339000000001 f   crc32.obj
 0001:000025a0       slide_hash                 800035a000000001 f   deflate.obj
 0001:00002c20       deflateStateCheck          80003c2000000001 f   deflate.obj
 0001:00003ae0       putShortMSB                80004ae000000001 f   deflate.obj
 0001:00003b70       flush_pending              80004b7000000001 f   deflate.obj
 0001:00005670       read_buf                   8000667000000001 f   deflate.obj
 0001:00005790       lm_init                    8000679000000001 f   deflate.obj
 0001:00005930       fill_window                8000693000000001 f   deflate.obj
 0001:00005e10       deflate_stored             80006e1000000001 f   deflate.obj
 0001:000068f0       deflate_fast               800078f000000001 f   deflate.obj
 0001:00007380       deflate_slow               8000838000000001 f   deflate.obj
 0001:000080c0       deflate_rle                800090c000000001 f   deflate.obj
 0001:00008970       deflate_huff               8000997000000001 f   deflate.obj
 0001:00008f50       gz_reset                   80009f5000000001 f   gzlib.obj
 0001:00009000       gz_open                    8000a00000000001 f   gzlib.obj
 0001:00009490       $LN56                      8000a49000000001     gzlib.obj
 0001:000094bc       $LN55                      8000a4bc00000001     gzlib.obj
 0001:0000a150       gz_load                    8000b15000000001 f   gzread.obj
 0001:0000a260       gz_avail                   8000b26000000001 f   gzread.obj
 0001:0000a3c0       gz_look                    8000b3c000000001 f   gzread.obj
 0001:0000a6b0       gz_decomp                  8000b6b000000001 f   gzread.obj
 0001:0000a860       gz_fetch                   8000b86000000001 f   gzread.obj
 0001:0000a9b0       gz_skip                    8000b9b000000001 f   gzread.obj
 0001:0000aac0       gz_read                    8000bac000000001 f   gzread.obj
 0001:0000b6f0       gz_init                    8000c6f000000001 f   gzwrite.obj
 0001:0000b8f0       gz_comp                    8000c8f000000001 f   gzwrite.obj
 0001:0000bbf0       gz_zero                    8000cbf000000001 f   gzwrite.obj
 0001:0000bd30       gz_write                   8000cd3000000001 f   gzwrite.obj
 0001:0000cc50       fixedtables                8000dc5000000001 f   infback.obj
 0001:0000ea58       $LN385                     8000fa5800000001     infback.obj
 0001:0000ef40       inflateStateCheck          8000ff4000000001 f   inflate.obj
 0001:0000f5f0       fixedtables                800105f000000001 f   inflate.obj
 0001:0000f660       updatewindow               8001066000000001 f   inflate.obj
 0001:0001280c       $LN559                     8001380c00000001     inflate.obj
 0001:00012bf0       syncsearch                 80013bf000000001 f   inflate.obj
 0001:00013fe0       fopen_file_func            80014fe000000001 f   ioapi.obj
 0001:000140a0       fopen64_file_func          800150a000000001 f   ioapi.obj
 0001:00014160       fread_file_func            8001516000000001 f   ioapi.obj
 0001:000141d0       fwrite_file_func           800151d000000001 f   ioapi.obj
 0001:00014240       ftell_file_func            8001524000000001 f   ioapi.obj
 0001:00014290       ftell64_file_func          8001529000000001 f   ioapi.obj
 0001:000142e0       fseek_file_func            800152e000000001 f   ioapi.obj
 0001:000143a0       fseek64_file_func          800153a000000001 f   ioapi.obj
 0001:00014460       fclose_file_func           8001546000000001 f   ioapi.obj
 0001:000144b0       ferror_file_func           800154b000000001 f   ioapi.obj
 0001:000145b0       win32_translate_open_mode  800155b000000001 f   iowin32.obj
 0001:00014690       win32_build_iowin          8001569000000001 f   iowin32.obj
 0001:00014d10       MySetFilePointerEx         80015d1000000001 f   iowin32.obj
 0001:00015580       tr_static_init             8001658000000001 f   trees.obj
 0001:00015690       init_block                 8001669000000001 f   trees.obj
 0001:000157b0       pqdownheap                 800167b000000001 f   trees.obj
 0001:00015a00       gen_bitlen                 80016a0000000001 f   trees.obj
 0001:00015e70       gen_codes                  80016e7000000001 f   trees.obj
 0001:00015fa0       build_tree                 80016fa000000001 f   trees.obj
 0001:00016470       scan_tree                  8001747000000001 f   trees.obj
 0001:000166e0       send_tree                  800176e000000001 f   trees.obj
 0001:00017680       build_bl_tree              8001868000000001 f   trees.obj
 0001:00017780       send_all_trees             8001878000000001 f   trees.obj
 0001:00018860       compress_block             8001986000000001 f   trees.obj
 0001:00019440       detect_data_type           8001a44000000001 f   trees.obj
 0001:00019560       bi_reverse                 8001a56000000001 f   trees.obj
 0001:000195e0       bi_flush                   8001a5e000000001 f   trees.obj
 0001:00019730       bi_windup                  8001a73000000001 f   trees.obj
 0001:00019ba0       unz64local_getByte         8001aba000000001 f   unzip.obj
 0001:00019c60       unz64local_getShort        8001ac6000000001 f   unzip.obj
 0001:00019d30       unz64local_getLong         8001ad3000000001 f   unzip.obj
 0001:00019e60       unz64local_getLong64       8001ae6000000001 f   unzip.obj
 0001:0001a090       strcmpcasenosensitive_internal 8001b09000000001 f   unzip.obj
 0001:0001a220       unz64local_SearchCentralDir 8001b22000000001 f   unzip.obj
 0001:0001a4b0       unz64local_SearchCentralDir64 8001b4b000000001 f   unzip.obj
 0001:0001a8e0       unzOpenInternal            8001b8e000000001 f   unzip.obj
 0001:0001b2b0       unz64local_DosDateToTmuDate 8001c2b000000001 f   unzip.obj
 0001:0001b3a0       unz64local_GetCurrentFileInfoInternal 8001c3a000000001 f   unzip.obj
 0001:0001c700       unz64local_CheckCurrentFileCoherencyHeader 8001d70000000001 f   unzip.obj
 0001:0001dca0       time                       8001eca000000001 f   zip.obj
 0001:0001dce0       decrypt_byte               8001ece000000001 f   zip.obj
 0001:0001dd50       update_keys                8001ed5000000001 f   zip.obj
 0001:0001de30       init_keys                  8001ee3000000001 f   zip.obj
 0001:0001ded0       crypthead                  8001eed000000001 f   zip.obj
 0001:0001e170       allocate_new_datablock     8001f17000000001 f   zip.obj
 0001:0001e1e0       free_datablock             8001f1e000000001 f   zip.obj
 0001:0001e250       init_linkedlist            8001f25000000001 f   zip.obj
 0001:0001e2a0       free_linkedlist            8001f2a000000001 f   zip.obj
 0001:0001e300       add_data_in_datablock      8001f30000000001 f   zip.obj
 0001:0001e4d0       zip64local_putValue        8001f4d000000001 f   zip.obj
 0001:0001e5d0       zip64local_putValue_inmemory 8001f5d000000001 f   zip.obj
 0001:0001e690       zip64local_TmzDateToDosDate 8001f69000000001 f   zip.obj
 0001:0001e760       zip64local_getByte         8001f76000000001 f   zip.obj
 0001:0001e820       zip64local_getShort        8001f82000000001 f   zip.obj
 0001:0001e8f0       zip64local_getLong         8001f8f000000001 f   zip.obj
 0001:0001ea20       zip64local_getLong64       8001fa2000000001 f   zip.obj
 0001:0001ec50       zip64local_SearchCentralDir 8001fc5000000001 f   zip.obj
 0001:0001eee0       zip64local_SearchCentralDir64 8001fee000000001 f   zip.obj
 0001:00021480       zip64FlushWriteBuffer      8002248000000001 f   zip.obj
 0001:00022d50       $$000000                   80023d5000000001     gvmat64.obj
 0001:00023030       $$000000                   8002403000000001     inffasx64.obj
 0001:00023374       ?dllmain_crt_dispatch@@YAHQEAUHINSTANCE__@@KQEAX@Z 8002437400000001 f   MSVCRT:dll_dllmain.obj
 0001:000233c4       ?dllmain_crt_process_attach@@YAHQEAUHINSTANCE__@@QEAX@Z 800243c400000001 f   MSVCRT:dll_dllmain.obj
 0001:000234dc       ?dllmain_crt_process_detach@@YAH_N@Z 800244dc00000001 f   MSVCRT:dll_dllmain.obj
 0001:00023560       ?dllmain_dispatch@@YAHQEAUHINSTANCE__@@KQEAX@Z 8002456000000001 f   MSVCRT:dll_dllmain.obj
 0001:00023694       ?dllmain_raw@@YAHQEAUHINSTANCE__@@KQEAX@Z 8002469400000001 f   MSVCRT:dll_dllmain.obj
 0001:000236f8       __get_entropy              800246f800000001 f   MSVCRT:gs_support.obj
 0001:000238cc       ?find_pe_section@@YAPEAU_IMAGE_SECTION_HEADER@@QEAE_K@Z 800248cc00000001 f   MSVCRT:utility.obj
 0001:00023920       ?is_potentially_valid_image_base@@YA_NQEAX@Z 8002492000000001 f   MSVCRT:utility.obj
 0001:00024520       $$000000                   8002552000000001     MSVCRT:chkstk.obj
 0001:00024584       ?DebuggerProbe@@YA_NK@Z    8002558400000001 f   MSVCRT:error.obj
 0001:000245bc       ?DebuggerRuntime@@YA_NKHPEAXPEB_W@Z 800255bc00000001 f   MSVCRT:error.obj
 0001:000248c8       ?_getMemBlockDataString@@YAXPEAD0PEBD_K@Z 800258c800000001 f   MSVCRT:error.obj
 0001:00024970       ?_strlen_priv@@YA_KPEBD@Z  8002597000000001 f   MSVCRT:error.obj
 0001:00024984       ?failwithmessage@@YAXPEAXHHPEBD@Z 8002598400000001 f   MSVCRT:error.obj
 0001:00024c1c       ?notify_debugger@@YAXAEBUtagEXCEPTION_VISUALCPP_DEBUG_INFO@@@Z 80025c1c00000001 f   MSVCRT:error.obj
 0001:00024e40       ?GetPdbDll@@YAPEAUHINSTANCE__@@XZ 80025e4000000001 f   MSVCRT:pdblkup.obj
 0001:00024e68       ?GetPdbDllFromInstallPath@@YAPEAUHINSTANCE__@@XZ 80025e6800000001 f   MSVCRT:pdblkup.obj
 0001:00025520       $$000000                   8002652000000001     MSVCRT:amdsecgs.obj
 0001:0002581c       capture_current_context    8002681c00000001 f   MSVCRT:gs_report.obj
 0001:0002588c       capture_previous_context   8002688c00000001 f   MSVCRT:gs_report.obj
 0001:00025970       $$000000                   8002697000000001     MSVCRT:guard_dispatch.obj
 0001:00025982       ?fin$0@?0??dllmain_crt_process_attach@@YAHQEAUHINSTANCE__@@QEAX@Z@4HA 8002698200000001 f   MSVCRT:dll_dllmain.obj
 0001:00025999       ?fin$0@?0??dllmain_crt_process_detach@@YAH_N@Z@4HA 8002699900000001 f   MSVCRT:dll_dllmain.obj
 0001:000259b5       ?filt$0@?0??dllmain_dispatch@@YAHQEAUHINSTANCE__@@KQEAX@Z@4HA 800269b500000001 f   MSVCRT:dll_dllmain.obj
 0001:000259eb       __scrt_is_nonwritable_in_current_image$filt$0 800269eb00000001 f   MSVCRT:utility.obj
 0001:00025a03       ?filt$0@?0??notify_debugger@@YAXAEBUtagEXCEPTION_VISUALCPP_DEBUG_INFO@@@Z@4HA 80026a0300000001 f   MSVCRT:error.obj
 0002:00000340       crc_table                  8002734000000001     crc32.obj
 0002:00002340       ?my_version@?1??deflateInit2_@@9@9 8002934000000001     deflate.obj
 0002:00002350       configuration_table        8002935000000001     deflate.obj
 0002:000023f0       ?lenfix@?1??fixedtables@@9@9 800293f000000001     infback.obj
 0002:00002bf0       ?distfix@?1??fixedtables@@9@9 80029bf000000001     infback.obj
 0002:00002c70       ?order@?1??inflateBack@@9@9 80029c7000000001     infback.obj
 0002:00002ca0       ?lenfix@?1??fixedtables@@9@9 80029ca000000001     inflate.obj
 0002:000034a0       ?distfix@?1??fixedtables@@9@9 8002a4a000000001     inflate.obj
 0002:00003520       ?order@?1??inflate@@9@9    8002a52000000001     inflate.obj
 0002:00003550       ?dext@?1??inflate_table@@9@9 8002a55000000001     inftrees.obj
 0002:00003590       ?lext@?1??inflate_table@@9@9 8002a59000000001     inftrees.obj
 0002:000035d0       ?lbase@?1??inflate_table@@9@9 8002a5d000000001     inftrees.obj
 0002:00003610       ?dbase@?1??inflate_table@@9@9 8002a61000000001     inftrees.obj
 0002:00003950       static_dtree               8002a95000000001     trees.obj
 0002:000039d0       extra_blbits               8002a9d000000001     trees.obj
 0002:00003a20       extra_lbits                8002aa2000000001     trees.obj
 0002:00003aa0       base_dist                  8002aaa000000001     trees.obj
 0002:00003b20       base_length                8002ab2000000001     trees.obj
 0002:00003b98       static_l_desc              8002ab9800000001     trees.obj
 0002:00003bb8       static_bl_desc             8002abb800000001     trees.obj
 0002:00003be0       extra_dbits                8002abe000000001     trees.obj
 0002:00003c60       static_ltree               8002ac6000000001     trees.obj
 0002:000040e0       static_d_desc              8002b0e000000001     trees.obj
 0002:00004100       bl_order                   8002b10000000001     trees.obj
 0002:000045c0       compress2$rtcName$0        8002b5c000000001     compress.obj
 0002:000045d0       compress2$rtcVarDesc       8002b5d000000001     compress.obj
 0002:00004610       compress2$rtcFrameData     8002b61000000001     compress.obj
 0002:00004620       crc32_combine_$rtcName$0   8002b62000000001     crc32.obj
 0002:00004628       crc32_combine_$rtcName$1   8002b62800000001     crc32.obj
 0002:00004630       crc32_combine_$rtcVarDesc  8002b63000000001     crc32.obj
 0002:000046b0       crc32_combine_$rtcFrameData 8002b6b000000001     crc32.obj
 0002:000046c0       snprintf$rtcName$0         8002b6c000000001     gzlib.obj
 0002:000046d0       snprintf$rtcVarDesc        8002b6d000000001     gzlib.obj
 0002:00004710       snprintf$rtcFrameData      8002b71000000001     gzlib.obj
 0002:00004720       gzgetc$rtcName$0           8002b72000000001     gzread.obj
 0002:00004730       gzgetc$rtcVarDesc          8002b73000000001     gzread.obj
 0002:00004770       gzgetc$rtcFrameData        8002b77000000001     gzread.obj
 0002:00004780       gz_read$rtcName$0          8002b78000000001     gzread.obj
[...]
 0005:0000001d       __5BA8817F_winnt@h         8003301d00000001     crc32.obj
 0005:0000001e       __8421AFE7_processthreadsapi@h 8003301e00000001     crc32.obj
 0005:0000001f       __F192E00B_memoryapi@h     8003301f00000001     crc32.obj
 0005:00000020       __0DF854E2_winerror@h      8003302000000001     crc32.obj
 0005:00000021       __940BF1C4_winbase@h       8003302100000001     crc32.obj
 0005:00000022       __78A3E64A_stralign@h      8003302200000001     crc32.obj
 0005:00000023       __D49CDC1E_crc32@c         8003302300000001     crc32.obj
 0005:00000024       __95347B96_ctype@h         8003302400000001     deflate.obj
 0005:00000025       __149DB6BE_basetsd@h       8003302500000001     deflate.obj
 0005:00000026       __9CFFAB73_corecrt_memcpy_s@h 8003302600000001     deflate.obj
 0005:00000027       __55B7CB8D_corecrt_wstring@h 8003302700000001     deflate.obj
 0005:00000028       __2F7506B6_string@h        8003302800000001     deflate.obj
 0005:00000029       __5BA8817F_winnt@h         8003302900000001     deflate.obj
 0005:0000002a       __8421AFE7_processthreadsapi@h 8003302a00000001     deflate.obj
 0005:0000002b       __F192E00B_memoryapi@h     8003302b00000001     deflate.obj
 0005:0000002c       __0DF854E2_winerror@h      8003302c00000001     deflate.obj
 0005:0000002d       __940BF1C4_winbase@h       8003302d00000001     deflate.obj
 0005:0000002e       __78A3E64A_stralign@h      8003302e00000001     deflate.obj
 0005:0000002f       __E6E9AA63_deflate@c       8003302f00000001     deflate.obj
 0005:00000030       __DB664BEB_corecrt_stdio_config@h 8003303000000001     gzclose.obj
 0005:00000031       __E28BBA23_corecrt_wstdio@h 8003303100000001     gzclose.obj
 0005:00000032       __4A1C29A8_stdio@h         8003303200000001     gzclose.obj
 0005:00000033       __95347B96_ctype@h         8003303300000001     gzclose.obj
 0005:00000034       __149DB6BE_basetsd@h       8003303400000001     gzclose.obj
 0005:00000035       __9CFFAB73_corecrt_memcpy_s@h 8003303500000001     gzclose.obj
 0005:00000036       __55B7CB8D_corecrt_wstring@h 8003303600000001     gzclose.obj
 0005:00000037       __2F7506B6_string@h        8003303700000001     gzclose.obj
 0005:00000038       __5BA8817F_winnt@h         8003303800000001     gzclose.obj
 0005:00000039       __8421AFE7_processthreadsapi@h 8003303900000001     gzclose.obj
 0005:0000003a       __F192E00B_memoryapi@h     8003303a00000001     gzclose.obj
 0005:0000003b       __0DF854E2_winerror@h      8003303b00000001     gzclose.obj
 0005:0000003c       __940BF1C4_winbase@h       8003303c00000001     gzclose.obj
 0005:0000003d       __78A3E64A_stralign@h      8003303d00000001     gzclose.obj
 0005:0000003e       __0A201C5E_gzclose@c       8003303e00000001     gzclose.obj
 0005:0000003f       __DB664BEB_corecrt_stdio_config@h 8003303f00000001     gzlib.obj
 0005:00000040       __E28BBA23_corecrt_wstdio@h 8003304000000001     gzlib.obj
 0005:00000041       __4A1C29A8_stdio@h         8003304100000001     gzlib.obj
 0005:00000042       __95347B96_ctype@h         8003304200000001     gzlib.obj
 0005:00000043       __149DB6BE_basetsd@h       8003304300000001     gzlib.obj
 0005:00000044       __9CFFAB73_corecrt_memcpy_s@h 8003304400000001     gzlib.obj
 0005:00000045       __55B7CB8D_corecrt_wstring@h 8003304500000001     gzlib.obj
 0005:00000046       __2F7506B6_string@h        8003304600000001     gzlib.obj
 0005:00000047       __5BA8817F_winnt@h         8003304700000001     gzlib.obj
 0005:00000048       __8421AFE7_processthreadsapi@h 8003304800000001     gzlib.obj
 0005:00000049       __F192E00B_memoryapi@h     8003304900000001     gzlib.obj
 0005:0000004a       __0DF854E2_winerror@h      8003304a00000001     gzlib.obj
 0005:0000004b       __940BF1C4_winbase@h       8003304b00000001     gzlib.obj
 0005:0000004c       __78A3E64A_stralign@h      8003304c00000001     gzlib.obj
 0005:0000004d       __86DC2CC7_gzlib@c         8003304d00000001     gzlib.obj
 0005:0000004e       __DB664BEB_corecrt_stdio_config@h 8003304e00000001     gzread.obj
 0005:0000004f       __E28BBA23_corecrt_wstdio@h 8003304f00000001     gzread.obj
 0005:00000050       __4A1C29A8_stdio@h         8003305000000001     gzread.obj
 0005:00000051       __95347B96_ctype@h         8003305100000001     gzread.obj
 0005:00000052       __149DB6BE_basetsd@h       8003305200000001     gzread.obj
 0005:00000053       __9CFFAB73_corecrt_memcpy_s@h 8003305300000001     gzread.obj
 0005:00000054       __55B7CB8D_corecrt_wstring@h 8003305400000001     gzread.obj
 0005:00000055       __2F7506B6_string@h        8003305500000001     gzread.obj
 0005:00000056       __5BA8817F_winnt@h         8003305600000001     gzread.obj
 0005:00000057       __8421AFE7_processthreadsapi@h 8003305700000001     gzread.obj
 0005:00000058       __F192E00B_memoryapi@h     8003305800000001     gzread.obj
 0005:00000059       __0DF854E2_winerror@h      8003305900000001     gzread.obj
 0005:0000005a       __940BF1C4_winbase@h       8003305a00000001     gzread.obj
 0005:0000005b       __78A3E64A_stralign@h      8003305b00000001     gzread.obj
 0005:0000005c       __077EA387_gzread@c        8003305c00000001     gzread.obj
 0005:0000005d       __DB664BEB_corecrt_stdio_config@h 8003305d00000001     gzwrite.obj
 0005:0000005e       __E28BBA23_corecrt_wstdio@h 8003305e00000001     gzwrite.obj
 0005:0000005f       __4A1C29A8_stdio@h         8003305f00000001     gzwrite.obj
 0005:00000060       __95347B96_ctype@h         8003306000000001     gzwrite.obj
 0005:00000061       __149DB6BE_basetsd@h       8003306100000001     gzwrite.obj
 0005:00000062       __9CFFAB73_corecrt_memcpy_s@h 8003306200000001     gzwrite.obj
 0005:00000063       __55B7CB8D_corecrt_wstring@h 8003306300000001     gzwrite.obj
 0005:00000064       __2F7506B6_string@h        8003306400000001     gzwrite.obj
 0005:00000065       __5BA8817F_winnt@h         8003306500000001     gzwrite.obj
 0005:00000066       __8421AFE7_processthreadsapi@h 8003306600000001     gzwrite.obj
 0005:00000067       __F192E00B_memoryapi@h     8003306700000001     gzwrite.obj
 0005:00000068       __0DF854E2_winerror@h      8003306800000001     gzwrite.obj
 0005:00000069       __940BF1C4_winbase@h       8003306900000001     gzwrite.obj
 0005:0000006a       __78A3E64A_stralign@h      8003306a00000001     gzwrite.obj
 0005:0000006b       __B2FA0A71_gzwrite@c       8003306b00000001     gzwrite.obj
 0005:0000006c       __95347B96_ctype@h         8003306c00000001     infback.obj
 0005:0000006d       __149DB6BE_basetsd@h       8003306d00000001     infback.obj
 0005:0000006e       __9CFFAB73_corecrt_memcpy_s@h 8003306e00000001     infback.obj
 0005:0000006f       __55B7CB8D_corecrt_wstring@h 8003306f00000001     infback.obj
 0005:00000070       __2F7506B6_string@h        8003307000000001     infback.obj
 0005:00000071       __5BA8817F_winnt@h         8003307100000001     infback.obj
 0005:00000072       __8421AFE7_processthreadsapi@h 8003307200000001     infback.obj
 0005:00000073       __F192E00B_memoryapi@h     8003307300000001     infback.obj
 0005:00000074       __0DF854E2_winerror@h      8003307400000001     infback.obj
 0005:00000075       __940BF1C4_winbase@h       8003307500000001     infback.obj
 0005:00000076       __78A3E64A_stralign@h      8003307600000001     infback.obj
 0005:00000077       __55962C33_inffixed@h      8003307700000001     infback.obj
 0005:00000078       __B796723E_infback@c       8003307800000001     infback.obj
 0005:00000079       __DB664BEB_corecrt_stdio_config@h 8003307900000001     inffas8664.obj
 0005:0000007a       __E28BBA23_corecrt_wstdio@h 8003307a00000001     inffas8664.obj
 0005:0000007b       __4A1C29A8_stdio@h         8003307b00000001     inffas8664.obj
 0005:0000007c       __95347B96_ctype@h         8003307c00000001     inffas8664.obj
 0005:0000007d       __149DB6BE_basetsd@h       8003307d00000001     inffas8664.obj
 0005:0000007e       __9CFFAB73_corecrt_memcpy_s@h 8003307e00000001     inffas8664.obj
 0005:0000007f       __55B7CB8D_corecrt_wstring@h 8003307f00000001     inffas8664.obj
 0005:00000080       __2F7506B6_string@h        8003308000000001     inffas8664.obj
 0005:00000081       __5BA8817F_winnt@h         8003308100000001     inffas8664.obj
 0005:00000082       __8421AFE7_processthreadsapi@h 8003308200000001     inffas8664.obj
 0005:00000083       __F192E00B_memoryapi@h     8003308300000001     inffas8664.obj
 0005:00000084       __0DF854E2_winerror@h      8003308400000001     inffas8664.obj
 0005:00000085       __940BF1C4_winbase@h       8003308500000001     inffas8664.obj
 0005:00000086       __78A3E64A_stralign@h      8003308600000001     inffas8664.obj
 0005:00000087       __77E8E7A8_inffas8664@c    8003308700000001     inffas8664.obj
 0005:00000088       __95347B96_ctype@h         8003308800000001     inffast.obj
 0005:00000089       __149DB6BE_basetsd@h       8003308900000001     inffast.obj
 0005:0000008a       __9CFFAB73_corecrt_memcpy_s@h 8003308a00000001     inffast.obj
 0005:0000008b       __55B7CB8D_corecrt_wstring@h 8003308b00000001     inffast.obj
 0005:0000008c       __2F7506B6_string@h        8003308c00000001     inffast.obj
 0005:0000008d       __5BA8817F_winnt@h         8003308d00000001     inffast.obj
 0005:0000008e       __8421AFE7_processthreadsapi@h 8003308e00000001     inffast.obj
 0005:0000008f       __F192E00B_memoryapi@h     8003308f00000001     inffast.obj
 0005:00000090       __0DF854E2_winerror@h      8003309000000001     inffast.obj
 0005:00000091       __940BF1C4_winbase@h       8003309100000001     inffast.obj
 0005:00000092       __78A3E64A_stralign@h      8003309200000001     inffast.obj
 0005:00000093       __95347B96_ctype@h         8003309300000001     inflate.obj
 0005:00000094       __149DB6BE_basetsd@h       8003309400000001     inflate.obj
 0005:00000095       __9CFFAB73_corecrt_memcpy_s@h 8003309500000001     inflate.obj
 0005:00000096       __55B7CB8D_corecrt_wstring@h 8003309600000001     inflate.obj
 0005:00000097       __2F7506B6_string@h        8003309700000001     inflate.obj
 0005:00000098       __5BA8817F_winnt@h         8003309800000001     inflate.obj
 0005:00000099       __8421AFE7_processthreadsapi@h 8003309900000001     inflate.obj
 0005:0000009a       __F192E00B_memoryapi@h     8003309a00000001     inflate.obj
 0005:0000009b       __0DF854E2_winerror@h      8003309b00000001     inflate.obj
 0005:0000009c       __940BF1C4_winbase@h       8003309c00000001     inflate.obj
 0005:0000009d       __78A3E64A_stralign@h      8003309d00000001     inflate.obj
 0005:0000009e       __55962C33_inffixed@h      8003309e00000001     inflate.obj
 0005:0000009f       __4ACC5162_inflate@c       8003309f00000001     inflate.obj
 0005:000000a0       __95347B96_ctype@h         800330a000000001     inftrees.obj
 0005:000000a1       __149DB6BE_basetsd@h       800330a100000001     inftrees.obj
 0005:000000a2       __9CFFAB73_corecrt_memcpy_s@h 800330a200000001     inftrees.obj
 0005:000000a3       __55B7CB8D_corecrt_wstring@h 800330a300000001     inftrees.obj
 0005:000000a4       __2F7506B6_string@h        800330a400000001     inftrees.obj
 0005:000000a5       __5BA8817F_winnt@h         800330a500000001     inftrees.obj
 0005:000000a6       __8421AFE7_processthreadsapi@h 800330a600000001     inftrees.obj
 0005:000000a7       __F192E00B_memoryapi@h     800330a700000001     inftrees.obj
 0005:000000a8       __0DF854E2_winerror@h      800330a800000001     inftrees.obj
 0005:000000a9       __940BF1C4_winbase@h       800330a900000001     inftrees.obj
 0005:000000aa       __78A3E64A_stralign@h      800330aa00000001     inftrees.obj
 0005:000000ab       __DA0D6CC2_inftrees@c      800330ab00000001     inftrees.obj
 0005:000000ac       __DB664BEB_corecrt_stdio_config@h 800330ac00000001     ioapi.obj
 0005:000000ad       __E28BBA23_corecrt_wstdio@h 800330ad00000001     ioapi.obj
 0005:000000ae       __4A1C29A8_stdio@h         800330ae00000001     ioapi.obj
 0005:000000af       __95347B96_ctype@h         800330af00000001     ioapi.obj
 0005:000000b0       __149DB6BE_basetsd@h       800330b000000001     ioapi.obj
 0005:000000b1       __9CFFAB73_corecrt_memcpy_s@h 800330b100000001     ioapi.obj
 0005:000000b2       __55B7CB8D_corecrt_wstring@h 800330b200000001     ioapi.obj
 0005:000000b3       __2F7506B6_string@h        800330b300000001     ioapi.obj
 0005:000000b4       __5BA8817F_winnt@h         800330b400000001     ioapi.obj
 0005:000000b5       __8421AFE7_processthreadsapi@h 800330b500000001     ioapi.obj
 0005:000000b6       __F192E00B_memoryapi@h     800330b600000001     ioapi.obj
 0005:000000b7       __0DF854E2_winerror@h      800330b700000001     ioapi.obj
 0005:000000b8       __940BF1C4_winbase@h       800330b800000001     ioapi.obj
 0005:000000b9       __78A3E64A_stralign@h      800330b900000001     ioapi.obj
 0005:000000ba       __925E5E46_ioapi@c         800330ba00000001     ioapi.obj
 0005:000000bb       __95347B96_ctype@h         800330bb00000001     iowin32.obj
 0005:000000bc       __149DB6BE_basetsd@h       800330bc00000001     iowin32.obj
 0005:000000bd       __9CFFAB73_corecrt_memcpy_s@h 800330bd00000001     iowin32.obj
 0005:000000be       __55B7CB8D_corecrt_wstring@h 800330be00000001     iowin32.obj
 0005:000000bf       __2F7506B6_string@h        800330bf00000001     iowin32.obj
 0005:000000c0       __5BA8817F_winnt@h         800330c000000001     iowin32.obj
 0005:000000c1       __8421AFE7_processthreadsapi@h 800330c100000001     iowin32.obj
 0005:000000c2       __F192E00B_memoryapi@h     800330c200000001     iowin32.obj
 0005:000000c3       __0DF854E2_winerror@h      800330c300000001     iowin32.obj
 0005:000000c4       __940BF1C4_winbase@h       800330c400000001     iowin32.obj
 0005:000000c5       __78A3E64A_stralign@h      800330c500000001     iowin32.obj
 0005:000000c6       __DB664BEB_corecrt_stdio_config@h 800330c600000001     iowin32.obj
 0005:000000c7       __E28BBA23_corecrt_wstdio@h 800330c700000001     iowin32.obj
 0005:000000c8       __4A1C29A8_stdio@h         800330c800000001     iowin32.obj
 0005:000000c9       __A8B6D292_iowin32@c       800330c900000001     iowin32.obj
 0005:000000ca       __95347B96_ctype@h         800330ca00000001     trees.obj
 0005:000000cb       __149DB6BE_basetsd@h       800330cb00000001     trees.obj
 0005:000000cc       __9CFFAB73_corecrt_memcpy_s@h 800330cc00000001     trees.obj
 0005:000000cd       __55B7CB8D_corecrt_wstring@h 800330cd00000001     trees.obj
 0005:000000ce       __2F7506B6_string@h        800330ce00000001     trees.obj
 0005:000000cf       __5BA8817F_winnt@h         800330cf00000001     trees.obj
 0005:000000d0       __8421AFE7_processthreadsapi@h 800330d000000001     trees.obj
 0005:000000d1       __F192E00B_memoryapi@h     800330d100000001     trees.obj
 0005:000000d2       __0DF854E2_winerror@h      800330d200000001     trees.obj
 0005:000000d3       __940BF1C4_winbase@h       800330d300000001     trees.obj
 0005:000000d4       __78A3E64A_stralign@h      800330d400000001     trees.obj
 0005:000000d5       __669B3C77_trees@c         800330d500000001     trees.obj
 0005:000000d6       __95347B96_ctype@h         800330d600000001     uncompr.obj
 0005:000000d7       __149DB6BE_basetsd@h       800330d700000001     uncompr.obj
 0005:000000d8       __9CFFAB73_corecrt_memcpy_s@h 800330d800000001     uncompr.obj
 0005:000000d9       __55B7CB8D_corecrt_wstring@h 800330d900000001     uncompr.obj
 0005:000000da       __2F7506B6_string@h        800330da00000001     uncompr.obj
 0005:000000db       __5BA8817F_winnt@h         800330db00000001     uncompr.obj
 0005:000000dc       __8421AFE7_processthreadsapi@h 800330dc00000001     uncompr.obj
 0005:000000dd       __F192E00B_memoryapi@h     800330dd00000001     uncompr.obj
 0005:000000de       __0DF854E2_winerror@h      800330de00000001     uncompr.obj
 0005:000000df       __940BF1C4_winbase@h       800330df00000001     uncompr.obj
 0005:000000e0       __78A3E64A_stralign@h      800330e000000001     uncompr.obj
 0005:000000e1       __876F72AD_uncompr@c       800330e100000001     uncompr.obj
 0005:000000e2       __DB664BEB_corecrt_stdio_config@h 800330e200000001     unzip.obj
 0005:000000e3       __E28BBA23_corecrt_wstdio@h 800330e300000001     unzip.obj
 0005:000000e4       __4A1C29A8_stdio@h         800330e400000001     unzip.obj
 0005:000000e5       __9CFFAB73_corecrt_memcpy_s@h 800330e500000001     unzip.obj
 0005:000000e6       __55B7CB8D_corecrt_wstring@h 800330e600000001     unzip.obj
 0005:000000e7       __2F7506B6_string@h        800330e700000001     unzip.obj
 0005:000000e8       __95347B96_ctype@h         800330e800000001     unzip.obj
 0005:000000e9       __149DB6BE_basetsd@h       800330e900000001     unzip.obj
 0005:000000ea       __5BA8817F_winnt@h         800330ea00000001     unzip.obj
 0005:000000eb       __8421AFE7_processthreadsapi@h 800330eb00000001     unzip.obj
 0005:000000ec       __F192E00B_memoryapi@h     800330ec00000001     unzip.obj
 0005:000000ed       __0DF854E2_winerror@h      800330ed00000001     unzip.obj
 0005:000000ee       __940BF1C4_winbase@h       800330ee00000001     unzip.obj
 0005:000000ef       __78A3E64A_stralign@h      800330ef00000001     unzip.obj
 0005:000000f0       __D0AA5D20_unzip@c         800330f000000001     unzip.obj
 0005:000000f1       __DB664BEB_corecrt_stdio_config@h 800330f100000001     zip.obj
 0005:000000f2       __E28BBA23_corecrt_wstdio@h 800330f200000001     zip.obj
 0005:000000f3       __4A1C29A8_stdio@h         800330f300000001     zip.obj
 0005:000000f4       __9CFFAB73_corecrt_memcpy_s@h 800330f400000001     zip.obj
 0005:000000f5       __55B7CB8D_corecrt_wstring@h 800330f500000001     zip.obj
 0005:000000f6       __2F7506B6_string@h        800330f600000001     zip.obj
 0005:000000f7       __B47A7825_corecrt_wtime@h 800330f700000001     zip.obj
 0005:000000f8       __4436A688_time@h          800330f800000001     zip.obj
 0005:000000f9       __95347B96_ctype@h         800330f900000001     zip.obj
 0005:000000fa       __149DB6BE_basetsd@h       800330fa00000001     zip.obj
 0005:000000fb       __5BA8817F_winnt@h         800330fb00000001     zip.obj
 0005:000000fc       __8421AFE7_processthreadsapi@h 800330fc00000001     zip.obj
 0005:000000fd       __F192E00B_memoryapi@h     800330fd00000001     zip.obj
 0005:000000fe       __0DF854E2_winerror@h      800330fe00000001     zip.obj
 0005:000000ff       __940BF1C4_winbase@h       800330ff00000001     zip.obj
 0005:00000100       __78A3E64A_stralign@h      8003310000000001     zip.obj
 0005:00000101       __5ADA25A5_crypt@h         8003310100000001     zip.obj
 0005:00000102       __D883BE7D_zip@c           8003310200000001     zip.obj
 0005:00000103       __95347B96_ctype@h         8003310300000001     zutil.obj
 0005:00000104       __149DB6BE_basetsd@h       8003310400000001     zutil.obj
 0005:00000105       __9CFFAB73_corecrt_memcpy_s@h 8003310500000001     zutil.obj
 0005:00000106       __55B7CB8D_corecrt_wstring@h 8003310600000001     zutil.obj
 0005:00000107       __2F7506B6_string@h        8003310700000001     zutil.obj
 0005:00000108       __5BA8817F_winnt@h         8003310800000001     zutil.obj
 0005:00000109       __8421AFE7_processthreadsapi@h 8003310900000001     zutil.obj
 0005:0000010a       __F192E00B_memoryapi@h     8003310a00000001     zutil.obj
 0005:0000010b       __0DF854E2_winerror@h      8003310b00000001     zutil.obj
 0005:0000010c       __940BF1C4_winbase@h       8003310c00000001     zutil.obj
 0005:0000010d       __78A3E64A_stralign@h      8003310d00000001     zutil.obj
 0005:0000010e       __DB664BEB_corecrt_stdio_config@h 8003310e00000001     zutil.obj
 0005:0000010f       __E28BBA23_corecrt_wstdio@h 8003310f00000001     zutil.obj
 0005:00000110       __4A1C29A8_stdio@h         8003311000000001     zutil.obj
 0005:00000111       __2B8D9255_zutil@c         8003311100000001     zutil.obj
 0006:00000060       $R000000                   8003406000000001     zlib.res
